Archive member included to satisfy reference by file (symbol)

c:/st/stm32cubeide_1.4.0/stm32cubeide/plugins/com.st.stm32cube.ide.mcu.externaltools.gnu-tools-for-stm32.7-2018-q2-update.win32_1.4.0.202007081208/tools/bin/../lib/gcc/arm-none-eabi/7.3.1/../../../../arm-none-eabi/lib/thumb/v7-m\libc_nano.a(lib_a-errno.o)
                              Src/syscalls.o (__errno)
c:/st/stm32cubeide_1.4.0/stm32cubeide/plugins/com.st.stm32cube.ide.mcu.externaltools.gnu-tools-for-stm32.7-2018-q2-update.win32_1.4.0.202007081208/tools/bin/../lib/gcc/arm-none-eabi/7.3.1/../../../../arm-none-eabi/lib/thumb/v7-m\libc_nano.a(lib_a-exit.o)
                              c:/st/stm32cubeide_1.4.0/stm32cubeide/plugins/com.st.stm32cube.ide.mcu.externaltools.gnu-tools-for-stm32.7-2018-q2-update.win32_1.4.0.202007081208/tools/bin/../lib/gcc/arm-none-eabi/7.3.1/../../../../arm-none-eabi/lib/thumb/v7-m/crt0.o (exit)
c:/st/stm32cubeide_1.4.0/stm32cubeide/plugins/com.st.stm32cube.ide.mcu.externaltools.gnu-tools-for-stm32.7-2018-q2-update.win32_1.4.0.202007081208/tools/bin/../lib/gcc/arm-none-eabi/7.3.1/../../../../arm-none-eabi/lib/thumb/v7-m\libc_nano.a(lib_a-impure.o)
                              c:/st/stm32cubeide_1.4.0/stm32cubeide/plugins/com.st.stm32cube.ide.mcu.externaltools.gnu-tools-for-stm32.7-2018-q2-update.win32_1.4.0.202007081208/tools/bin/../lib/gcc/arm-none-eabi/7.3.1/../../../../arm-none-eabi/lib/thumb/v7-m\libc_nano.a(lib_a-exit.o) (_global_impure_ptr)
c:/st/stm32cubeide_1.4.0/stm32cubeide/plugins/com.st.stm32cube.ide.mcu.externaltools.gnu-tools-for-stm32.7-2018-q2-update.win32_1.4.0.202007081208/tools/bin/../lib/gcc/arm-none-eabi/7.3.1/../../../../arm-none-eabi/lib/thumb/v7-m\libc_nano.a(lib_a-init.o)
                              c:/st/stm32cubeide_1.4.0/stm32cubeide/plugins/com.st.stm32cube.ide.mcu.externaltools.gnu-tools-for-stm32.7-2018-q2-update.win32_1.4.0.202007081208/tools/bin/../lib/gcc/arm-none-eabi/7.3.1/../../../../arm-none-eabi/lib/thumb/v7-m/crt0.o (__libc_init_array)
c:/st/stm32cubeide_1.4.0/stm32cubeide/plugins/com.st.stm32cube.ide.mcu.externaltools.gnu-tools-for-stm32.7-2018-q2-update.win32_1.4.0.202007081208/tools/bin/../lib/gcc/arm-none-eabi/7.3.1/../../../../arm-none-eabi/lib/thumb/v7-m\libc_nano.a(lib_a-memset.o)
                              c:/st/stm32cubeide_1.4.0/stm32cubeide/plugins/com.st.stm32cube.ide.mcu.externaltools.gnu-tools-for-stm32.7-2018-q2-update.win32_1.4.0.202007081208/tools/bin/../lib/gcc/arm-none-eabi/7.3.1/../../../../arm-none-eabi/lib/thumb/v7-m/crt0.o (memset)

Allocating common symbols
Common symbol       size              file

GP_IRQ_Callback     0x40              MCAL/EXTI/EXTI_Driver.o
BRR                 0x4               MCAL/UART/UART.o
pclk                0x4               MCAL/UART/UART.o
UARTGlobalCfg       0xc               MCAL/UART/UART.o

Discarded input sections

 .text          0x0000000000000000        0x0 c:/st/stm32cubeide_1.4.0/stm32cubeide/plugins/com.st.stm32cube.ide.mcu.externaltools.gnu-tools-for-stm32.7-2018-q2-update.win32_1.4.0.202007081208/tools/bin/../lib/gcc/arm-none-eabi/7.3.1/thumb/v7-m/crti.o
 .data          0x0000000000000000        0x0 c:/st/stm32cubeide_1.4.0/stm32cubeide/plugins/com.st.stm32cube.ide.mcu.externaltools.gnu-tools-for-stm32.7-2018-q2-update.win32_1.4.0.202007081208/tools/bin/../lib/gcc/arm-none-eabi/7.3.1/thumb/v7-m/crti.o
 .bss           0x0000000000000000        0x0 c:/st/stm32cubeide_1.4.0/stm32cubeide/plugins/com.st.stm32cube.ide.mcu.externaltools.gnu-tools-for-stm32.7-2018-q2-update.win32_1.4.0.202007081208/tools/bin/../lib/gcc/arm-none-eabi/7.3.1/thumb/v7-m/crti.o
 .data          0x0000000000000000        0x4 c:/st/stm32cubeide_1.4.0/stm32cubeide/plugins/com.st.stm32cube.ide.mcu.externaltools.gnu-tools-for-stm32.7-2018-q2-update.win32_1.4.0.202007081208/tools/bin/../lib/gcc/arm-none-eabi/7.3.1/thumb/v7-m/crtbegin.o
 .text          0x0000000000000000       0x74 c:/st/stm32cubeide_1.4.0/stm32cubeide/plugins/com.st.stm32cube.ide.mcu.externaltools.gnu-tools-for-stm32.7-2018-q2-update.win32_1.4.0.202007081208/tools/bin/../lib/gcc/arm-none-eabi/7.3.1/../../../../arm-none-eabi/lib/thumb/v7-m/crt0.o
 .data          0x0000000000000000        0x0 c:/st/stm32cubeide_1.4.0/stm32cubeide/plugins/com.st.stm32cube.ide.mcu.externaltools.gnu-tools-for-stm32.7-2018-q2-update.win32_1.4.0.202007081208/tools/bin/../lib/gcc/arm-none-eabi/7.3.1/../../../../arm-none-eabi/lib/thumb/v7-m/crt0.o
 .bss           0x0000000000000000        0x0 c:/st/stm32cubeide_1.4.0/stm32cubeide/plugins/com.st.stm32cube.ide.mcu.externaltools.gnu-tools-for-stm32.7-2018-q2-update.win32_1.4.0.202007081208/tools/bin/../lib/gcc/arm-none-eabi/7.3.1/../../../../arm-none-eabi/lib/thumb/v7-m/crt0.o
 .ARM.extab     0x0000000000000000        0x0 c:/st/stm32cubeide_1.4.0/stm32cubeide/plugins/com.st.stm32cube.ide.mcu.externaltools.gnu-tools-for-stm32.7-2018-q2-update.win32_1.4.0.202007081208/tools/bin/../lib/gcc/arm-none-eabi/7.3.1/../../../../arm-none-eabi/lib/thumb/v7-m/crt0.o
 .ARM.exidx     0x0000000000000000        0x8 c:/st/stm32cubeide_1.4.0/stm32cubeide/plugins/com.st.stm32cube.ide.mcu.externaltools.gnu-tools-for-stm32.7-2018-q2-update.win32_1.4.0.202007081208/tools/bin/../lib/gcc/arm-none-eabi/7.3.1/../../../../arm-none-eabi/lib/thumb/v7-m/crt0.o
 .ARM.attributes
                0x0000000000000000       0x1b c:/st/stm32cubeide_1.4.0/stm32cubeide/plugins/com.st.stm32cube.ide.mcu.externaltools.gnu-tools-for-stm32.7-2018-q2-update.win32_1.4.0.202007081208/tools/bin/../lib/gcc/arm-none-eabi/7.3.1/../../../../arm-none-eabi/lib/thumb/v7-m/crt0.o
 .group         0x0000000000000000        0xc MCAL/EXTI/EXTI_Driver.o
 .group         0x0000000000000000        0xc MCAL/EXTI/EXTI_Driver.o
 .group         0x0000000000000000        0xc MCAL/EXTI/EXTI_Driver.o
 .group         0x0000000000000000        0xc MCAL/EXTI/EXTI_Driver.o
 .group         0x0000000000000000        0xc MCAL/EXTI/EXTI_Driver.o
 .group         0x0000000000000000        0xc MCAL/EXTI/EXTI_Driver.o
 .group         0x0000000000000000        0xc MCAL/EXTI/EXTI_Driver.o
 .group         0x0000000000000000        0xc MCAL/EXTI/EXTI_Driver.o
 .group         0x0000000000000000        0xc MCAL/EXTI/EXTI_Driver.o
 .group         0x0000000000000000        0xc MCAL/EXTI/EXTI_Driver.o
 .group         0x0000000000000000        0xc MCAL/EXTI/EXTI_Driver.o
 .group         0x0000000000000000        0xc MCAL/EXTI/EXTI_Driver.o
 .group         0x0000000000000000        0xc MCAL/EXTI/EXTI_Driver.o
 .group         0x0000000000000000        0xc MCAL/EXTI/EXTI_Driver.o
 .group         0x0000000000000000        0xc MCAL/EXTI/EXTI_Driver.o
 .group         0x0000000000000000        0xc MCAL/EXTI/EXTI_Driver.o
 .group         0x0000000000000000        0xc MCAL/EXTI/EXTI_Driver.o
 .group         0x0000000000000000        0xc MCAL/EXTI/EXTI_Driver.o
 .group         0x0000000000000000        0xc MCAL/EXTI/EXTI_Driver.o
 .group         0x0000000000000000        0xc MCAL/EXTI/EXTI_Driver.o
 .group         0x0000000000000000        0xc MCAL/EXTI/EXTI_Driver.o
 .group         0x0000000000000000        0xc MCAL/EXTI/EXTI_Driver.o
 .group         0x0000000000000000        0xc MCAL/EXTI/EXTI_Driver.o
 .group         0x0000000000000000        0xc MCAL/EXTI/EXTI_Driver.o
 .group         0x0000000000000000        0xc MCAL/EXTI/EXTI_Driver.o
 .text          0x0000000000000000        0x0 MCAL/EXTI/EXTI_Driver.o
 .data          0x0000000000000000        0x0 MCAL/EXTI/EXTI_Driver.o
 .bss           0x0000000000000000        0x0 MCAL/EXTI/EXTI_Driver.o
 .text.Enable_NVIC
                0x0000000000000000       0xcc MCAL/EXTI/EXTI_Driver.o
 .text.Disable_NVIC
                0x0000000000000000       0xc8 MCAL/EXTI/EXTI_Driver.o
 .text.Update_EXTI
                0x0000000000000000      0x1d4 MCAL/EXTI/EXTI_Driver.o
 .text.MCAL_EXTI_GPIO_DeInit
                0x0000000000000000       0x94 MCAL/EXTI/EXTI_Driver.o
 .text.MCAL_EXTI_GPIO_Init
                0x0000000000000000       0x16 MCAL/EXTI/EXTI_Driver.o
 .text.MCAL_EXTI_GPIO_Update
                0x0000000000000000       0x16 MCAL/EXTI/EXTI_Driver.o
 .group         0x0000000000000000        0xc MCAL/GPIO/GPIO_Driver.o
 .group         0x0000000000000000        0xc MCAL/GPIO/GPIO_Driver.o
 .group         0x0000000000000000        0xc MCAL/GPIO/GPIO_Driver.o
 .group         0x0000000000000000        0xc MCAL/GPIO/GPIO_Driver.o
 .group         0x0000000000000000        0xc MCAL/GPIO/GPIO_Driver.o
 .group         0x0000000000000000        0xc MCAL/GPIO/GPIO_Driver.o
 .group         0x0000000000000000        0xc MCAL/GPIO/GPIO_Driver.o
 .group         0x0000000000000000        0xc MCAL/GPIO/GPIO_Driver.o
 .group         0x0000000000000000        0xc MCAL/GPIO/GPIO_Driver.o
 .group         0x0000000000000000        0xc MCAL/GPIO/GPIO_Driver.o
 .group         0x0000000000000000        0xc MCAL/GPIO/GPIO_Driver.o
 .group         0x0000000000000000        0xc MCAL/GPIO/GPIO_Driver.o
 .group         0x0000000000000000        0xc MCAL/GPIO/GPIO_Driver.o
 .group         0x0000000000000000        0xc MCAL/GPIO/GPIO_Driver.o
 .group         0x0000000000000000        0xc MCAL/GPIO/GPIO_Driver.o
 .group         0x0000000000000000        0xc MCAL/GPIO/GPIO_Driver.o
 .group         0x0000000000000000        0xc MCAL/GPIO/GPIO_Driver.o
 .group         0x0000000000000000        0xc MCAL/GPIO/GPIO_Driver.o
 .group         0x0000000000000000        0xc MCAL/GPIO/GPIO_Driver.o
 .group         0x0000000000000000        0xc MCAL/GPIO/GPIO_Driver.o
 .group         0x0000000000000000        0xc MCAL/GPIO/GPIO_Driver.o
 .group         0x0000000000000000        0xc MCAL/GPIO/GPIO_Driver.o
 .group         0x0000000000000000        0xc MCAL/GPIO/GPIO_Driver.o
 .group         0x0000000000000000        0xc MCAL/GPIO/GPIO_Driver.o
 .text          0x0000000000000000        0x0 MCAL/GPIO/GPIO_Driver.o
 .data          0x0000000000000000        0x0 MCAL/GPIO/GPIO_Driver.o
 .bss           0x0000000000000000        0x0 MCAL/GPIO/GPIO_Driver.o
 .text.getCRLHPinPos
                0x0000000000000000       0xc6 MCAL/GPIO/GPIO_Driver.o
 .text.MCAL_GPIO_Init
                0x0000000000000000      0x116 MCAL/GPIO/GPIO_Driver.o
 .text.MCAL_GPIO_DeInit
                0x0000000000000000       0xd4 MCAL/GPIO/GPIO_Driver.o
 .text.MCAL_GPIO_ReadPin
                0x0000000000000000       0x28 MCAL/GPIO/GPIO_Driver.o
 .text.MCAL_GPIO_ReadPort
                0x0000000000000000       0x18 MCAL/GPIO/GPIO_Driver.o
 .text.MCAL_GPIO_WritePin
                0x0000000000000000       0x3c MCAL/GPIO/GPIO_Driver.o
 .text.MCAL_GPIO_WritePort
                0x0000000000000000       0x1c MCAL/GPIO/GPIO_Driver.o
 .text.MCAL_GPIO_TogglePin
                0x0000000000000000       0x22 MCAL/GPIO/GPIO_Driver.o
 .text.MCAL_GPIO_LockPin
                0x0000000000000000       0x48 MCAL/GPIO/GPIO_Driver.o
 .text.wait     0x0000000000000000       0x38 MCAL/GPIO/GPIO_Driver.o
 .debug_info    0x0000000000000000      0xc4c MCAL/GPIO/GPIO_Driver.o
 .debug_abbrev  0x0000000000000000      0x232 MCAL/GPIO/GPIO_Driver.o
 .debug_aranges
                0x0000000000000000       0x68 MCAL/GPIO/GPIO_Driver.o
 .debug_ranges  0x0000000000000000       0x58 MCAL/GPIO/GPIO_Driver.o
 .debug_macro   0x0000000000000000      0x13f MCAL/GPIO/GPIO_Driver.o
 .debug_macro   0x0000000000000000      0xa60 MCAL/GPIO/GPIO_Driver.o
 .debug_macro   0x0000000000000000       0x18 MCAL/GPIO/GPIO_Driver.o
 .debug_macro   0x0000000000000000       0x22 MCAL/GPIO/GPIO_Driver.o
 .debug_macro   0x0000000000000000       0x40 MCAL/GPIO/GPIO_Driver.o
 .debug_macro   0x0000000000000000       0x94 MCAL/GPIO/GPIO_Driver.o
 .debug_macro   0x0000000000000000       0x3c MCAL/GPIO/GPIO_Driver.o
 .debug_macro   0x0000000000000000       0x34 MCAL/GPIO/GPIO_Driver.o
 .debug_macro   0x0000000000000000       0x16 MCAL/GPIO/GPIO_Driver.o
 .debug_macro   0x0000000000000000      0x10e MCAL/GPIO/GPIO_Driver.o
 .debug_macro   0x0000000000000000       0x8d MCAL/GPIO/GPIO_Driver.o
 .debug_macro   0x0000000000000000       0x57 MCAL/GPIO/GPIO_Driver.o
 .debug_macro   0x0000000000000000       0x52 MCAL/GPIO/GPIO_Driver.o
 .debug_macro   0x0000000000000000       0x1f MCAL/GPIO/GPIO_Driver.o
 .debug_macro   0x0000000000000000       0x43 MCAL/GPIO/GPIO_Driver.o
 .debug_macro   0x0000000000000000       0x20 MCAL/GPIO/GPIO_Driver.o
 .debug_macro   0x0000000000000000      0x1a3 MCAL/GPIO/GPIO_Driver.o
 .debug_macro   0x0000000000000000      0x330 MCAL/GPIO/GPIO_Driver.o
 .debug_macro   0x0000000000000000       0x16 MCAL/GPIO/GPIO_Driver.o
 .debug_macro   0x0000000000000000       0x29 MCAL/GPIO/GPIO_Driver.o
 .debug_macro   0x0000000000000000       0xef MCAL/GPIO/GPIO_Driver.o
 .debug_macro   0x0000000000000000       0x6a MCAL/GPIO/GPIO_Driver.o
 .debug_macro   0x0000000000000000      0x1df MCAL/GPIO/GPIO_Driver.o
 .debug_macro   0x0000000000000000      0x344 MCAL/GPIO/GPIO_Driver.o
 .debug_macro   0x0000000000000000       0xd6 MCAL/GPIO/GPIO_Driver.o
 .debug_line    0x0000000000000000      0x63e MCAL/GPIO/GPIO_Driver.o
 .debug_str     0x0000000000000000     0x8654 MCAL/GPIO/GPIO_Driver.o
 .comment       0x0000000000000000       0x7c MCAL/GPIO/GPIO_Driver.o
 .debug_frame   0x0000000000000000      0x1a0 MCAL/GPIO/GPIO_Driver.o
 .ARM.attributes
                0x0000000000000000       0x33 MCAL/GPIO/GPIO_Driver.o
 .group         0x0000000000000000        0xc MCAL/RCC/RCC.o
 .group         0x0000000000000000        0xc MCAL/RCC/RCC.o
 .group         0x0000000000000000        0xc MCAL/RCC/RCC.o
 .group         0x0000000000000000        0xc MCAL/RCC/RCC.o
 .group         0x0000000000000000        0xc MCAL/RCC/RCC.o
 .group         0x0000000000000000        0xc MCAL/RCC/RCC.o
 .group         0x0000000000000000        0xc MCAL/RCC/RCC.o
 .group         0x0000000000000000        0xc MCAL/RCC/RCC.o
 .group         0x0000000000000000        0xc MCAL/RCC/RCC.o
 .group         0x0000000000000000        0xc MCAL/RCC/RCC.o
 .group         0x0000000000000000        0xc MCAL/RCC/RCC.o
 .group         0x0000000000000000        0xc MCAL/RCC/RCC.o
 .group         0x0000000000000000        0xc MCAL/RCC/RCC.o
 .group         0x0000000000000000        0xc MCAL/RCC/RCC.o
 .group         0x0000000000000000        0xc MCAL/RCC/RCC.o
 .group         0x0000000000000000        0xc MCAL/RCC/RCC.o
 .group         0x0000000000000000        0xc MCAL/RCC/RCC.o
 .group         0x0000000000000000        0xc MCAL/RCC/RCC.o
 .group         0x0000000000000000        0xc MCAL/RCC/RCC.o
 .group         0x0000000000000000        0xc MCAL/RCC/RCC.o
 .group         0x0000000000000000        0xc MCAL/RCC/RCC.o
 .group         0x0000000000000000        0xc MCAL/RCC/RCC.o
 .group         0x0000000000000000        0xc MCAL/RCC/RCC.o
 .group         0x0000000000000000        0xc MCAL/RCC/RCC.o
 .group         0x0000000000000000        0xc MCAL/RCC/RCC.o
 .text          0x0000000000000000        0x0 MCAL/RCC/RCC.o
 .data          0x0000000000000000        0x0 MCAL/RCC/RCC.o
 .bss           0x0000000000000000        0x0 MCAL/RCC/RCC.o
 .rodata.APBPreSCTable
                0x0000000000000000        0x8 MCAL/RCC/RCC.o
 .rodata.AHBPreSCTable
                0x0000000000000000       0x11 MCAL/RCC/RCC.o
 .text.MCAL_RCC_GET_SYS_CLKFreq
                0x0000000000000000       0x44 MCAL/RCC/RCC.o
 .text.MCAL_RCC_GET_HCLKFreq
                0x0000000000000000       0x28 MCAL/RCC/RCC.o
 .text.MCAL_RCC_GET_PCLK1Freq
                0x0000000000000000       0x28 MCAL/RCC/RCC.o
 .text.MCAL_RCC_GET_PCLK2Freq
                0x0000000000000000       0x28 MCAL/RCC/RCC.o
 .debug_info    0x0000000000000000      0xa0d MCAL/RCC/RCC.o
 .debug_abbrev  0x0000000000000000      0x1a8 MCAL/RCC/RCC.o
 .debug_aranges
                0x0000000000000000       0x38 MCAL/RCC/RCC.o
 .debug_ranges  0x0000000000000000       0x28 MCAL/RCC/RCC.o
 .debug_macro   0x0000000000000000      0x148 MCAL/RCC/RCC.o
 .debug_macro   0x0000000000000000      0xa60 MCAL/RCC/RCC.o
 .debug_macro   0x0000000000000000       0x18 MCAL/RCC/RCC.o
 .debug_macro   0x0000000000000000       0x22 MCAL/RCC/RCC.o
 .debug_macro   0x0000000000000000       0x40 MCAL/RCC/RCC.o
 .debug_macro   0x0000000000000000       0x94 MCAL/RCC/RCC.o
 .debug_macro   0x0000000000000000       0x3c MCAL/RCC/RCC.o
 .debug_macro   0x0000000000000000       0x34 MCAL/RCC/RCC.o
 .debug_macro   0x0000000000000000       0x16 MCAL/RCC/RCC.o
 .debug_macro   0x0000000000000000      0x10e MCAL/RCC/RCC.o
 .debug_macro   0x0000000000000000       0x8d MCAL/RCC/RCC.o
 .debug_macro   0x0000000000000000       0x57 MCAL/RCC/RCC.o
 .debug_macro   0x0000000000000000       0x52 MCAL/RCC/RCC.o
 .debug_macro   0x0000000000000000       0x1f MCAL/RCC/RCC.o
 .debug_macro   0x0000000000000000       0x43 MCAL/RCC/RCC.o
 .debug_macro   0x0000000000000000       0x20 MCAL/RCC/RCC.o
 .debug_macro   0x0000000000000000      0x1a3 MCAL/RCC/RCC.o
 .debug_macro   0x0000000000000000      0x330 MCAL/RCC/RCC.o
 .debug_macro   0x0000000000000000       0x16 MCAL/RCC/RCC.o
 .debug_macro   0x0000000000000000       0x29 MCAL/RCC/RCC.o
 .debug_macro   0x0000000000000000       0xef MCAL/RCC/RCC.o
 .debug_macro   0x0000000000000000       0x6a MCAL/RCC/RCC.o
 .debug_macro   0x0000000000000000      0x1df MCAL/RCC/RCC.o
 .debug_macro   0x0000000000000000      0x344 MCAL/RCC/RCC.o
 .debug_macro   0x0000000000000000       0xdc MCAL/RCC/RCC.o
 .debug_macro   0x0000000000000000       0x10 MCAL/RCC/RCC.o
 .debug_line    0x0000000000000000      0x581 MCAL/RCC/RCC.o
 .debug_str     0x0000000000000000     0x85c3 MCAL/RCC/RCC.o
 .comment       0x0000000000000000       0x7c MCAL/RCC/RCC.o
 .debug_frame   0x0000000000000000       0x84 MCAL/RCC/RCC.o
 .ARM.attributes
                0x0000000000000000       0x33 MCAL/RCC/RCC.o
 .group         0x0000000000000000        0xc MCAL/TIM/TIM.o
 .group         0x0000000000000000        0xc MCAL/TIM/TIM.o
 .group         0x0000000000000000        0xc MCAL/TIM/TIM.o
 .group         0x0000000000000000        0xc MCAL/TIM/TIM.o
 .group         0x0000000000000000        0xc MCAL/TIM/TIM.o
 .group         0x0000000000000000        0xc MCAL/TIM/TIM.o
 .group         0x0000000000000000        0xc MCAL/TIM/TIM.o
 .group         0x0000000000000000        0xc MCAL/TIM/TIM.o
 .group         0x0000000000000000        0xc MCAL/TIM/TIM.o
 .group         0x0000000000000000        0xc MCAL/TIM/TIM.o
 .group         0x0000000000000000        0xc MCAL/TIM/TIM.o
 .group         0x0000000000000000        0xc MCAL/TIM/TIM.o
 .group         0x0000000000000000        0xc MCAL/TIM/TIM.o
 .group         0x0000000000000000        0xc MCAL/TIM/TIM.o
 .group         0x0000000000000000        0xc MCAL/TIM/TIM.o
 .group         0x0000000000000000        0xc MCAL/TIM/TIM.o
 .group         0x0000000000000000        0xc MCAL/TIM/TIM.o
 .group         0x0000000000000000        0xc MCAL/TIM/TIM.o
 .group         0x0000000000000000        0xc MCAL/TIM/TIM.o
 .group         0x0000000000000000        0xc MCAL/TIM/TIM.o
 .group         0x0000000000000000        0xc MCAL/TIM/TIM.o
 .group         0x0000000000000000        0xc MCAL/TIM/TIM.o
 .group         0x0000000000000000        0xc MCAL/TIM/TIM.o
 .group         0x0000000000000000        0xc MCAL/TIM/TIM.o
 .group         0x0000000000000000        0xc MCAL/TIM/TIM.o
 .text          0x0000000000000000        0x0 MCAL/TIM/TIM.o
 .data          0x0000000000000000        0x0 MCAL/TIM/TIM.o
 .bss           0x0000000000000000        0x0 MCAL/TIM/TIM.o
 .bss.timerTicksTIM4
                0x0000000000000000        0x2 MCAL/TIM/TIM.o
 .bss.timerTicksTIM3
                0x0000000000000000        0x2 MCAL/TIM/TIM.o
 .bss.timerTicksTIM1
                0x0000000000000000        0x2 MCAL/TIM/TIM.o
 .bss.xMicros   0x0000000000000000        0x8 MCAL/TIM/TIM.o
 .text.counts_time
                0x0000000000000000       0xc4 MCAL/TIM/TIM.o
 .text.delay    0x0000000000000000      0x160 MCAL/TIM/TIM.o
 .text.timeCalc
                0x0000000000000000       0xe8 MCAL/TIM/TIM.o
 .text.TIM1CalcMicrosInit
                0x0000000000000000       0x7c MCAL/TIM/TIM.o
 .text.TIM1CalcMicros
                0x0000000000000000       0x68 MCAL/TIM/TIM.o
 .debug_macro   0x0000000000000000      0xa60 MCAL/TIM/TIM.o
 .debug_macro   0x0000000000000000       0x18 MCAL/TIM/TIM.o
 .debug_macro   0x0000000000000000       0x22 MCAL/TIM/TIM.o
 .debug_macro   0x0000000000000000       0x40 MCAL/TIM/TIM.o
 .debug_macro   0x0000000000000000       0x94 MCAL/TIM/TIM.o
 .debug_macro   0x0000000000000000       0x3c MCAL/TIM/TIM.o
 .debug_macro   0x0000000000000000       0x34 MCAL/TIM/TIM.o
 .debug_macro   0x0000000000000000       0x16 MCAL/TIM/TIM.o
 .debug_macro   0x0000000000000000      0x10e MCAL/TIM/TIM.o
 .debug_macro   0x0000000000000000       0x8d MCAL/TIM/TIM.o
 .debug_macro   0x0000000000000000       0x57 MCAL/TIM/TIM.o
 .debug_macro   0x0000000000000000       0x52 MCAL/TIM/TIM.o
 .debug_macro   0x0000000000000000       0x1f MCAL/TIM/TIM.o
 .debug_macro   0x0000000000000000       0x43 MCAL/TIM/TIM.o
 .debug_macro   0x0000000000000000       0x20 MCAL/TIM/TIM.o
 .debug_macro   0x0000000000000000      0x1a3 MCAL/TIM/TIM.o
 .debug_macro   0x0000000000000000      0x330 MCAL/TIM/TIM.o
 .debug_macro   0x0000000000000000       0x16 MCAL/TIM/TIM.o
 .debug_macro   0x0000000000000000       0x29 MCAL/TIM/TIM.o
 .debug_macro   0x0000000000000000       0xef MCAL/TIM/TIM.o
 .debug_macro   0x0000000000000000       0x6a MCAL/TIM/TIM.o
 .debug_macro   0x0000000000000000      0x1df MCAL/TIM/TIM.o
 .debug_macro   0x0000000000000000      0x344 MCAL/TIM/TIM.o
 .debug_macro   0x0000000000000000       0xdc MCAL/TIM/TIM.o
 .group         0x0000000000000000        0xc MCAL/UART/UART.o
 .group         0x0000000000000000        0xc MCAL/UART/UART.o
 .group         0x0000000000000000        0xc MCAL/UART/UART.o
 .group         0x0000000000000000        0xc MCAL/UART/UART.o
 .group         0x0000000000000000        0xc MCAL/UART/UART.o
 .group         0x0000000000000000        0xc MCAL/UART/UART.o
 .group         0x0000000000000000        0xc MCAL/UART/UART.o
 .group         0x0000000000000000        0xc MCAL/UART/UART.o
 .group         0x0000000000000000        0xc MCAL/UART/UART.o
 .group         0x0000000000000000        0xc MCAL/UART/UART.o
 .group         0x0000000000000000        0xc MCAL/UART/UART.o
 .group         0x0000000000000000        0xc MCAL/UART/UART.o
 .group         0x0000000000000000        0xc MCAL/UART/UART.o
 .group         0x0000000000000000        0xc MCAL/UART/UART.o
 .group         0x0000000000000000        0xc MCAL/UART/UART.o
 .group         0x0000000000000000        0xc MCAL/UART/UART.o
 .group         0x0000000000000000        0xc MCAL/UART/UART.o
 .group         0x0000000000000000        0xc MCAL/UART/UART.o
 .group         0x0000000000000000        0xc MCAL/UART/UART.o
 .group         0x0000000000000000        0xc MCAL/UART/UART.o
 .group         0x0000000000000000        0xc MCAL/UART/UART.o
 .group         0x0000000000000000        0xc MCAL/UART/UART.o
 .group         0x0000000000000000        0xc MCAL/UART/UART.o
 .group         0x0000000000000000        0xc MCAL/UART/UART.o
 .group         0x0000000000000000        0xc MCAL/UART/UART.o
 .group         0x0000000000000000        0xc MCAL/UART/UART.o
 .text          0x0000000000000000        0x0 MCAL/UART/UART.o
 .data          0x0000000000000000        0x0 MCAL/UART/UART.o
 .bss           0x0000000000000000        0x0 MCAL/UART/UART.o
 .text.MCAL_UART_Init
                0x0000000000000000      0x1a8 MCAL/UART/UART.o
 .text.MCAL_UART_DeInit
                0x0000000000000000       0x8c MCAL/UART/UART.o
 .text.MCAL_UART_SendData
                0x0000000000000000       0xc0 MCAL/UART/UART.o
 .text.MCAL_UART_Wait_TC
                0x0000000000000000       0x20 MCAL/UART/UART.o
 .text.MCAL_UART_ReceiveData
                0x0000000000000000       0xb0 MCAL/UART/UART.o
 .text.MCAL_UART_GPIO_SetPins
                0x0000000000000000       0xcc MCAL/UART/UART.o
 .debug_macro   0x0000000000000000      0xa60 MCAL/UART/UART.o
 .debug_macro   0x0000000000000000       0x18 MCAL/UART/UART.o
 .debug_macro   0x0000000000000000       0x22 MCAL/UART/UART.o
 .debug_macro   0x0000000000000000       0x40 MCAL/UART/UART.o
 .debug_macro   0x0000000000000000       0x94 MCAL/UART/UART.o
 .debug_macro   0x0000000000000000       0x3c MCAL/UART/UART.o
 .debug_macro   0x0000000000000000       0x34 MCAL/UART/UART.o
 .debug_macro   0x0000000000000000       0x16 MCAL/UART/UART.o
 .debug_macro   0x0000000000000000      0x10e MCAL/UART/UART.o
 .debug_macro   0x0000000000000000       0x8d MCAL/UART/UART.o
 .debug_macro   0x0000000000000000       0x57 MCAL/UART/UART.o
 .debug_macro   0x0000000000000000       0x52 MCAL/UART/UART.o
 .debug_macro   0x0000000000000000       0x1f MCAL/UART/UART.o
 .debug_macro   0x0000000000000000       0x43 MCAL/UART/UART.o
 .debug_macro   0x0000000000000000       0x20 MCAL/UART/UART.o
 .debug_macro   0x0000000000000000      0x1a3 MCAL/UART/UART.o
 .debug_macro   0x0000000000000000      0x330 MCAL/UART/UART.o
 .debug_macro   0x0000000000000000       0x16 MCAL/UART/UART.o
 .debug_macro   0x0000000000000000       0x29 MCAL/UART/UART.o
 .debug_macro   0x0000000000000000       0xef MCAL/UART/UART.o
 .debug_macro   0x0000000000000000       0x6a MCAL/UART/UART.o
 .debug_macro   0x0000000000000000      0x1df MCAL/UART/UART.o
 .debug_macro   0x0000000000000000      0x344 MCAL/UART/UART.o
 .debug_macro   0x0000000000000000       0xdc MCAL/UART/UART.o
 .group         0x0000000000000000        0xc Src/main.o
 .group         0x0000000000000000        0xc Src/main.o
 .group         0x0000000000000000        0xc Src/main.o
 .group         0x0000000000000000        0xc Src/main.o
 .group         0x0000000000000000        0xc Src/main.o
 .group         0x0000000000000000        0xc Src/main.o
 .group         0x0000000000000000        0xc Src/main.o
 .group         0x0000000000000000        0xc Src/main.o
 .group         0x0000000000000000        0xc Src/main.o
 .group         0x0000000000000000        0xc Src/main.o
 .group         0x0000000000000000        0xc Src/main.o
 .group         0x0000000000000000        0xc Src/main.o
 .group         0x0000000000000000        0xc Src/main.o
 .group         0x0000000000000000        0xc Src/main.o
 .group         0x0000000000000000        0xc Src/main.o
 .group         0x0000000000000000        0xc Src/main.o
 .group         0x0000000000000000        0xc Src/main.o
 .group         0x0000000000000000        0xc Src/main.o
 .group         0x0000000000000000        0xc Src/main.o
 .group         0x0000000000000000        0xc Src/main.o
 .group         0x0000000000000000        0xc Src/main.o
 .group         0x0000000000000000        0xc Src/main.o
 .group         0x0000000000000000        0xc Src/main.o
 .group         0x0000000000000000        0xc Src/main.o
 .group         0x0000000000000000        0xc Src/main.o
 .group         0x0000000000000000        0xc Src/main.o
 .group         0x0000000000000000        0xc Src/main.o
 .group         0x0000000000000000        0xc Src/main.o
 .text          0x0000000000000000        0x0 Src/main.o
 .data          0x0000000000000000        0x0 Src/main.o
 .bss           0x0000000000000000        0x0 Src/main.o
 .debug_macro   0x0000000000000000      0xa60 Src/main.o
 .debug_macro   0x0000000000000000       0x18 Src/main.o
 .debug_macro   0x0000000000000000       0x22 Src/main.o
 .debug_macro   0x0000000000000000       0x40 Src/main.o
 .debug_macro   0x0000000000000000       0x94 Src/main.o
 .debug_macro   0x0000000000000000       0x3c Src/main.o
 .debug_macro   0x0000000000000000       0x34 Src/main.o
 .debug_macro   0x0000000000000000       0x16 Src/main.o
 .debug_macro   0x0000000000000000      0x10e Src/main.o
 .debug_macro   0x0000000000000000       0x8d Src/main.o
 .debug_macro   0x0000000000000000       0x57 Src/main.o
 .debug_macro   0x0000000000000000       0x52 Src/main.o
 .debug_macro   0x0000000000000000       0x1f Src/main.o
 .debug_macro   0x0000000000000000       0x43 Src/main.o
 .debug_macro   0x0000000000000000       0x20 Src/main.o
 .debug_macro   0x0000000000000000      0x1a3 Src/main.o
 .debug_macro   0x0000000000000000      0x330 Src/main.o
 .debug_macro   0x0000000000000000       0x16 Src/main.o
 .debug_macro   0x0000000000000000       0x29 Src/main.o
 .debug_macro   0x0000000000000000       0xef Src/main.o
 .debug_macro   0x0000000000000000       0x6a Src/main.o
 .debug_macro   0x0000000000000000      0x1df Src/main.o
 .debug_macro   0x0000000000000000      0x344 Src/main.o
 .debug_macro   0x0000000000000000       0xd6 Src/main.o
 .debug_macro   0x0000000000000000       0x16 Src/main.o
 .debug_macro   0x0000000000000000       0xe3 Src/main.o
 .group         0x0000000000000000        0xc Src/syscalls.o
 .group         0x0000000000000000        0xc Src/syscalls.o
 .group         0x0000000000000000        0xc Src/syscalls.o
 .group         0x0000000000000000        0xc Src/syscalls.o
 .group         0x0000000000000000        0xc Src/syscalls.o
 .group         0x0000000000000000        0xc Src/syscalls.o
 .group         0x0000000000000000        0xc Src/syscalls.o
 .group         0x0000000000000000        0xc Src/syscalls.o
 .group         0x0000000000000000        0xc Src/syscalls.o
 .group         0x0000000000000000        0xc Src/syscalls.o
 .group         0x0000000000000000        0xc Src/syscalls.o
 .group         0x0000000000000000        0xc Src/syscalls.o
 .group         0x0000000000000000        0xc Src/syscalls.o
 .group         0x0000000000000000        0xc Src/syscalls.o
 .group         0x0000000000000000        0xc Src/syscalls.o
 .group         0x0000000000000000        0xc Src/syscalls.o
 .group         0x0000000000000000        0xc Src/syscalls.o
 .group         0x0000000000000000        0xc Src/syscalls.o
 .group         0x0000000000000000        0xc Src/syscalls.o
 .group         0x0000000000000000        0xc Src/syscalls.o
 .group         0x0000000000000000        0xc Src/syscalls.o
 .group         0x0000000000000000        0xc Src/syscalls.o
 .group         0x0000000000000000        0xc Src/syscalls.o
 .group         0x0000000000000000        0xc Src/syscalls.o
 .group         0x0000000000000000        0xc Src/syscalls.o
 .group         0x0000000000000000        0xc Src/syscalls.o
 .group         0x0000000000000000        0xc Src/syscalls.o
 .group         0x0000000000000000        0xc Src/syscalls.o
 .group         0x0000000000000000        0xc Src/syscalls.o
 .group         0x0000000000000000        0xc Src/syscalls.o
 .group         0x0000000000000000        0xc Src/syscalls.o
 .group         0x0000000000000000        0xc Src/syscalls.o
 .group         0x0000000000000000        0xc Src/syscalls.o
 .group         0x0000000000000000        0xc Src/syscalls.o
 .group         0x0000000000000000        0xc Src/syscalls.o
 .group         0x0000000000000000        0xc Src/syscalls.o
 .group         0x0000000000000000        0xc Src/syscalls.o
 .group         0x0000000000000000        0xc Src/syscalls.o
 .group         0x0000000000000000        0xc Src/syscalls.o
 .group         0x0000000000000000        0xc Src/syscalls.o
 .group         0x0000000000000000        0xc Src/syscalls.o
 .group         0x0000000000000000        0xc Src/syscalls.o
 .group         0x0000000000000000        0xc Src/syscalls.o
 .group         0x0000000000000000        0xc Src/syscalls.o
 .text          0x0000000000000000        0x0 Src/syscalls.o
 .data          0x0000000000000000        0x0 Src/syscalls.o
 .bss           0x0000000000000000        0x0 Src/syscalls.o
 .bss.__env     0x0000000000000000        0x4 Src/syscalls.o
 .data.environ  0x0000000000000000        0x4 Src/syscalls.o
 .text.initialise_monitor_handles
                0x0000000000000000        0xc Src/syscalls.o
 .text._getpid  0x0000000000000000        0xe Src/syscalls.o
 .text._kill    0x0000000000000000       0x20 Src/syscalls.o
 .text._exit    0x0000000000000000       0x14 Src/syscalls.o
 .text._read    0x0000000000000000       0x3a Src/syscalls.o
 .text._write   0x0000000000000000       0x38 Src/syscalls.o
 .text._close   0x0000000000000000       0x16 Src/syscalls.o
 .text._fstat   0x0000000000000000       0x1e Src/syscalls.o
 .text._isatty  0x0000000000000000       0x14 Src/syscalls.o
 .text._lseek   0x0000000000000000       0x18 Src/syscalls.o
 .text._open    0x0000000000000000       0x1a Src/syscalls.o
 .text._wait    0x0000000000000000       0x1e Src/syscalls.o
 .text._unlink  0x0000000000000000       0x1e Src/syscalls.o
 .text._times   0x0000000000000000       0x16 Src/syscalls.o
 .text._stat    0x0000000000000000       0x1e Src/syscalls.o
 .text._link    0x0000000000000000       0x20 Src/syscalls.o
 .text._fork    0x0000000000000000       0x16 Src/syscalls.o
 .text._execve  0x0000000000000000       0x22 Src/syscalls.o
 .debug_info    0x0000000000000000      0xebd Src/syscalls.o
 .debug_abbrev  0x0000000000000000      0x261 Src/syscalls.o
 .debug_aranges
                0x0000000000000000       0xa8 Src/syscalls.o
 .debug_ranges  0x0000000000000000       0x98 Src/syscalls.o
 .debug_macro   0x0000000000000000      0x243 Src/syscalls.o
 .debug_macro   0x0000000000000000      0xa60 Src/syscalls.o
 .debug_macro   0x0000000000000000       0x22 Src/syscalls.o
 .debug_macro   0x0000000000000000       0x40 Src/syscalls.o
 .debug_macro   0x0000000000000000       0x18 Src/syscalls.o
 .debug_macro   0x0000000000000000       0x94 Src/syscalls.o
 .debug_macro   0x0000000000000000       0x3c Src/syscalls.o
 .debug_macro   0x0000000000000000       0x34 Src/syscalls.o
 .debug_macro   0x0000000000000000       0x57 Src/syscalls.o
 .debug_macro   0x0000000000000000      0x174 Src/syscalls.o
 .debug_macro   0x0000000000000000      0x330 Src/syscalls.o
 .debug_macro   0x0000000000000000       0x52 Src/syscalls.o
 .debug_macro   0x0000000000000000       0x1f Src/syscalls.o
 .debug_macro   0x0000000000000000       0x43 Src/syscalls.o
 .debug_macro   0x0000000000000000       0x20 Src/syscalls.o
 .debug_macro   0x0000000000000000      0x1a3 Src/syscalls.o
 .debug_macro   0x0000000000000000       0x10 Src/syscalls.o
 .debug_macro   0x0000000000000000       0x35 Src/syscalls.o
 .debug_macro   0x0000000000000000       0x10 Src/syscalls.o
 .debug_macro   0x0000000000000000       0x10 Src/syscalls.o
 .debug_macro   0x0000000000000000       0x10 Src/syscalls.o
 .debug_macro   0x0000000000000000       0x6a Src/syscalls.o
 .debug_macro   0x0000000000000000       0x1c Src/syscalls.o
 .debug_macro   0x0000000000000000       0x52 Src/syscalls.o
 .debug_macro   0x0000000000000000       0x40 Src/syscalls.o
 .debug_macro   0x0000000000000000       0x10 Src/syscalls.o
 .debug_macro   0x0000000000000000       0x40 Src/syscalls.o
 .debug_macro   0x0000000000000000       0xd7 Src/syscalls.o
 .debug_macro   0x0000000000000000       0x1c Src/syscalls.o
 .debug_macro   0x0000000000000000       0x3d Src/syscalls.o
 .debug_macro   0x0000000000000000       0x35 Src/syscalls.o
 .debug_macro   0x0000000000000000      0x122 Src/syscalls.o
 .debug_macro   0x0000000000000000       0x16 Src/syscalls.o
 .debug_macro   0x0000000000000000       0x16 Src/syscalls.o
 .debug_macro   0x0000000000000000       0x29 Src/syscalls.o
 .debug_macro   0x0000000000000000       0x10 Src/syscalls.o
 .debug_macro   0x0000000000000000      0x241 Src/syscalls.o
 .debug_macro   0x0000000000000000       0x1c Src/syscalls.o
 .debug_macro   0x0000000000000000       0x10 Src/syscalls.o
 .debug_macro   0x0000000000000000       0x10 Src/syscalls.o
 .debug_macro   0x0000000000000000       0x16 Src/syscalls.o
 .debug_macro   0x0000000000000000      0x145 Src/syscalls.o
 .debug_macro   0x0000000000000000      0x189 Src/syscalls.o
 .debug_macro   0x0000000000000000       0x16 Src/syscalls.o
 .debug_macro   0x0000000000000000       0x88 Src/syscalls.o
 .debug_line    0x0000000000000000      0x739 Src/syscalls.o
 .debug_str     0x0000000000000000     0x8876 Src/syscalls.o
 .comment       0x0000000000000000       0x7c Src/syscalls.o
 .debug_frame   0x0000000000000000      0x2ac Src/syscalls.o
 .ARM.attributes
                0x0000000000000000       0x33 Src/syscalls.o
 .group         0x0000000000000000        0xc Src/sysmem.o
 .group         0x0000000000000000        0xc Src/sysmem.o
 .group         0x0000000000000000        0xc Src/sysmem.o
 .group         0x0000000000000000        0xc Src/sysmem.o
 .group         0x0000000000000000        0xc Src/sysmem.o
 .group         0x0000000000000000        0xc Src/sysmem.o
 .group         0x0000000000000000        0xc Src/sysmem.o
 .group         0x0000000000000000        0xc Src/sysmem.o
 .group         0x0000000000000000        0xc Src/sysmem.o
 .group         0x0000000000000000        0xc Src/sysmem.o
 .group         0x0000000000000000        0xc Src/sysmem.o
 .group         0x0000000000000000        0xc Src/sysmem.o
 .group         0x0000000000000000        0xc Src/sysmem.o
 .group         0x0000000000000000        0xc Src/sysmem.o
 .group         0x0000000000000000        0xc Src/sysmem.o
 .group         0x0000000000000000        0xc Src/sysmem.o
 .group         0x0000000000000000        0xc Src/sysmem.o
 .group         0x0000000000000000        0xc Src/sysmem.o
 .group         0x0000000000000000        0xc Src/sysmem.o
 .text          0x0000000000000000        0x0 Src/sysmem.o
 .data          0x0000000000000000        0x0 Src/sysmem.o
 .bss           0x0000000000000000        0x0 Src/sysmem.o
 .bss.__sbrk_heap_end
                0x0000000000000000        0x4 Src/sysmem.o
 .text._sbrk    0x0000000000000000       0x6c Src/sysmem.o
 .debug_info    0x0000000000000000      0x985 Src/sysmem.o
 .debug_abbrev  0x0000000000000000      0x19b Src/sysmem.o
 .debug_aranges
                0x0000000000000000       0x20 Src/sysmem.o
 .debug_ranges  0x0000000000000000       0x10 Src/sysmem.o
 .debug_macro   0x0000000000000000       0xee Src/sysmem.o
 .debug_macro   0x0000000000000000      0xa60 Src/sysmem.o
 .debug_macro   0x0000000000000000       0x10 Src/sysmem.o
 .debug_macro   0x0000000000000000       0x22 Src/sysmem.o
 .debug_macro   0x0000000000000000       0x40 Src/sysmem.o
 .debug_macro   0x0000000000000000       0x18 Src/sysmem.o
 .debug_macro   0x0000000000000000       0x94 Src/sysmem.o
 .debug_macro   0x0000000000000000       0x3c Src/sysmem.o
 .debug_macro   0x0000000000000000       0x34 Src/sysmem.o
 .debug_macro   0x0000000000000000      0x174 Src/sysmem.o
 .debug_macro   0x0000000000000000       0x57 Src/sysmem.o
 .debug_macro   0x0000000000000000       0x52 Src/sysmem.o
 .debug_macro   0x0000000000000000       0x1f Src/sysmem.o
 .debug_macro   0x0000000000000000       0x43 Src/sysmem.o
 .debug_macro   0x0000000000000000       0x20 Src/sysmem.o
 .debug_macro   0x0000000000000000      0x1a3 Src/sysmem.o
 .debug_macro   0x0000000000000000      0x23b Src/sysmem.o
 .debug_macro   0x0000000000000000       0xef Src/sysmem.o
 .debug_macro   0x0000000000000000       0x6a Src/sysmem.o
 .debug_macro   0x0000000000000000      0x1df Src/sysmem.o
 .debug_line    0x0000000000000000      0x4c2 Src/sysmem.o
 .debug_str     0x0000000000000000     0x5f44 Src/sysmem.o
 .comment       0x0000000000000000       0x7c Src/sysmem.o
 .debug_frame   0x0000000000000000       0x34 Src/sysmem.o
 .ARM.attributes
                0x0000000000000000       0x33 Src/sysmem.o
 .text          0x0000000000000000       0x14 Startup/startup_stm32f103c8tx.o
 .data          0x0000000000000000        0x0 Startup/startup_stm32f103c8tx.o
 .bss           0x0000000000000000        0x0 Startup/startup_stm32f103c8tx.o
 .text          0x0000000000000000        0x0 c:/st/stm32cubeide_1.4.0/stm32cubeide/plugins/com.st.stm32cube.ide.mcu.externaltools.gnu-tools-for-stm32.7-2018-q2-update.win32_1.4.0.202007081208/tools/bin/../lib/gcc/arm-none-eabi/7.3.1/../../../../arm-none-eabi/lib/thumb/v7-m\libc_nano.a(lib_a-errno.o)
 .data          0x0000000000000000        0x0 c:/st/stm32cubeide_1.4.0/stm32cubeide/plugins/com.st.stm32cube.ide.mcu.externaltools.gnu-tools-for-stm32.7-2018-q2-update.win32_1.4.0.202007081208/tools/bin/../lib/gcc/arm-none-eabi/7.3.1/../../../../arm-none-eabi/lib/thumb/v7-m\libc_nano.a(lib_a-errno.o)
 .bss           0x0000000000000000        0x0 c:/st/stm32cubeide_1.4.0/stm32cubeide/plugins/com.st.stm32cube.ide.mcu.externaltools.gnu-tools-for-stm32.7-2018-q2-update.win32_1.4.0.202007081208/tools/bin/../lib/gcc/arm-none-eabi/7.3.1/../../../../arm-none-eabi/lib/thumb/v7-m\libc_nano.a(lib_a-errno.o)
 .text.__errno  0x0000000000000000        0xc c:/st/stm32cubeide_1.4.0/stm32cubeide/plugins/com.st.stm32cube.ide.mcu.externaltools.gnu-tools-for-stm32.7-2018-q2-update.win32_1.4.0.202007081208/tools/bin/../lib/gcc/arm-none-eabi/7.3.1/../../../../arm-none-eabi/lib/thumb/v7-m\libc_nano.a(lib_a-errno.o)
 .debug_frame   0x0000000000000000       0x20 c:/st/stm32cubeide_1.4.0/stm32cubeide/plugins/com.st.stm32cube.ide.mcu.externaltools.gnu-tools-for-stm32.7-2018-q2-update.win32_1.4.0.202007081208/tools/bin/../lib/gcc/arm-none-eabi/7.3.1/../../../../arm-none-eabi/lib/thumb/v7-m\libc_nano.a(lib_a-errno.o)
 .ARM.attributes
                0x0000000000000000       0x2d c:/st/stm32cubeide_1.4.0/stm32cubeide/plugins/com.st.stm32cube.ide.mcu.externaltools.gnu-tools-for-stm32.7-2018-q2-update.win32_1.4.0.202007081208/tools/bin/../lib/gcc/arm-none-eabi/7.3.1/../../../../arm-none-eabi/lib/thumb/v7-m\libc_nano.a(lib_a-errno.o)
 .text          0x0000000000000000        0x0 c:/st/stm32cubeide_1.4.0/stm32cubeide/plugins/com.st.stm32cube.ide.mcu.externaltools.gnu-tools-for-stm32.7-2018-q2-update.win32_1.4.0.202007081208/tools/bin/../lib/gcc/arm-none-eabi/7.3.1/../../../../arm-none-eabi/lib/thumb/v7-m\libc_nano.a(lib_a-exit.o)
 .data          0x0000000000000000        0x0 c:/st/stm32cubeide_1.4.0/stm32cubeide/plugins/com.st.stm32cube.ide.mcu.externaltools.gnu-tools-for-stm32.7-2018-q2-update.win32_1.4.0.202007081208/tools/bin/../lib/gcc/arm-none-eabi/7.3.1/../../../../arm-none-eabi/lib/thumb/v7-m\libc_nano.a(lib_a-exit.o)
 .bss           0x0000000000000000        0x0 c:/st/stm32cubeide_1.4.0/stm32cubeide/plugins/com.st.stm32cube.ide.mcu.externaltools.gnu-tools-for-stm32.7-2018-q2-update.win32_1.4.0.202007081208/tools/bin/../lib/gcc/arm-none-eabi/7.3.1/../../../../arm-none-eabi/lib/thumb/v7-m\libc_nano.a(lib_a-exit.o)
 .text.exit     0x0000000000000000       0x28 c:/st/stm32cubeide_1.4.0/stm32cubeide/plugins/com.st.stm32cube.ide.mcu.externaltools.gnu-tools-for-stm32.7-2018-q2-update.win32_1.4.0.202007081208/tools/bin/../lib/gcc/arm-none-eabi/7.3.1/../../../../arm-none-eabi/lib/thumb/v7-m\libc_nano.a(lib_a-exit.o)
 .debug_frame   0x0000000000000000       0x28 c:/st/stm32cubeide_1.4.0/stm32cubeide/plugins/com.st.stm32cube.ide.mcu.externaltools.gnu-tools-for-stm32.7-2018-q2-update.win32_1.4.0.202007081208/tools/bin/../lib/gcc/arm-none-eabi/7.3.1/../../../../arm-none-eabi/lib/thumb/v7-m\libc_nano.a(lib_a-exit.o)
 .ARM.attributes
                0x0000000000000000       0x2d c:/st/stm32cubeide_1.4.0/stm32cubeide/plugins/com.st.stm32cube.ide.mcu.externaltools.gnu-tools-for-stm32.7-2018-q2-update.win32_1.4.0.202007081208/tools/bin/../lib/gcc/arm-none-eabi/7.3.1/../../../../arm-none-eabi/lib/thumb/v7-m\libc_nano.a(lib_a-exit.o)
 .text          0x0000000000000000        0x0 c:/st/stm32cubeide_1.4.0/stm32cubeide/plugins/com.st.stm32cube.ide.mcu.externaltools.gnu-tools-for-stm32.7-2018-q2-update.win32_1.4.0.202007081208/tools/bin/../lib/gcc/arm-none-eabi/7.3.1/../../../../arm-none-eabi/lib/thumb/v7-m\libc_nano.a(lib_a-impure.o)
 .data          0x0000000000000000        0x0 c:/st/stm32cubeide_1.4.0/stm32cubeide/plugins/com.st.stm32cube.ide.mcu.externaltools.gnu-tools-for-stm32.7-2018-q2-update.win32_1.4.0.202007081208/tools/bin/../lib/gcc/arm-none-eabi/7.3.1/../../../../arm-none-eabi/lib/thumb/v7-m\libc_nano.a(lib_a-impure.o)
 .bss           0x0000000000000000        0x0 c:/st/stm32cubeide_1.4.0/stm32cubeide/plugins/com.st.stm32cube.ide.mcu.externaltools.gnu-tools-for-stm32.7-2018-q2-update.win32_1.4.0.202007081208/tools/bin/../lib/gcc/arm-none-eabi/7.3.1/../../../../arm-none-eabi/lib/thumb/v7-m\libc_nano.a(lib_a-impure.o)
 .data._impure_ptr
                0x0000000000000000        0x4 c:/st/stm32cubeide_1.4.0/stm32cubeide/plugins/com.st.stm32cube.ide.mcu.externaltools.gnu-tools-for-stm32.7-2018-q2-update.win32_1.4.0.202007081208/tools/bin/../lib/gcc/arm-none-eabi/7.3.1/../../../../arm-none-eabi/lib/thumb/v7-m\libc_nano.a(lib_a-impure.o)
 .data.impure_data
                0x0000000000000000       0x60 c:/st/stm32cubeide_1.4.0/stm32cubeide/plugins/com.st.stm32cube.ide.mcu.externaltools.gnu-tools-for-stm32.7-2018-q2-update.win32_1.4.0.202007081208/tools/bin/../lib/gcc/arm-none-eabi/7.3.1/../../../../arm-none-eabi/lib/thumb/v7-m\libc_nano.a(lib_a-impure.o)
 .rodata._global_impure_ptr
                0x0000000000000000        0x4 c:/st/stm32cubeide_1.4.0/stm32cubeide/plugins/com.st.stm32cube.ide.mcu.externaltools.gnu-tools-for-stm32.7-2018-q2-update.win32_1.4.0.202007081208/tools/bin/../lib/gcc/arm-none-eabi/7.3.1/../../../../arm-none-eabi/lib/thumb/v7-m\libc_nano.a(lib_a-impure.o)
 .ARM.attributes
                0x0000000000000000       0x2d c:/st/stm32cubeide_1.4.0/stm32cubeide/plugins/com.st.stm32cube.ide.mcu.externaltools.gnu-tools-for-stm32.7-2018-q2-update.win32_1.4.0.202007081208/tools/bin/../lib/gcc/arm-none-eabi/7.3.1/../../../../arm-none-eabi/lib/thumb/v7-m\libc_nano.a(lib_a-impure.o)
 .text          0x0000000000000000        0x0 c:/st/stm32cubeide_1.4.0/stm32cubeide/plugins/com.st.stm32cube.ide.mcu.externaltools.gnu-tools-for-stm32.7-2018-q2-update.win32_1.4.0.202007081208/tools/bin/../lib/gcc/arm-none-eabi/7.3.1/../../../../arm-none-eabi/lib/thumb/v7-m\libc_nano.a(lib_a-init.o)
 .data          0x0000000000000000        0x0 c:/st/stm32cubeide_1.4.0/stm32cubeide/plugins/com.st.stm32cube.ide.mcu.externaltools.gnu-tools-for-stm32.7-2018-q2-update.win32_1.4.0.202007081208/tools/bin/../lib/gcc/arm-none-eabi/7.3.1/../../../../arm-none-eabi/lib/thumb/v7-m\libc_nano.a(lib_a-init.o)
 .bss           0x0000000000000000        0x0 c:/st/stm32cubeide_1.4.0/stm32cubeide/plugins/com.st.stm32cube.ide.mcu.externaltools.gnu-tools-for-stm32.7-2018-q2-update.win32_1.4.0.202007081208/tools/bin/../lib/gcc/arm-none-eabi/7.3.1/../../../../arm-none-eabi/lib/thumb/v7-m\libc_nano.a(lib_a-init.o)
 .text          0x0000000000000000        0x0 c:/st/stm32cubeide_1.4.0/stm32cubeide/plugins/com.st.stm32cube.ide.mcu.externaltools.gnu-tools-for-stm32.7-2018-q2-update.win32_1.4.0.202007081208/tools/bin/../lib/gcc/arm-none-eabi/7.3.1/../../../../arm-none-eabi/lib/thumb/v7-m\libc_nano.a(lib_a-memset.o)
 .data          0x0000000000000000        0x0 c:/st/stm32cubeide_1.4.0/stm32cubeide/plugins/com.st.stm32cube.ide.mcu.externaltools.gnu-tools-for-stm32.7-2018-q2-update.win32_1.4.0.202007081208/tools/bin/../lib/gcc/arm-none-eabi/7.3.1/../../../../arm-none-eabi/lib/thumb/v7-m\libc_nano.a(lib_a-memset.o)
 .bss           0x0000000000000000        0x0 c:/st/stm32cubeide_1.4.0/stm32cubeide/plugins/com.st.stm32cube.ide.mcu.externaltools.gnu-tools-for-stm32.7-2018-q2-update.win32_1.4.0.202007081208/tools/bin/../lib/gcc/arm-none-eabi/7.3.1/../../../../arm-none-eabi/lib/thumb/v7-m\libc_nano.a(lib_a-memset.o)
 .text.memset   0x0000000000000000       0x10 c:/st/stm32cubeide_1.4.0/stm32cubeide/plugins/com.st.stm32cube.ide.mcu.externaltools.gnu-tools-for-stm32.7-2018-q2-update.win32_1.4.0.202007081208/tools/bin/../lib/gcc/arm-none-eabi/7.3.1/../../../../arm-none-eabi/lib/thumb/v7-m\libc_nano.a(lib_a-memset.o)
 .debug_frame   0x0000000000000000       0x20 c:/st/stm32cubeide_1.4.0/stm32cubeide/plugins/com.st.stm32cube.ide.mcu.externaltools.gnu-tools-for-stm32.7-2018-q2-update.win32_1.4.0.202007081208/tools/bin/../lib/gcc/arm-none-eabi/7.3.1/../../../../arm-none-eabi/lib/thumb/v7-m\libc_nano.a(lib_a-memset.o)
 .ARM.attributes
                0x0000000000000000       0x2d c:/st/stm32cubeide_1.4.0/stm32cubeide/plugins/com.st.stm32cube.ide.mcu.externaltools.gnu-tools-for-stm32.7-2018-q2-update.win32_1.4.0.202007081208/tools/bin/../lib/gcc/arm-none-eabi/7.3.1/../../../../arm-none-eabi/lib/thumb/v7-m\libc_nano.a(lib_a-memset.o)
 .text          0x0000000000000000        0x0 c:/st/stm32cubeide_1.4.0/stm32cubeide/plugins/com.st.stm32cube.ide.mcu.externaltools.gnu-tools-for-stm32.7-2018-q2-update.win32_1.4.0.202007081208/tools/bin/../lib/gcc/arm-none-eabi/7.3.1/thumb/v7-m/crtend.o
 .data          0x0000000000000000        0x0 c:/st/stm32cubeide_1.4.0/stm32cubeide/plugins/com.st.stm32cube.ide.mcu.externaltools.gnu-tools-for-stm32.7-2018-q2-update.win32_1.4.0.202007081208/tools/bin/../lib/gcc/arm-none-eabi/7.3.1/thumb/v7-m/crtend.o
 .bss           0x0000000000000000        0x0 c:/st/stm32cubeide_1.4.0/stm32cubeide/plugins/com.st.stm32cube.ide.mcu.externaltools.gnu-tools-for-stm32.7-2018-q2-update.win32_1.4.0.202007081208/tools/bin/../lib/gcc/arm-none-eabi/7.3.1/thumb/v7-m/crtend.o
 .eh_frame      0x0000000000000000        0x4 c:/st/stm32cubeide_1.4.0/stm32cubeide/plugins/com.st.stm32cube.ide.mcu.externaltools.gnu-tools-for-stm32.7-2018-q2-update.win32_1.4.0.202007081208/tools/bin/../lib/gcc/arm-none-eabi/7.3.1/thumb/v7-m/crtend.o
 .ARM.attributes
                0x0000000000000000       0x2d c:/st/stm32cubeide_1.4.0/stm32cubeide/plugins/com.st.stm32cube.ide.mcu.externaltools.gnu-tools-for-stm32.7-2018-q2-update.win32_1.4.0.202007081208/tools/bin/../lib/gcc/arm-none-eabi/7.3.1/thumb/v7-m/crtend.o
 .text          0x0000000000000000        0x0 c:/st/stm32cubeide_1.4.0/stm32cubeide/plugins/com.st.stm32cube.ide.mcu.externaltools.gnu-tools-for-stm32.7-2018-q2-update.win32_1.4.0.202007081208/tools/bin/../lib/gcc/arm-none-eabi/7.3.1/thumb/v7-m/crtn.o
 .data          0x0000000000000000        0x0 c:/st/stm32cubeide_1.4.0/stm32cubeide/plugins/com.st.stm32cube.ide.mcu.externaltools.gnu-tools-for-stm32.7-2018-q2-update.win32_1.4.0.202007081208/tools/bin/../lib/gcc/arm-none-eabi/7.3.1/thumb/v7-m/crtn.o
 .bss           0x0000000000000000        0x0 c:/st/stm32cubeide_1.4.0/stm32cubeide/plugins/com.st.stm32cube.ide.mcu.externaltools.gnu-tools-for-stm32.7-2018-q2-update.win32_1.4.0.202007081208/tools/bin/../lib/gcc/arm-none-eabi/7.3.1/thumb/v7-m/crtn.o

Memory Configuration

Name             Origin             Length             Attributes
RAM              0x0000000020000000 0x0000000000005000 xrw
ROM              0x0000000008000000 0x0000000000010000 xr
*default*        0x0000000000000000 0xffffffffffffffff

Linker script and memory map

LOAD c:/st/stm32cubeide_1.4.0/stm32cubeide/plugins/com.st.stm32cube.ide.mcu.externaltools.gnu-tools-for-stm32.7-2018-q2-update.win32_1.4.0.202007081208/tools/bin/../lib/gcc/arm-none-eabi/7.3.1/thumb/v7-m/crti.o
LOAD c:/st/stm32cubeide_1.4.0/stm32cubeide/plugins/com.st.stm32cube.ide.mcu.externaltools.gnu-tools-for-stm32.7-2018-q2-update.win32_1.4.0.202007081208/tools/bin/../lib/gcc/arm-none-eabi/7.3.1/thumb/v7-m/crtbegin.o
LOAD c:/st/stm32cubeide_1.4.0/stm32cubeide/plugins/com.st.stm32cube.ide.mcu.externaltools.gnu-tools-for-stm32.7-2018-q2-update.win32_1.4.0.202007081208/tools/bin/../lib/gcc/arm-none-eabi/7.3.1/../../../../arm-none-eabi/lib/thumb/v7-m/crt0.o
LOAD MCAL/EXTI/EXTI_Driver.o
LOAD MCAL/GPIO/GPIO_Driver.o
LOAD MCAL/RCC/RCC.o
LOAD MCAL/TIM/TIM.o
LOAD MCAL/UART/UART.o
LOAD Src/main.o
LOAD Src/syscalls.o
LOAD Src/sysmem.o
LOAD Startup/startup_stm32f103c8tx.o
START GROUP
LOAD c:/st/stm32cubeide_1.4.0/stm32cubeide/plugins/com.st.stm32cube.ide.mcu.externaltools.gnu-tools-for-stm32.7-2018-q2-update.win32_1.4.0.202007081208/tools/bin/../lib/gcc/arm-none-eabi/7.3.1/../../../../arm-none-eabi/lib/thumb/v7-m\libc_nano.a
LOAD c:/st/stm32cubeide_1.4.0/stm32cubeide/plugins/com.st.stm32cube.ide.mcu.externaltools.gnu-tools-for-stm32.7-2018-q2-update.win32_1.4.0.202007081208/tools/bin/../lib/gcc/arm-none-eabi/7.3.1/../../../../arm-none-eabi/lib/thumb/v7-m\libm.a
END GROUP
START GROUP
LOAD c:/st/stm32cubeide_1.4.0/stm32cubeide/plugins/com.st.stm32cube.ide.mcu.externaltools.gnu-tools-for-stm32.7-2018-q2-update.win32_1.4.0.202007081208/tools/bin/../lib/gcc/arm-none-eabi/7.3.1/thumb/v7-m\libgcc.a
LOAD c:/st/stm32cubeide_1.4.0/stm32cubeide/plugins/com.st.stm32cube.ide.mcu.externaltools.gnu-tools-for-stm32.7-2018-q2-update.win32_1.4.0.202007081208/tools/bin/../lib/gcc/arm-none-eabi/7.3.1/../../../../arm-none-eabi/lib/thumb/v7-m\libc_nano.a
END GROUP
START GROUP
LOAD c:/st/stm32cubeide_1.4.0/stm32cubeide/plugins/com.st.stm32cube.ide.mcu.externaltools.gnu-tools-for-stm32.7-2018-q2-update.win32_1.4.0.202007081208/tools/bin/../lib/gcc/arm-none-eabi/7.3.1/thumb/v7-m\libgcc.a
LOAD c:/st/stm32cubeide_1.4.0/stm32cubeide/plugins/com.st.stm32cube.ide.mcu.externaltools.gnu-tools-for-stm32.7-2018-q2-update.win32_1.4.0.202007081208/tools/bin/../lib/gcc/arm-none-eabi/7.3.1/../../../../arm-none-eabi/lib/thumb/v7-m\libc_nano.a
LOAD c:/st/stm32cubeide_1.4.0/stm32cubeide/plugins/com.st.stm32cube.ide.mcu.externaltools.gnu-tools-for-stm32.7-2018-q2-update.win32_1.4.0.202007081208/tools/bin/../lib/gcc/arm-none-eabi/7.3.1/../../../../arm-none-eabi/lib/thumb/v7-m\libnosys.a
END GROUP
START GROUP
LOAD c:/st/stm32cubeide_1.4.0/stm32cubeide/plugins/com.st.stm32cube.ide.mcu.externaltools.gnu-tools-for-stm32.7-2018-q2-update.win32_1.4.0.202007081208/tools/bin/../lib/gcc/arm-none-eabi/7.3.1/thumb/v7-m\libgcc.a
LOAD c:/st/stm32cubeide_1.4.0/stm32cubeide/plugins/com.st.stm32cube.ide.mcu.externaltools.gnu-tools-for-stm32.7-2018-q2-update.win32_1.4.0.202007081208/tools/bin/../lib/gcc/arm-none-eabi/7.3.1/../../../../arm-none-eabi/lib/thumb/v7-m\libc_nano.a
LOAD c:/st/stm32cubeide_1.4.0/stm32cubeide/plugins/com.st.stm32cube.ide.mcu.externaltools.gnu-tools-for-stm32.7-2018-q2-update.win32_1.4.0.202007081208/tools/bin/../lib/gcc/arm-none-eabi/7.3.1/../../../../arm-none-eabi/lib/thumb/v7-m\libnosys.a
END GROUP
LOAD c:/st/stm32cubeide_1.4.0/stm32cubeide/plugins/com.st.stm32cube.ide.mcu.externaltools.gnu-tools-for-stm32.7-2018-q2-update.win32_1.4.0.202007081208/tools/bin/../lib/gcc/arm-none-eabi/7.3.1/thumb/v7-m/crtend.o
LOAD c:/st/stm32cubeide_1.4.0/stm32cubeide/plugins/com.st.stm32cube.ide.mcu.externaltools.gnu-tools-for-stm32.7-2018-q2-update.win32_1.4.0.202007081208/tools/bin/../lib/gcc/arm-none-eabi/7.3.1/thumb/v7-m/crtn.o
                0x0000000020005000                _estack = (ORIGIN (RAM) + LENGTH (RAM))
                0x0000000000000200                _Min_Heap_Size = 0x200
                0x0000000000000400                _Min_Stack_Size = 0x400

.isr_vector     0x0000000008000000      0x130
                0x0000000008000000                . = ALIGN (0x4)
 *(.isr_vector)
 .isr_vector    0x0000000008000000      0x130 Startup/startup_stm32f103c8tx.o
                0x0000000008000000                g_pfnVectors
                0x0000000008000130                . = ALIGN (0x4)

.text           0x0000000008000130      0x434
                0x0000000008000130                . = ALIGN (0x4)
 *(.text)
 .text          0x0000000008000130       0x40 c:/st/stm32cubeide_1.4.0/stm32cubeide/plugins/com.st.stm32cube.ide.mcu.externaltools.gnu-tools-for-stm32.7-2018-q2-update.win32_1.4.0.202007081208/tools/bin/../lib/gcc/arm-none-eabi/7.3.1/thumb/v7-m/crtbegin.o
 *(.text*)
 .text.EXTI0_IRQHandler
                0x0000000008000170       0x24 MCAL/EXTI/EXTI_Driver.o
                0x0000000008000170                EXTI0_IRQHandler
 .text.EXTI1_IRQHandler
                0x0000000008000194       0x24 MCAL/EXTI/EXTI_Driver.o
                0x0000000008000194                EXTI1_IRQHandler
 .text.EXTI2_IRQHandler
                0x00000000080001b8       0x24 MCAL/EXTI/EXTI_Driver.o
                0x00000000080001b8                EXTI2_IRQHandler
 .text.EXTI3_IRQHandler
                0x00000000080001dc       0x24 MCAL/EXTI/EXTI_Driver.o
                0x00000000080001dc                EXTI3_IRQHandler
 .text.EXTI4_IRQHandler
                0x0000000008000200       0x24 MCAL/EXTI/EXTI_Driver.o
                0x0000000008000200                EXTI4_IRQHandler
 .text.EXTI9_5_IRQHandler
                0x0000000008000224       0xa8 MCAL/EXTI/EXTI_Driver.o
                0x0000000008000224                EXTI9_5_IRQHandler
 .text.EXTI15_10_IRQHandler
                0x00000000080002cc       0xe4 MCAL/EXTI/EXTI_Driver.o
                0x00000000080002cc                EXTI15_10_IRQHandler
 .text.TIM2_IRQHandler
                0x00000000080003b0       0x38 MCAL/TIM/TIM.o
                0x00000000080003b0                TIM2_IRQHandler
 .text.TIM1_UP_IRQHandler
                0x00000000080003e8       0x2c MCAL/TIM/TIM.o
                0x00000000080003e8                TIM1_UP_IRQHandler
 .text.TIM3_IRQHandler
                0x0000000008000414       0x2c MCAL/TIM/TIM.o
                0x0000000008000414                TIM3_IRQHandler
 .text.TIM4_IRQHandler
                0x0000000008000440       0x2c MCAL/TIM/TIM.o
                0x0000000008000440                TIM4_IRQHandler
 .text.USART1_IRQHandler
                0x000000000800046c       0x14 MCAL/UART/UART.o
                0x000000000800046c                USART1_IRQHandler
 .text.USART2_IRQHandler
                0x0000000008000480       0x14 MCAL/UART/UART.o
                0x0000000008000480                USART2_IRQHandler
 .text.USART3_IRQHandler
                0x0000000008000494       0x14 MCAL/UART/UART.o
                0x0000000008000494                USART3_IRQHandler
 .text.main     0x00000000080004a8        0x6 Src/main.o
                0x00000000080004a8                main
 *fill*         0x00000000080004ae        0x2 
 .text.Reset_Handler
                0x00000000080004b0       0x50 Startup/startup_stm32f103c8tx.o
                0x00000000080004b0                Reset_Handler
 .text.Default_Handler
                0x0000000008000500        0x2 Startup/startup_stm32f103c8tx.o
                0x0000000008000500                TIM8_TRG_COM_IRQHandler
                0x0000000008000500                TIM8_CC_IRQHandler
                0x0000000008000500                DebugMon_Handler
                0x0000000008000500                TIM1_CC_IRQHandler
                0x0000000008000500                HardFault_Handler
                0x0000000008000500                TIM6_IRQHandler
                0x0000000008000500                SysTick_Handler
                0x0000000008000500                PVD_IRQHandler
                0x0000000008000500                SDIO_IRQHandler
                0x0000000008000500                PendSV_Handler
                0x0000000008000500                NMI_Handler
                0x0000000008000500                USB_HP_CAN_TX_IRQHandler
                0x0000000008000500                I2C2_EV_IRQHandler
                0x0000000008000500                UsageFault_Handler
                0x0000000008000500                ADC1_2_IRQHandler
                0x0000000008000500                SPI1_IRQHandler
                0x0000000008000500                CAN_SCE_IRQHandler
                0x0000000008000500                TAMPER_IRQHandler
                0x0000000008000500                TIM8_UP_IRQHandler
                0x0000000008000500                DMA2_Channel2_IRQHandler
                0x0000000008000500                DMA1_Channel4_IRQHandler
                0x0000000008000500                RTC_IRQHandler
                0x0000000008000500                DMA1_Channel7_IRQHandler
                0x0000000008000500                UART5_IRQHandler
                0x0000000008000500                ADC3_IRQHandler
                0x0000000008000500                CAN_RX1_IRQHandler
                0x0000000008000500                DMA2_Channel1_IRQHandler
                0x0000000008000500                I2C1_EV_IRQHandler
                0x0000000008000500                DMA1_Channel6_IRQHandler
                0x0000000008000500                UART4_IRQHandler
                0x0000000008000500                RCC_IRQHandler
                0x0000000008000500                TIM1_TRG_COM_IRQHandler
                0x0000000008000500                DMA1_Channel1_IRQHandler
                0x0000000008000500                Default_Handler
                0x0000000008000500                TIM7_IRQHandler
                0x0000000008000500                TIM5_IRQHandler
                0x0000000008000500                SPI2_IRQHandler
                0x0000000008000500                USB_LP_CAN_RX0_IRQHandler
                0x0000000008000500                MemManage_Handler
                0x0000000008000500                SVC_Handler
                0x0000000008000500                DMA1_Channel5_IRQHandler
                0x0000000008000500                DMA1_Channel3_IRQHandler
                0x0000000008000500                FSMC_IRQHandler
                0x0000000008000500                WWDG_IRQHandler
                0x0000000008000500                TIM1_BRK_IRQHandler
                0x0000000008000500                RTCAlarm_IRQHandler
                0x0000000008000500                DMA2_Channel4_5_IRQHandler
                0x0000000008000500                I2C2_ER_IRQHandler
                0x0000000008000500                DMA1_Channel2_IRQHandler
                0x0000000008000500                TIM8_BRK_IRQHandler
                0x0000000008000500                FLASH_IRQHandler
                0x0000000008000500                BusFault_Handler
                0x0000000008000500                SPI3_IRQHandler
                0x0000000008000500                I2C1_ER_IRQHandler
                0x0000000008000500                DMA2_Channel3_IRQHandler
 *fill*         0x0000000008000502        0x2 
 .text.__libc_init_array
                0x0000000008000504       0x48 c:/st/stm32cubeide_1.4.0/stm32cubeide/plugins/com.st.stm32cube.ide.mcu.externaltools.gnu-tools-for-stm32.7-2018-q2-update.win32_1.4.0.202007081208/tools/bin/../lib/gcc/arm-none-eabi/7.3.1/../../../../arm-none-eabi/lib/thumb/v7-m\libc_nano.a(lib_a-init.o)
                0x0000000008000504                __libc_init_array
 *(.glue_7)
 .glue_7        0x000000000800054c        0x0 linker stubs
 *(.glue_7t)
 .glue_7t       0x000000000800054c        0x0 linker stubs
 *(.eh_frame)
 .eh_frame      0x000000000800054c        0x0 c:/st/stm32cubeide_1.4.0/stm32cubeide/plugins/com.st.stm32cube.ide.mcu.externaltools.gnu-tools-for-stm32.7-2018-q2-update.win32_1.4.0.202007081208/tools/bin/../lib/gcc/arm-none-eabi/7.3.1/thumb/v7-m/crtbegin.o
 *(.init)
 .init          0x000000000800054c        0x4 c:/st/stm32cubeide_1.4.0/stm32cubeide/plugins/com.st.stm32cube.ide.mcu.externaltools.gnu-tools-for-stm32.7-2018-q2-update.win32_1.4.0.202007081208/tools/bin/../lib/gcc/arm-none-eabi/7.3.1/thumb/v7-m/crti.o
                0x000000000800054c                _init
 .init          0x0000000008000550        0x8 c:/st/stm32cubeide_1.4.0/stm32cubeide/plugins/com.st.stm32cube.ide.mcu.externaltools.gnu-tools-for-stm32.7-2018-q2-update.win32_1.4.0.202007081208/tools/bin/../lib/gcc/arm-none-eabi/7.3.1/thumb/v7-m/crtn.o
 *(.fini)
 .fini          0x0000000008000558        0x4 c:/st/stm32cubeide_1.4.0/stm32cubeide/plugins/com.st.stm32cube.ide.mcu.externaltools.gnu-tools-for-stm32.7-2018-q2-update.win32_1.4.0.202007081208/tools/bin/../lib/gcc/arm-none-eabi/7.3.1/thumb/v7-m/crti.o
                0x0000000008000558                _fini
 .fini          0x000000000800055c        0x8 c:/st/stm32cubeide_1.4.0/stm32cubeide/plugins/com.st.stm32cube.ide.mcu.externaltools.gnu-tools-for-stm32.7-2018-q2-update.win32_1.4.0.202007081208/tools/bin/../lib/gcc/arm-none-eabi/7.3.1/thumb/v7-m/crtn.o
                0x0000000008000564                . = ALIGN (0x4)
                0x0000000008000564                _etext = .

.vfp11_veneer   0x0000000008000564        0x0
 .vfp11_veneer  0x0000000008000564        0x0 linker stubs

.v4_bx          0x0000000008000564        0x0
 .v4_bx         0x0000000008000564        0x0 linker stubs

.iplt           0x0000000008000564        0x0
 .iplt          0x0000000008000564        0x0 c:/st/stm32cubeide_1.4.0/stm32cubeide/plugins/com.st.stm32cube.ide.mcu.externaltools.gnu-tools-for-stm32.7-2018-q2-update.win32_1.4.0.202007081208/tools/bin/../lib/gcc/arm-none-eabi/7.3.1/thumb/v7-m/crtbegin.o

.rel.dyn        0x0000000008000564        0x0
 .rel.iplt      0x0000000008000564        0x0 c:/st/stm32cubeide_1.4.0/stm32cubeide/plugins/com.st.stm32cube.ide.mcu.externaltools.gnu-tools-for-stm32.7-2018-q2-update.win32_1.4.0.202007081208/tools/bin/../lib/gcc/arm-none-eabi/7.3.1/thumb/v7-m/crtbegin.o

.rodata         0x0000000008000564        0x0
                0x0000000008000564                . = ALIGN (0x4)
 *(.rodata)
 *(.rodata*)
                0x0000000008000564                . = ALIGN (0x4)

.ARM.extab      0x0000000008000564        0x0
                0x0000000008000564                . = ALIGN (0x4)
 *(.ARM.extab* .gnu.linkonce.armextab.*)
                0x0000000008000564                . = ALIGN (0x4)

.ARM            0x0000000008000564        0x0
                0x0000000008000564                . = ALIGN (0x4)
                0x0000000008000564                __exidx_start = .
 *(.ARM.exidx*)
                0x0000000008000564                __exidx_end = .
                0x0000000008000564                . = ALIGN (0x4)

.preinit_array  0x0000000008000564        0x0
                0x0000000008000564                . = ALIGN (0x4)
                0x0000000008000564                PROVIDE (__preinit_array_start = .)
 *(.preinit_array*)
                0x0000000008000564                PROVIDE (__preinit_array_end = .)
                0x0000000008000564                . = ALIGN (0x4)

.init_array     0x0000000008000564        0x4
                0x0000000008000564                . = ALIGN (0x4)
                0x0000000008000564                PROVIDE (__init_array_start = .)
 *(SORT_BY_NAME(.init_array.*))
 *(.init_array*)
 .init_array    0x0000000008000564        0x4 c:/st/stm32cubeide_1.4.0/stm32cubeide/plugins/com.st.stm32cube.ide.mcu.externaltools.gnu-tools-for-stm32.7-2018-q2-update.win32_1.4.0.202007081208/tools/bin/../lib/gcc/arm-none-eabi/7.3.1/thumb/v7-m/crtbegin.o
                0x0000000008000568                PROVIDE (__init_array_end = .)
                0x0000000008000568                . = ALIGN (0x4)

.fini_array     0x0000000008000568        0x4
                0x0000000008000568                . = ALIGN (0x4)
                [!provide]                        PROVIDE (__fini_array_start = .)
 *(SORT_BY_NAME(.fini_array.*))
 *(.fini_array*)
 .fini_array    0x0000000008000568        0x4 c:/st/stm32cubeide_1.4.0/stm32cubeide/plugins/com.st.stm32cube.ide.mcu.externaltools.gnu-tools-for-stm32.7-2018-q2-update.win32_1.4.0.202007081208/tools/bin/../lib/gcc/arm-none-eabi/7.3.1/thumb/v7-m/crtbegin.o
                [!provide]                        PROVIDE (__fini_array_end = .)
                0x000000000800056c                . = ALIGN (0x4)
                0x000000000800056c                _sidata = LOADADDR (.data)

.data           0x0000000020000000        0x4 load address 0x000000000800056c
                0x0000000020000000                . = ALIGN (0x4)
                0x0000000020000000                _sdata = .
 *(.data)
 *(.data*)
 .data.delayFlag
                0x0000000020000000        0x1 MCAL/TIM/TIM.o
                0x0000000020000000                delayFlag
                0x0000000020000004                . = ALIGN (0x4)
 *fill*         0x0000000020000001        0x3 
                0x0000000020000004                _edata = .

.igot.plt       0x0000000020000004        0x0 load address 0x0000000008000570
 .igot.plt      0x0000000020000004        0x0 c:/st/stm32cubeide_1.4.0/stm32cubeide/plugins/com.st.stm32cube.ide.mcu.externaltools.gnu-tools-for-stm32.7-2018-q2-update.win32_1.4.0.202007081208/tools/bin/../lib/gcc/arm-none-eabi/7.3.1/thumb/v7-m/crtbegin.o
                0x0000000020000004                . = ALIGN (0x4)

.bss            0x0000000020000004       0x78 load address 0x0000000008000570
                0x0000000020000004                _sbss = .
                0x0000000020000004                __bss_start__ = _sbss
 *(.bss)
 .bss           0x0000000020000004       0x1c c:/st/stm32cubeide_1.4.0/stm32cubeide/plugins/com.st.stm32cube.ide.mcu.externaltools.gnu-tools-for-stm32.7-2018-q2-update.win32_1.4.0.202007081208/tools/bin/../lib/gcc/arm-none-eabi/7.3.1/thumb/v7-m/crtbegin.o
 *(.bss*)
 .bss.overflowTimsTIM4
                0x0000000020000020        0x2 MCAL/TIM/TIM.o
                0x0000000020000020                overflowTimsTIM4
 .bss.overflowTimsTIM3
                0x0000000020000022        0x2 MCAL/TIM/TIM.o
                0x0000000020000022                overflowTimsTIM3
 .bss.overflowTimsTIM1
                0x0000000020000024        0x2 MCAL/TIM/TIM.o
                0x0000000020000024                overflowTimsTIM1
 *(COMMON)
 *fill*         0x0000000020000026        0x2 
 COMMON         0x0000000020000028       0x40 MCAL/EXTI/EXTI_Driver.o
                0x0000000020000028                GP_IRQ_Callback
 COMMON         0x0000000020000068       0x14 MCAL/UART/UART.o
                0x0000000020000068                BRR
                0x000000002000006c                pclk
                0x0000000020000070                UARTGlobalCfg
                0x000000002000007c                . = ALIGN (0x4)
                0x000000002000007c                _ebss = .
                0x000000002000007c                __bss_end__ = _ebss

._user_heap_stack
                0x000000002000007c      0x604 load address 0x0000000008000570
                0x0000000020000080                . = ALIGN (0x8)
 *fill*         0x000000002000007c        0x4 
                [!provide]                        PROVIDE (end = .)
                0x0000000020000080                PROVIDE (_end = .)
                0x0000000020000280                . = (. + _Min_Heap_Size)
 *fill*         0x0000000020000080      0x200 
                0x0000000020000680                . = (. + _Min_Stack_Size)
 *fill*         0x0000000020000280      0x400 
                0x0000000020000680                . = ALIGN (0x8)

/DISCARD/
 libc.a(*)
 libm.a(*)
 libgcc.a(*)

.ARM.attributes
                0x0000000000000000       0x29
 *(.ARM.attributes)
 .ARM.attributes
                0x0000000000000000       0x1d c:/st/stm32cubeide_1.4.0/stm32cubeide/plugins/com.st.stm32cube.ide.mcu.externaltools.gnu-tools-for-stm32.7-2018-q2-update.win32_1.4.0.202007081208/tools/bin/../lib/gcc/arm-none-eabi/7.3.1/thumb/v7-m/crti.o
 .ARM.attributes
                0x000000000000001d       0x2d c:/st/stm32cubeide_1.4.0/stm32cubeide/plugins/com.st.stm32cube.ide.mcu.externaltools.gnu-tools-for-stm32.7-2018-q2-update.win32_1.4.0.202007081208/tools/bin/../lib/gcc/arm-none-eabi/7.3.1/thumb/v7-m/crtbegin.o
 .ARM.attributes
                0x000000000000004a       0x33 MCAL/EXTI/EXTI_Driver.o
 .ARM.attributes
                0x000000000000007d       0x33 MCAL/TIM/TIM.o
 .ARM.attributes
                0x00000000000000b0       0x33 MCAL/UART/UART.o
 .ARM.attributes
                0x00000000000000e3       0x33 Src/main.o
 .ARM.attributes
                0x0000000000000116       0x21 Startup/startup_stm32f103c8tx.o
 .ARM.attributes
                0x0000000000000137       0x2d c:/st/stm32cubeide_1.4.0/stm32cubeide/plugins/com.st.stm32cube.ide.mcu.externaltools.gnu-tools-for-stm32.7-2018-q2-update.win32_1.4.0.202007081208/tools/bin/../lib/gcc/arm-none-eabi/7.3.1/../../../../arm-none-eabi/lib/thumb/v7-m\libc_nano.a(lib_a-init.o)
 .ARM.attributes
                0x0000000000000164       0x1d c:/st/stm32cubeide_1.4.0/stm32cubeide/plugins/com.st.stm32cube.ide.mcu.externaltools.gnu-tools-for-stm32.7-2018-q2-update.win32_1.4.0.202007081208/tools/bin/../lib/gcc/arm-none-eabi/7.3.1/thumb/v7-m/crtn.o
OUTPUT(SmartEGAT_Task.elf elf32-littlearm)

.debug_info     0x0000000000000000     0x2f3f
 .debug_info    0x0000000000000000      0xc54 MCAL/EXTI/EXTI_Driver.o
 .debug_info    0x0000000000000c54      0xccf MCAL/TIM/TIM.o
 .debug_info    0x0000000000001923      0xd51 MCAL/UART/UART.o
 .debug_info    0x0000000000002674      0x8a9 Src/main.o
 .debug_info    0x0000000000002f1d       0x22 Startup/startup_stm32f103c8tx.o

.debug_abbrev   0x0000000000000000      0x858
 .debug_abbrev  0x0000000000000000      0x235 MCAL/EXTI/EXTI_Driver.o
 .debug_abbrev  0x0000000000000235      0x253 MCAL/TIM/TIM.o
 .debug_abbrev  0x0000000000000488      0x248 MCAL/UART/UART.o
 .debug_abbrev  0x00000000000006d0      0x176 Src/main.o
 .debug_abbrev  0x0000000000000846       0x12 Startup/startup_stm32f103c8tx.o

.debug_aranges  0x0000000000000000      0x188
 .debug_aranges
                0x0000000000000000       0x80 MCAL/EXTI/EXTI_Driver.o
 .debug_aranges
                0x0000000000000080       0x60 MCAL/TIM/TIM.o
 .debug_aranges
                0x00000000000000e0       0x60 MCAL/UART/UART.o
 .debug_aranges
                0x0000000000000140       0x20 Src/main.o
 .debug_aranges
                0x0000000000000160       0x28 Startup/startup_stm32f103c8tx.o

.debug_ranges   0x0000000000000000      0x140
 .debug_ranges  0x0000000000000000       0x70 MCAL/EXTI/EXTI_Driver.o
 .debug_ranges  0x0000000000000070       0x50 MCAL/TIM/TIM.o
 .debug_ranges  0x00000000000000c0       0x50 MCAL/UART/UART.o
 .debug_ranges  0x0000000000000110       0x10 Src/main.o
 .debug_ranges  0x0000000000000120       0x20 Startup/startup_stm32f103c8tx.o

.debug_macro    0x0000000000000000     0x2653
 .debug_macro   0x0000000000000000      0x14e MCAL/EXTI/EXTI_Driver.o
 .debug_macro   0x000000000000014e      0xa60 MCAL/EXTI/EXTI_Driver.o
 .debug_macro   0x0000000000000bae       0x18 MCAL/EXTI/EXTI_Driver.o
 .debug_macro   0x0000000000000bc6       0x22 MCAL/EXTI/EXTI_Driver.o
 .debug_macro   0x0000000000000be8       0x40 MCAL/EXTI/EXTI_Driver.o
 .debug_macro   0x0000000000000c28       0x94 MCAL/EXTI/EXTI_Driver.o
 .debug_macro   0x0000000000000cbc       0x3c MCAL/EXTI/EXTI_Driver.o
 .debug_macro   0x0000000000000cf8       0x34 MCAL/EXTI/EXTI_Driver.o
 .debug_macro   0x0000000000000d2c       0x16 MCAL/EXTI/EXTI_Driver.o
 .debug_macro   0x0000000000000d42      0x10e MCAL/EXTI/EXTI_Driver.o
 .debug_macro   0x0000000000000e50       0x8d MCAL/EXTI/EXTI_Driver.o
 .debug_macro   0x0000000000000edd       0x57 MCAL/EXTI/EXTI_Driver.o
 .debug_macro   0x0000000000000f34       0x52 MCAL/EXTI/EXTI_Driver.o
 .debug_macro   0x0000000000000f86       0x1f MCAL/EXTI/EXTI_Driver.o
 .debug_macro   0x0000000000000fa5       0x43 MCAL/EXTI/EXTI_Driver.o
 .debug_macro   0x0000000000000fe8       0x20 MCAL/EXTI/EXTI_Driver.o
 .debug_macro   0x0000000000001008      0x1a3 MCAL/EXTI/EXTI_Driver.o
 .debug_macro   0x00000000000011ab      0x330 MCAL/EXTI/EXTI_Driver.o
 .debug_macro   0x00000000000014db       0x16 MCAL/EXTI/EXTI_Driver.o
 .debug_macro   0x00000000000014f1       0x29 MCAL/EXTI/EXTI_Driver.o
 .debug_macro   0x000000000000151a       0xef MCAL/EXTI/EXTI_Driver.o
 .debug_macro   0x0000000000001609       0x6a MCAL/EXTI/EXTI_Driver.o
 .debug_macro   0x0000000000001673      0x1df MCAL/EXTI/EXTI_Driver.o
 .debug_macro   0x0000000000001852      0x344 MCAL/EXTI/EXTI_Driver.o
 .debug_macro   0x0000000000001b96       0xdc MCAL/EXTI/EXTI_Driver.o
 .debug_macro   0x0000000000001c72      0x227 MCAL/EXTI/EXTI_Driver.o
 .debug_macro   0x0000000000001e99      0x148 MCAL/TIM/TIM.o
 .debug_macro   0x0000000000001fe1       0x46 MCAL/TIM/TIM.o
 .debug_macro   0x0000000000002027      0x151 MCAL/UART/UART.o
 .debug_macro   0x0000000000002178       0x16 MCAL/UART/UART.o
 .debug_macro   0x000000000000218e       0xe3 MCAL/UART/UART.o
 .debug_macro   0x0000000000002271      0x169 Src/main.o
 .debug_macro   0x00000000000023da      0x22d Src/main.o
 .debug_macro   0x0000000000002607       0x4c Src/main.o

.debug_line     0x0000000000000000     0x1b39
 .debug_line    0x0000000000000000      0x6d9 MCAL/EXTI/EXTI_Driver.o
 .debug_line    0x00000000000006d9      0x639 MCAL/TIM/TIM.o
 .debug_line    0x0000000000000d12      0x728 MCAL/UART/UART.o
 .debug_line    0x000000000000143a      0x67b Src/main.o
 .debug_line    0x0000000000001ab5       0x84 Startup/startup_stm32f103c8tx.o

.debug_str      0x0000000000000000     0xa259
 .debug_str     0x0000000000000000     0x97ea MCAL/EXTI/EXTI_Driver.o
                                       0x9a5a (size before relaxing)
 .debug_str     0x00000000000097ea      0x242 MCAL/TIM/TIM.o
                                       0x870a (size before relaxing)
 .debug_str     0x0000000000009a2c      0x7e9 MCAL/UART/UART.o
                                       0x8d5f (size before relaxing)
 .debug_str     0x000000000000a215       0x13 Src/main.o
                                       0x9e06 (size before relaxing)
 .debug_str     0x000000000000a228       0x31 Startup/startup_stm32f103c8tx.o
                                         0x71 (size before relaxing)

.comment        0x0000000000000000       0x7b
 .comment       0x0000000000000000       0x7b MCAL/EXTI/EXTI_Driver.o
                                         0x7c (size before relaxing)
 .comment       0x000000000000007b       0x7c MCAL/TIM/TIM.o
 .comment       0x000000000000007b       0x7c MCAL/UART/UART.o
 .comment       0x000000000000007b       0x7c Src/main.o

.debug_frame    0x0000000000000000      0x49c
 .debug_frame   0x0000000000000000      0x1b0 MCAL/EXTI/EXTI_Driver.o
 .debug_frame   0x00000000000001b0      0x14c MCAL/TIM/TIM.o
 .debug_frame   0x00000000000002fc      0x14c MCAL/UART/UART.o
 .debug_frame   0x0000000000000448       0x28 Src/main.o
 .debug_frame   0x0000000000000470       0x2c c:/st/stm32cubeide_1.4.0/stm32cubeide/plugins/com.st.stm32cube.ide.mcu.externaltools.gnu-tools-for-stm32.7-2018-q2-update.win32_1.4.0.202007081208/tools/bin/../lib/gcc/arm-none-eabi/7.3.1/../../../../arm-none-eabi/lib/thumb/v7-m\libc_nano.a(lib_a-init.o)
