Archive member included to satisfy reference by file (symbol)

c:/st/stm32cubeide_1.4.0/stm32cubeide/plugins/com.st.stm32cube.ide.mcu.externaltools.gnu-tools-for-stm32.7-2018-q2-update.win32_1.4.0.202007081208/tools/bin/../lib/gcc/arm-none-eabi/7.3.1/../../../../arm-none-eabi/lib/thumb/v7-m\libc_nano.a(lib_a-errno.o)
                              Src/syscalls.o (__errno)
c:/st/stm32cubeide_1.4.0/stm32cubeide/plugins/com.st.stm32cube.ide.mcu.externaltools.gnu-tools-for-stm32.7-2018-q2-update.win32_1.4.0.202007081208/tools/bin/../lib/gcc/arm-none-eabi/7.3.1/../../../../arm-none-eabi/lib/thumb/v7-m\libc_nano.a(lib_a-exit.o)
                              c:/st/stm32cubeide_1.4.0/stm32cubeide/plugins/com.st.stm32cube.ide.mcu.externaltools.gnu-tools-for-stm32.7-2018-q2-update.win32_1.4.0.202007081208/tools/bin/../lib/gcc/arm-none-eabi/7.3.1/../../../../arm-none-eabi/lib/thumb/v7-m/crt0.o (exit)
c:/st/stm32cubeide_1.4.0/stm32cubeide/plugins/com.st.stm32cube.ide.mcu.externaltools.gnu-tools-for-stm32.7-2018-q2-update.win32_1.4.0.202007081208/tools/bin/../lib/gcc/arm-none-eabi/7.3.1/../../../../arm-none-eabi/lib/thumb/v7-m\libc_nano.a(lib_a-impure.o)
                              c:/st/stm32cubeide_1.4.0/stm32cubeide/plugins/com.st.stm32cube.ide.mcu.externaltools.gnu-tools-for-stm32.7-2018-q2-update.win32_1.4.0.202007081208/tools/bin/../lib/gcc/arm-none-eabi/7.3.1/../../../../arm-none-eabi/lib/thumb/v7-m\libc_nano.a(lib_a-exit.o) (_global_impure_ptr)
c:/st/stm32cubeide_1.4.0/stm32cubeide/plugins/com.st.stm32cube.ide.mcu.externaltools.gnu-tools-for-stm32.7-2018-q2-update.win32_1.4.0.202007081208/tools/bin/../lib/gcc/arm-none-eabi/7.3.1/../../../../arm-none-eabi/lib/thumb/v7-m\libc_nano.a(lib_a-init.o)
                              c:/st/stm32cubeide_1.4.0/stm32cubeide/plugins/com.st.stm32cube.ide.mcu.externaltools.gnu-tools-for-stm32.7-2018-q2-update.win32_1.4.0.202007081208/tools/bin/../lib/gcc/arm-none-eabi/7.3.1/../../../../arm-none-eabi/lib/thumb/v7-m/crt0.o (__libc_init_array)
c:/st/stm32cubeide_1.4.0/stm32cubeide/plugins/com.st.stm32cube.ide.mcu.externaltools.gnu-tools-for-stm32.7-2018-q2-update.win32_1.4.0.202007081208/tools/bin/../lib/gcc/arm-none-eabi/7.3.1/../../../../arm-none-eabi/lib/thumb/v7-m\libc_nano.a(lib_a-memset.o)
                              c:/st/stm32cubeide_1.4.0/stm32cubeide/plugins/com.st.stm32cube.ide.mcu.externaltools.gnu-tools-for-stm32.7-2018-q2-update.win32_1.4.0.202007081208/tools/bin/../lib/gcc/arm-none-eabi/7.3.1/../../../../arm-none-eabi/lib/thumb/v7-m/crt0.o (memset)
c:/st/stm32cubeide_1.4.0/stm32cubeide/plugins/com.st.stm32cube.ide.mcu.externaltools.gnu-tools-for-stm32.7-2018-q2-update.win32_1.4.0.202007081208/tools/bin/../lib/gcc/arm-none-eabi/7.3.1/../../../../arm-none-eabi/lib/thumb/v7-m\libc_nano.a(lib_a-nano-vfprintf_float.o)
                              (_printf_float)
c:/st/stm32cubeide_1.4.0/stm32cubeide/plugins/com.st.stm32cube.ide.mcu.externaltools.gnu-tools-for-stm32.7-2018-q2-update.win32_1.4.0.202007081208/tools/bin/../lib/gcc/arm-none-eabi/7.3.1/../../../../arm-none-eabi/lib/thumb/v7-m\libc_nano.a(lib_a-nano-vfprintf_i.o)
                              c:/st/stm32cubeide_1.4.0/stm32cubeide/plugins/com.st.stm32cube.ide.mcu.externaltools.gnu-tools-for-stm32.7-2018-q2-update.win32_1.4.0.202007081208/tools/bin/../lib/gcc/arm-none-eabi/7.3.1/../../../../arm-none-eabi/lib/thumb/v7-m\libc_nano.a(lib_a-nano-vfprintf_float.o) (_printf_common)
c:/st/stm32cubeide_1.4.0/stm32cubeide/plugins/com.st.stm32cube.ide.mcu.externaltools.gnu-tools-for-stm32.7-2018-q2-update.win32_1.4.0.202007081208/tools/bin/../lib/gcc/arm-none-eabi/7.3.1/../../../../arm-none-eabi/lib/thumb/v7-m\libc_nano.a(lib_a-sprintf.o)
                              HAL/LDR_Light_Sensor/LDR_Light_Sensor.o (sprintf)
c:/st/stm32cubeide_1.4.0/stm32cubeide/plugins/com.st.stm32cube.ide.mcu.externaltools.gnu-tools-for-stm32.7-2018-q2-update.win32_1.4.0.202007081208/tools/bin/../lib/gcc/arm-none-eabi/7.3.1/../../../../arm-none-eabi/lib/thumb/v7-m\libc_nano.a(lib_a-strlen.o)
                              HAL/LDR_Light_Sensor/LDR_Light_Sensor.o (strlen)
c:/st/stm32cubeide_1.4.0/stm32cubeide/plugins/com.st.stm32cube.ide.mcu.externaltools.gnu-tools-for-stm32.7-2018-q2-update.win32_1.4.0.202007081208/tools/bin/../lib/gcc/arm-none-eabi/7.3.1/../../../../arm-none-eabi/lib/thumb/v7-m\libc_nano.a(lib_a-dtoa.o)
                              c:/st/stm32cubeide_1.4.0/stm32cubeide/plugins/com.st.stm32cube.ide.mcu.externaltools.gnu-tools-for-stm32.7-2018-q2-update.win32_1.4.0.202007081208/tools/bin/../lib/gcc/arm-none-eabi/7.3.1/../../../../arm-none-eabi/lib/thumb/v7-m\libc_nano.a(lib_a-nano-vfprintf_float.o) (_dtoa_r)
c:/st/stm32cubeide_1.4.0/stm32cubeide/plugins/com.st.stm32cube.ide.mcu.externaltools.gnu-tools-for-stm32.7-2018-q2-update.win32_1.4.0.202007081208/tools/bin/../lib/gcc/arm-none-eabi/7.3.1/../../../../arm-none-eabi/lib/thumb/v7-m\libc_nano.a(lib_a-localeconv.o)
[...]
Memory Configuration

Name             Origin             Length             Attributes
RAM              0x0000000020000000 0x0000000000005000 xrw
ROM              0x0000000008000000 0x0000000000010000 xr
*default*        0x0000000000000000 0xffffffffffffffff

Linker script and memory map

LOAD c:/st/stm32cubeide_1.4.0/stm32cubeide/plugins/com.st.stm32cube.ide.mcu.externaltools.gnu-tools-for-stm32.7-2018-q2-update.win32_1.4.0.202007081208/tools/bin/../lib/gcc/arm-none-eabi/7.3.1/thumb/v7-m/crti.o
LOAD c:/st/stm32cubeide_1.4.0/stm32cubeide/plugins/com.st.stm32cube.ide.mcu.externaltools.gnu-tools-for-stm32.7-2018-q2-update.win32_1.4.0.202007081208/tools/bin/../lib/gcc/arm-none-eabi/7.3.1/thumb/v7-m/crtbegin.o
LOAD c:/st/stm32cubeide_1.4.0/stm32cubeide/plugins/com.st.stm32cube.ide.mcu.externaltools.gnu-tools-for-stm32.7-2018-q2-update.win32_1.4.0.202007081208/tools/bin/../lib/gcc/arm-none-eabi/7.3.1/../../../../arm-none-eabi/lib/thumb/v7-m/crt0.o
LOAD HAL/LCD/LCD.o
LOAD HAL/LDR_Light_Sensor/LDR_Light_Sensor.o
LOAD HAL/LM35_Temp_Sensor/LM35_Temp_Sensor.o
LOAD MCAL/ADC/ADC.o
LOAD MCAL/EXTI/EXTI_Driver.o
LOAD MCAL/GPIO/GPIO_Driver.o
LOAD MCAL/RCC/RCC.o
LOAD MCAL/TIM/TIM.o
LOAD MCAL/UART/UART.o
LOAD Src/main.o
LOAD Src/syscalls.o
LOAD Src/sysmem.o
LOAD Startup/startup_stm32f103c8tx.o
START GROUP
LOAD c:/st/stm32cubeide_1.4.0/stm32cubeide/plugins/com.st.stm32cube.ide.mcu.externaltools.gnu-tools-for-stm32.7-2018-q2-update.win32_1.4.0.202007081208/tools/bin/../lib/gcc/arm-none-eabi/7.3.1/../../../../arm-none-eabi/lib/thumb/v7-m\libc_nano.a
LOAD c:/st/stm32cubeide_1.4.0/stm32cubeide/plugins/com.st.stm32cube.ide.mcu.externaltools.gnu-tools-for-stm32.7-2018-q2-update.win32_1.4.0.202007081208/tools/bin/../lib/gcc/arm-none-eabi/7.3.1/../../../../arm-none-eabi/lib/thumb/v7-m\libm.a
END GROUP
START GROUP
LOAD c:/st/stm32cubeide_1.4.0/stm32cubeide/plugins/com.st.stm32cube.ide.mcu.externaltools.gnu-tools-for-stm32.7-2018-q2-update.win32_1.4.0.202007081208/tools/bin/../lib/gcc/arm-none-eabi/7.3.1/thumb/v7-m\libgcc.a
LOAD c:/st/stm32cubeide_1.4.0/stm32cubeide/plugins/com.st.stm32cube.ide.mcu.externaltools.gnu-tools-for-stm32.7-2018-q2-update.win32_1.4.0.202007081208/tools/bin/../lib/gcc/arm-none-eabi/7.3.1/../../../../arm-none-eabi/lib/thumb/v7-m\libc_nano.a
END GROUP
START GROUP
LOAD c:/st/stm32cubeide_1.4.0/stm32cubeide/plugins/com.st.stm32cube.ide.mcu.externaltools.gnu-tools-for-stm32.7-2018-q2-update.win32_1.4.0.202007081208/tools/bin/../lib/gcc/arm-none-eabi/7.3.1/thumb/v7-m\libgcc.a
LOAD c:/st/stm32cubeide_1.4.0/stm32cubeide/plugins/com.st.stm32cube.ide.mcu.externaltools.gnu-tools-for-stm32.7-2018-q2-update.win32_1.4.0.202007081208/tools/bin/../lib/gcc/arm-none-eabi/7.3.1/../../../../arm-none-eabi/lib/thumb/v7-m\libc_nano.a
LOAD c:/st/stm32cubeide_1.4.0/stm32cubeide/plugins/com.st.stm32cube.ide.mcu.externaltools.gnu-tools-for-stm32.7-2018-q2-update.win32_1.4.0.202007081208/tools/bin/../lib/gcc/arm-none-eabi/7.3.1/../../../../arm-none-eabi/lib/thumb/v7-m\libnosys.a
END GROUP
START GROUP
LOAD c:/st/stm32cubeide_1.4.0/stm32cubeide/plugins/com.st.stm32cube.ide.mcu.externaltools.gnu-tools-for-stm32.7-2018-q2-update.win32_1.4.0.202007081208/tools/bin/../lib/gcc/arm-none-eabi/7.3.1/thumb/v7-m\libgcc.a
LOAD c:/st/stm32cubeide_1.4.0/stm32cubeide/plugins/com.st.stm32cube.ide.mcu.externaltools.gnu-tools-for-stm32.7-2018-q2-update.win32_1.4.0.202007081208/tools/bin/../lib/gcc/arm-none-eabi/7.3.1/../../../../arm-none-eabi/lib/thumb/v7-m\libc_nano.a
LOAD c:/st/stm32cubeide_1.4.0/stm32cubeide/plugins/com.st.stm32cube.ide.mcu.externaltools.gnu-tools-for-stm32.7-2018-q2-update.win32_1.4.0.202007081208/tools/bin/../lib/gcc/arm-none-eabi/7.3.1/../../../../arm-none-eabi/lib/thumb/v7-m\libnosys.a
END GROUP
LOAD c:/st/stm32cubeide_1.4.0/stm32cubeide/plugins/com.st.stm32cube.ide.mcu.externaltools.gnu-tools-for-stm32.7-2018-q2-update.win32_1.4.0.202007081208/tools/bin/../lib/gcc/arm-none-eabi/7.3.1/thumb/v7-m/crtend.o
LOAD c:/st/stm32cubeide_1.4.0/stm32cubeide/plugins/com.st.stm32cube.ide.mcu.externaltools.gnu-tools-for-stm32.7-2018-q2-update.win32_1.4.0.202007081208/tools/bin/../lib/gcc/arm-none-eabi/7.3.1/thumb/v7-m/crtn.o
                0x0000000020005000                _estack = (ORIGIN (RAM) + LENGTH (RAM))
                0x0000000000000200                _Min_Heap_Size = 0x200
                0x0000000000000400                _Min_Stack_Size = 0x400

.isr_vector     0x0000000008000000      0x130
                0x0000000008000000                . = ALIGN (0x4)
 *(.isr_vector)
 .isr_vector    0x0000000008000000      0x130 Startup/startup_stm32f103c8tx.o
                0x0000000008000000                g_pfnVectors
                0x0000000008000130                . = ALIGN (0x4)

.text           0x0000000008000130     0x43dc
                0x0000000008000130                . = ALIGN (0x4)
 *(.text)
 .text          0x0000000008000130       0x40 c:/st/stm32cubeide_1.4.0/stm32cubeide/plugins/com.st.stm32cube.ide.mcu.externaltools.gnu-tools-for-stm32.7-2018-q2-update.win32_1.4.0.202007081208/tools/bin/../lib/gcc/arm-none-eabi/7.3.1/thumb/v7-m/crtbegin.o
 .text          0x0000000008000170       0x10 c:/st/stm32cubeide_1.4.0/stm32cubeide/plugins/com.st.stm32cube.ide.mcu.externaltools.gnu-tools-for-stm32.7-2018-q2-update.win32_1.4.0.202007081208/tools/bin/../lib/gcc/arm-none-eabi/7.3.1/../../../../arm-none-eabi/lib/thumb/v7-m\libc_nano.a(lib_a-strlen.o)
                0x0000000008000170                strlen
 .text          0x0000000008000180      0x378 c:/st/stm32cubeide_1.4.0/stm32cubeide/plugins/com.st.stm32cube.ide.mcu.externaltools.gnu-tools-for-stm32.7-2018-q2-update.win32_1.4.0.202007081208/tools/bin/../lib/gcc/arm-none-eabi/7.3.1/thumb/v7-m\libgcc.a(_arm_addsubdf3.o)
                0x0000000008000180                __aeabi_drsub
                0x0000000008000188                __aeabi_dsub
                0x0000000008000188                __subdf3
                0x000000000800018c                __aeabi_dadd
                0x000000000800018c                __adddf3
                0x0000000008000404                __floatunsidf
                0x0000000008000404                __aeabi_ui2d
                0x0000000008000424                __floatsidf
                0x0000000008000424                __aeabi_i2d
                0x0000000008000448                __aeabi_f2d
                0x0000000008000448                __extendsfdf2
                0x000000000800048c                __floatundidf
                0x000000000800048c                __aeabi_ul2d
                0x000000000800049c                __floatdidf
                0x000000000800049c                __aeabi_l2d
 .text          0x00000000080004f8      0x424 c:/st/stm32cubeide_1.4.0/stm32cubeide/plugins/com.st.stm32cube.ide.mcu.externaltools.gnu-tools-for-stm32.7-2018-q2-update.win32_1.4.0.202007081208/tools/bin/../lib/gcc/arm-none-eabi/7.3.1/thumb/v7-m\libgcc.a(_arm_muldivdf3.o)
                0x00000000080004f8                __aeabi_dmul
                0x00000000080004f8                __muldf3
                0x000000000800074c                __divdf3
                0x000000000800074c                __aeabi_ddiv
 .text          0x000000000800091c      0x110 c:/st/stm32cubeide_1.4.0/stm32cubeide/plugins/com.st.stm32cube.ide.mcu.externaltools.gnu-tools-for-stm32.7-2018-q2-update.win32_1.4.0.202007081208/tools/bin/../lib/gcc/arm-none-eabi/7.3.1/thumb/v7-m\libgcc.a(_arm_cmpdf2.o)
                0x000000000800091c                __gtdf2
                0x000000000800091c                __gedf2
                0x0000000008000924                __ltdf2
                0x0000000008000924                __ledf2
                0x000000000800092c                __nedf2
                0x000000000800092c                __eqdf2
                0x000000000800092c                __cmpdf2
                0x00000000080009a8                __aeabi_cdrcmple
                0x00000000080009b8                __aeabi_cdcmpeq
                0x00000000080009b8                __aeabi_cdcmple
                0x00000000080009c8                __aeabi_dcmpeq
                0x00000000080009dc                __aeabi_dcmplt
                0x00000000080009f0                __aeabi_dcmple
                0x0000000008000a04                __aeabi_dcmpge
                0x0000000008000a18                __aeabi_dcmpgt
 .text          0x0000000008000a2c       0x2c c:/st/stm32cubeide_1.4.0/stm32cubeide/plugins/com.st.stm32cube.ide.mcu.externaltools.gnu-tools-for-stm32.7-2018-q2-update.win32_1.4.0.202007081208/tools/bin/../lib/gcc/arm-none-eabi/7.3.1/thumb/v7-m\libgcc.a(_arm_unorddf2.o)
                0x0000000008000a2c                __unorddf2
                0x0000000008000a2c                __aeabi_dcmpun
 .text          0x0000000008000a58       0x50 c:/st/stm32cubeide_1.4.0/stm32cubeide/plugins/com.st.stm32cube.ide.mcu.externaltools.gnu-tools-for-stm32.7-2018-q2-update.win32_1.4.0.202007081208/tools/bin/../lib/gcc/arm-none-eabi/7.3.1/thumb/v7-m\libgcc.a(_arm_fixdfsi.o)
                0x0000000008000a58                __aeabi_d2iz
                0x0000000008000a58                __fixdfsi
 .text          0x0000000008000aa8       0xa0 c:/st/stm32cubeide_1.4.0/stm32cubeide/plugins/com.st.stm32cube.ide.mcu.externaltools.gnu-tools-for-stm32.7-2018-q2-update.win32_1.4.0.202007081208/tools/bin/../lib/gcc/arm-none-eabi/7.3.1/thumb/v7-m\libgcc.a(_arm_truncdfsf2.o)
                0x0000000008000aa8                __truncdfsf2
                0x0000000008000aa8                __aeabi_d2f
 .text          0x0000000008000b48      0x21c c:/st/stm32cubeide_1.4.0/stm32cubeide/plugins/com.st.stm32cube.ide.mcu.externaltools.gnu-tools-for-stm32.7-2018-q2-update.win32_1.4.0.202007081208/tools/bin/../lib/gcc/arm-none-eabi/7.3.1/thumb/v7-m\libgcc.a(_arm_addsubsf3.o)
                0x0000000008000b48                __aeabi_frsub
                0x0000000008000b50                __subsf3
                0x0000000008000b50                __aeabi_fsub
                0x0000000008000b54                __aeabi_fadd
                0x0000000008000b54                __addsf3
                0x0000000008000cb4                __aeabi_ui2f
                0x0000000008000cb4                __floatunsisf
                0x0000000008000cbc                __aeabi_i2f
                0x0000000008000cbc                __floatsisf
                0x0000000008000cd8                __aeabi_ul2f
                0x0000000008000cd8                __floatundisf
                0x0000000008000ce8                __aeabi_l2f
                0x0000000008000ce8                __floatdisf
 .text          0x0000000008000d64      0x2a0 c:/st/stm32cubeide_1.4.0/stm32cubeide/plugins/com.st.stm32cube.ide.mcu.externaltools.gnu-tools-for-stm32.7-2018-q2-update.win32_1.4.0.202007081208/tools/bin/../lib/gcc/arm-none-eabi/7.3.1/thumb/v7-m\libgcc.a(_arm_muldivsf3.o)
                0x0000000008000d64                __mulsf3
                0x0000000008000d64                __aeabi_fmul
                0x0000000008000ecc                __aeabi_fdiv
                0x0000000008000ecc                __divsf3
 .text          0x0000000008001004       0xec c:/st/stm32cubeide_1.4.0/stm32cubeide/plugins/com.st.stm32cube.ide.mcu.externaltools.gnu-tools-for-stm32.7-2018-q2-update.win32_1.4.0.202007081208/tools/bin/../lib/gcc/arm-none-eabi/7.3.1/thumb/v7-m\libgcc.a(_arm_cmpsf2.o)
                0x0000000008001004                __gesf2
                0x0000000008001004                __gtsf2
                0x000000000800100c                __lesf2
                0x000000000800100c                __ltsf2
                0x0000000008001014                __nesf2
                0x0000000008001014                __eqsf2
                0x0000000008001014                __cmpsf2
                0x0000000008001074                __aeabi_cfrcmple
                0x000000000800107c                __aeabi_cfcmpeq
                0x000000000800107c                __aeabi_cfcmple
                0x000000000800108c                __aeabi_fcmpeq
                0x00000000080010a0                __aeabi_fcmplt
                0x00000000080010b4                __aeabi_fcmple
                0x00000000080010c8                __aeabi_fcmpge
                0x00000000080010dc                __aeabi_fcmpgt
 *(.text*)
 .text.Calculate_LightIntensityPercentage
                0x00000000080010f0      0x134 HAL/LDR_Light_Sensor/LDR_Light_Sensor.o
                0x00000000080010f0                Calculate_LightIntensityPercentage
 .text.HAL_LDR_Init
                0x0000000008001224       0x34 HAL/LDR_Light_Sensor/LDR_Light_Sensor.o
                0x0000000008001224                HAL_LDR_Init
 .text.HAL_LDR_Read_Intensity
                0x0000000008001258       0x2c HAL/LDR_Light_Sensor/LDR_Light_Sensor.o
                0x0000000008001258                HAL_LDR_Read_Intensity
 .text.HAL_LDR_UART_SendData
                0x0000000008001284       0x48 HAL/LDR_Light_Sensor/LDR_Light_Sensor.o
                0x0000000008001284                HAL_LDR_UART_SendData
 .text.HAL_LM35_Init
                0x00000000080012cc       0x34 HAL/LM35_Temp_Sensor/LM35_Temp_Sensor.o
                0x00000000080012cc                HAL_LM35_Init
 .text.HAL_LM35_Read
                0x0000000008001300       0x74 HAL/LM35_Temp_Sensor/LM35_Temp_Sensor.o
                0x0000000008001300                HAL_LM35_Read
 .text.ADC_Init
                0x0000000008001374      0x150 MCAL/ADC/ADC.o
                0x0000000008001374                ADC_Init
 .text.ADC_Read_SingleChannel
                0x00000000080014c4       0x42 MCAL/ADC/ADC.o
                0x00000000080014c4                ADC_Read_SingleChannel
 *fill*         0x0000000008001506        0x2 
 .text.ADC1_2_IRQHandler
                0x0000000008001508       0x3c MCAL/ADC/ADC.o
                0x0000000008001508                ADC1_2_IRQHandler
 .text.EXTI0_IRQHandler
                0x0000000008001544       0x24 MCAL/EXTI/EXTI_Driver.o
                0x0000000008001544                EXTI0_IRQHandler
 .text.EXTI1_IRQHandler
                0x0000000008001568       0x24 MCAL/EXTI/EXTI_Driver.o
                0x0000000008001568                EXTI1_IRQHandler
 .text.EXTI2_IRQHandler
                0x000000000800158c       0x24 MCAL/EXTI/EXTI_Driver.o
                0x000000000800158c                EXTI2_IRQHandler
 .text.EXTI3_IRQHandler
                0x00000000080015b0       0x24 MCAL/EXTI/EXTI_Driver.o
                0x00000000080015b0                EXTI3_IRQHandler
 .text.EXTI4_IRQHandler
                0x00000000080015d4       0x24 MCAL/EXTI/EXTI_Driver.o
                0x00000000080015d4                EXTI4_IRQHandler
 .text.EXTI9_5_IRQHandler
                0x00000000080015f8       0xa8 MCAL/EXTI/EXTI_Driver.o
                0x00000000080015f8                EXTI9_5_IRQHandler
 .text.EXTI15_10_IRQHandler
                0x00000000080016a0       0xe4 MCAL/EXTI/EXTI_Driver.o
                0x00000000080016a0                EXTI15_10_IRQHandler
 .text.getCRLHPinPos
                0x0000000008001784       0xc6 MCAL/GPIO/GPIO_Driver.o
                0x0000000008001784                getCRLHPinPos
 .text.MCAL_GPIO_Init
                0x000000000800184a      0x116 MCAL/GPIO/GPIO_Driver.o
                0x000000000800184a                MCAL_GPIO_Init
 .text.wait     0x0000000008001960       0x38 MCAL/GPIO/GPIO_Driver.o
                0x0000000008001960                wait
 .text.MCAL_RCC_GET_SYS_CLKFreq
                0x0000000008001998       0x44 MCAL/RCC/RCC.o
                0x0000000008001998                MCAL_RCC_GET_SYS_CLKFreq
 .text.MCAL_RCC_GET_HCLKFreq
                0x00000000080019dc       0x28 MCAL/RCC/RCC.o
                0x00000000080019dc                MCAL_RCC_GET_HCLKFreq
 .text.MCAL_RCC_GET_PCLK1Freq
                0x0000000008001a04       0x28 MCAL/RCC/RCC.o
                0x0000000008001a04                MCAL_RCC_GET_PCLK1Freq
 .text.MCAL_RCC_GET_PCLK2Freq
                0x0000000008001a2c       0x28 MCAL/RCC/RCC.o
                0x0000000008001a2c                MCAL_RCC_GET_PCLK2Freq
 .text.TIM2_IRQHandler
                0x0000000008001a54       0x34 MCAL/TIM/TIM.o
                0x0000000008001a54                TIM2_IRQHandler
 .text.TIM1_UP_IRQHandler
                0x0000000008001a88       0x2c MCAL/TIM/TIM.o
                0x0000000008001a88                TIM1_UP_IRQHandler
 .text.TIM3_IRQHandler
                0x0000000008001ab4       0x2c MCAL/TIM/TIM.o
                0x0000000008001ab4                TIM3_IRQHandler
 .text.TIM4_IRQHandler
                0x0000000008001ae0       0x2c MCAL/TIM/TIM.o
                0x0000000008001ae0                TIM4_IRQHandler
 .text.MCAL_UART_Init
                0x0000000008001b0c      0x1a8 MCAL/UART/UART.o
                0x0000000008001b0c                MCAL_UART_Init
 .text.MCAL_UART_SendData
                0x0000000008001cb4       0xc0 MCAL/UART/UART.o
                0x0000000008001cb4                MCAL_UART_SendData
 .text.MCAL_UART_GPIO_SetPins
                0x0000000008001d74       0xcc MCAL/UART/UART.o
                0x0000000008001d74                MCAL_UART_GPIO_SetPins
 .text.USART1_IRQHandler
                0x0000000008001e40       0x14 MCAL/UART/UART.o
                0x0000000008001e40                USART1_IRQHandler
 .text.USART2_IRQHandler
                0x0000000008001e54       0x14 MCAL/UART/UART.o
                0x0000000008001e54                USART2_IRQHandler
 .text.USART3_IRQHandler
                0x0000000008001e68       0x14 MCAL/UART/UART.o
                0x0000000008001e68                USART3_IRQHandler
 .text.clockInit
                0x0000000008001e7c       0x28 Src/main.o
                0x0000000008001e7c                clockInit
 .text.main     0x0000000008001ea4       0x4c Src/main.o
                0x0000000008001ea4                main
 .text._sbrk    0x0000000008001ef0       0x6c Src/sysmem.o
                0x0000000008001ef0                _sbrk
 .text.Reset_Handler
                0x0000000008001f5c       0x50 Startup/startup_stm32f103c8tx.o
                0x0000000008001f5c                Reset_Handler
 .text.Default_Handler
                0x0000000008001fac        0x2 Startup/startup_stm32f103c8tx.o
                0x0000000008001fac                TIM8_TRG_COM_IRQHandler
                0x0000000008001fac                TIM8_CC_IRQHandler
                0x0000000008001fac                DebugMon_Handler
                0x0000000008001fac                TIM1_CC_IRQHandler
                0x0000000008001fac                HardFault_Handler
                0x0000000008001fac                TIM6_IRQHandler
                0x0000000008001fac                SysTick_Handler
                0x0000000008001fac                PVD_IRQHandler
                0x0000000008001fac                SDIO_IRQHandler
                0x0000000008001fac                PendSV_Handler
                0x0000000008001fac                NMI_Handler
                0x0000000008001fac                USB_HP_CAN_TX_IRQHandler
                0x0000000008001fac                I2C2_EV_IRQHandler
                0x0000000008001fac                UsageFault_Handler
                0x0000000008001fac                SPI1_IRQHandler
                0x0000000008001fac                CAN_SCE_IRQHandler
                0x0000000008001fac                TAMPER_IRQHandler
                0x0000000008001fac                TIM8_UP_IRQHandler
                0x0000000008001fac                DMA2_Channel2_IRQHandler
                0x0000000008001fac                DMA1_Channel4_IRQHandler
                0x0000000008001fac                RTC_IRQHandler
                0x0000000008001fac                DMA1_Channel7_IRQHandler
                0x0000000008001fac                UART5_IRQHandler
                0x0000000008001fac                ADC3_IRQHandler
                0x0000000008001fac                CAN_RX1_IRQHandler
                0x0000000008001fac                DMA2_Channel1_IRQHandler
                0x0000000008001fac                I2C1_EV_IRQHandler
                0x0000000008001fac                DMA1_Channel6_IRQHandler
                0x0000000008001fac                UART4_IRQHandler
                0x0000000008001fac                RCC_IRQHandler
                0x0000000008001fac                TIM1_TRG_COM_IRQHandler
                0x0000000008001fac                DMA1_Channel1_IRQHandler
                0x0000000008001fac                Default_Handler
                0x0000000008001fac                TIM7_IRQHandler
                0x0000000008001fac                TIM5_IRQHandler
                0x0000000008001fac                SPI2_IRQHandler
                0x0000000008001fac                USB_LP_CAN_RX0_IRQHandler
                0x0000000008001fac                MemManage_Handler
                0x0000000008001fac                SVC_Handler
                0x0000000008001fac                DMA1_Channel5_IRQHandler
                0x0000000008001fac                DMA1_Channel3_IRQHandler
                0x0000000008001fac                FSMC_IRQHandler
                0x0000000008001fac                WWDG_IRQHandler
                0x0000000008001fac                TIM1_BRK_IRQHandler
                0x0000000008001fac                RTCAlarm_IRQHandler
                0x0000000008001fac                DMA2_Channel4_5_IRQHandler
                0x0000000008001fac                I2C2_ER_IRQHandler
                0x0000000008001fac                DMA1_Channel2_IRQHandler
                0x0000000008001fac                TIM8_BRK_IRQHandler
                0x0000000008001fac                FLASH_IRQHandler
                0x0000000008001fac                BusFault_Handler
                0x0000000008001fac                SPI3_IRQHandler
                0x0000000008001fac                I2C1_ER_IRQHandler
                0x0000000008001fac                DMA2_Channel3_IRQHandler
 *fill*         0x0000000008001fae        0x2 
 .text.__errno  0x0000000008001fb0        0xc c:/st/stm32cubeide_1.4.0/stm32cubeide/plugins/com.st.stm32cube.ide.mcu.externaltools.gnu-tools-for-stm32.7-2018-q2-update.win32_1.4.0.202007081208/tools/bin/../lib/gcc/arm-none-eabi/7.3.1/../../../../arm-none-eabi/lib/thumb/v7-m\libc_nano.a(lib_a-errno.o)
                0x0000000008001fb0                __errno
 .text.__libc_init_array
                0x0000000008001fbc       0x48 c:/st/stm32cubeide_1.4.0/stm32cubeide/plugins/com.st.stm32cube.ide.mcu.externaltools.gnu-tools-for-stm32.7-2018-q2-update.win32_1.4.0.202007081208/tools/bin/../lib/gcc/arm-none-eabi/7.3.1/../../../../arm-none-eabi/lib/thumb/v7-m\libc_nano.a(lib_a-init.o)
                0x0000000008001fbc                __libc_init_array
 .text.memset   0x0000000008002004       0x10 c:/st/stm32cubeide_1.4.0/stm32cubeide/plugins/com.st.stm32cube.ide.mcu.externaltools.gnu-tools-for-stm32.7-2018-q2-update.win32_1.4.0.202007081208/tools/bin/../lib/gcc/arm-none-eabi/7.3.1/../../../../arm-none-eabi/lib/thumb/v7-m\libc_nano.a(lib_a-memset.o)
                0x0000000008002004                memset
 .text.__cvt    0x0000000008002014       0xb8 c:/st/stm32cubeide_1.4.0/stm32cubeide/plugins/com.st.stm32cube.ide.mcu.externaltools.gnu-tools-for-stm32.7-2018-q2-update.win32_1.4.0.202007081208/tools/bin/../lib/gcc/arm-none-eabi/7.3.1/../../../../arm-none-eabi/lib/thumb/v7-m\libc_nano.a(lib_a-nano-vfprintf_float.o)
                0x0000000008002014                __cvt
 .text.__exponent
                0x00000000080020cc       0x6a c:/st/stm32cubeide_1.4.0/stm32cubeide/plugins/com.st.stm32cube.ide.mcu.externaltools.gnu-tools-for-stm32.7-2018-q2-update.win32_1.4.0.202007081208/tools/bin/../lib/gcc/arm-none-eabi/7.3.1/../../../../arm-none-eabi/lib/thumb/v7-m\libc_nano.a(lib_a-nano-vfprintf_float.o)
                0x00000000080020cc                __exponent
 *fill*         0x0000000008002136        0x2 
 .text._printf_float
                0x0000000008002138      0x46c c:/st/stm32cubeide_1.4.0/stm32cubeide/plugins/com.st.stm32cube.ide.mcu.externaltools.gnu-tools-for-stm32.7-2018-q2-update.win32_1.4.0.202007081208/tools/bin/../lib/gcc/arm-none-eabi/7.3.1/../../../../arm-none-eabi/lib/thumb/v7-m\libc_nano.a(lib_a-nano-vfprintf_float.o)
                0x0000000008002138                _printf_float
 .text._printf_common
                0x00000000080025a4       0xec c:/st/stm32cubeide_1.4.0/stm32cubeide/plugins/com.st.stm32cube.ide.mcu.externaltools.gnu-tools-for-stm32.7-2018-q2-update.win32_1.4.0.202007081208/tools/bin/../lib/gcc/arm-none-eabi/7.3.1/../../../../arm-none-eabi/lib/thumb/v7-m\libc_nano.a(lib_a-nano-vfprintf_i.o)
                0x00000000080025a4                _printf_common
 .text._printf_i
                0x0000000008002690      0x224 c:/st/stm32cubeide_1.4.0/stm32cubeide/plugins/com.st.stm32cube.ide.mcu.externaltools.gnu-tools-for-stm32.7-2018-q2-update.win32_1.4.0.202007081208/tools/bin/../lib/gcc/arm-none-eabi/7.3.1/../../../../arm-none-eabi/lib/thumb/v7-m\libc_nano.a(lib_a-nano-vfprintf_i.o)
                0x0000000008002690                _printf_i
 .text.sprintf  0x00000000080028b4       0x40 c:/st/stm32cubeide_1.4.0/stm32cubeide/plugins/com.st.stm32cube.ide.mcu.externaltools.gnu-tools-for-stm32.7-2018-q2-update.win32_1.4.0.202007081208/tools/bin/../lib/gcc/arm-none-eabi/7.3.1/../../../../arm-none-eabi/lib/thumb/v7-m\libc_nano.a(lib_a-sprintf.o)
                0x00000000080028b4                siprintf
                0x00000000080028b4                sprintf
 .text.quorem   0x00000000080028f4      0x11c c:/st/stm32cubeide_1.4.0/stm32cubeide/plugins/com.st.stm32cube.ide.mcu.externaltools.gnu-tools-for-stm32.7-2018-q2-update.win32_1.4.0.202007081208/tools/bin/../lib/gcc/arm-none-eabi/7.3.1/../../../../arm-none-eabi/lib/thumb/v7-m\libc_nano.a(lib_a-dtoa.o)
 .text._dtoa_r  0x0000000008002a10      0xb68 c:/st/stm32cubeide_1.4.0/stm32cubeide/plugins/com.st.stm32cube.ide.mcu.externaltools.gnu-tools-for-stm32.7-2018-q2-update.win32_1.4.0.202007081208/tools/bin/../lib/gcc/arm-none-eabi/7.3.1/../../../../arm-none-eabi/lib/thumb/v7-m\libc_nano.a(lib_a-dtoa.o)
                0x0000000008002a10                _dtoa_r
 .text._localeconv_r
                0x0000000008003578       0x1c c:/st/stm32cubeide_1.4.0/stm32cubeide/plugins/com.st.stm32cube.ide.mcu.externaltools.gnu-tools-for-stm32.7-2018-q2-update.win32_1.4.0.202007081208/tools/bin/../lib/gcc/arm-none-eabi/7.3.1/../../../../arm-none-eabi/lib/thumb/v7-m\libc_nano.a(lib_a-localeconv.o)
                0x0000000008003578                _localeconv_r
 .text.malloc   0x0000000008003594       0x10 c:/st/stm32cubeide_1.4.0/stm32cubeide/plugins/com.st.stm32cube.ide.mcu.externaltools.gnu-tools-for-stm32.7-2018-q2-update.win32_1.4.0.202007081208/tools/bin/../lib/gcc/arm-none-eabi/7.3.1/../../../../arm-none-eabi/lib/thumb/v7-m\libc_nano.a(lib_a-malloc.o)
                0x0000000008003594                malloc
 .text.memchr   0x00000000080035a4       0x1c c:/st/stm32cubeide_1.4.0/stm32cubeide/plugins/com.st.stm32cube.ide.mcu.externaltools.gnu-tools-for-stm32.7-2018-q2-update.win32_1.4.0.202007081208/tools/bin/../lib/gcc/arm-none-eabi/7.3.1/../../../../arm-none-eabi/lib/thumb/v7-m\libc_nano.a(lib_a-memchr-stub.o)
                0x00000000080035a4                memchr
 .text.memcpy   0x00000000080035c0       0x16 c:/st/stm32cubeide_1.4.0/stm32cubeide/plugins/com.st.stm32cube.ide.mcu.externaltools.gnu-tools-for-stm32.7-2018-q2-update.win32_1.4.0.202007081208/tools/bin/../lib/gcc/arm-none-eabi/7.3.1/../../../../arm-none-eabi/lib/thumb/v7-m\libc_nano.a(lib_a-memcpy-stub.o)
                0x00000000080035c0                memcpy
 .text._Balloc  0x00000000080035d6       0x68 c:/st/stm32cubeide_1.4.0/stm32cubeide/plugins/com.st.stm32cube.ide.mcu.externaltools.gnu-tools-for-stm32.7-2018-q2-update.win32_1.4.0.202007081208/tools/bin/../lib/gcc/arm-none-eabi/7.3.1/../../../../arm-none-eabi/lib/thumb/v7-m\libc_nano.a(lib_a-mprec.o)
                0x00000000080035d6                _Balloc
 .text._Bfree   0x000000000800363e       0x2e c:/st/stm32cubeide_1.4.0/stm32cubeide/plugins/com.st.stm32cube.ide.mcu.externaltools.gnu-tools-for-stm32.7-2018-q2-update.win32_1.4.0.202007081208/tools/bin/../lib/gcc/arm-none-eabi/7.3.1/../../../../arm-none-eabi/lib/thumb/v7-m\libc_nano.a(lib_a-mprec.o)
                0x000000000800363e                _Bfree
 .text.__multadd
                0x000000000800366c       0x76 c:/st/stm32cubeide_1.4.0/stm32cubeide/plugins/com.st.stm32cube.ide.mcu.externaltools.gnu-tools-for-stm32.7-2018-q2-update.win32_1.4.0.202007081208/tools/bin/../lib/gcc/arm-none-eabi/7.3.1/../../../../arm-none-eabi/lib/thumb/v7-m\libc_nano.a(lib_a-mprec.o)
                0x000000000800366c                __multadd
 .text.__hi0bits
                0x00000000080036e2       0x3e c:/st/stm32cubeide_1.4.0/stm32cubeide/plugins/com.st.stm32cube.ide.mcu.externaltools.gnu-tools-for-stm32.7-2018-q2-update.win32_1.4.0.202007081208/tools/bin/../lib/gcc/arm-none-eabi/7.3.1/../../../../arm-none-eabi/lib/thumb/v7-m\libc_nano.a(lib_a-mprec.o)
                0x00000000080036e2                __hi0bits
 .text.__lo0bits
                0x0000000008003720       0x5e c:/st/stm32cubeide_1.4.0/stm32cubeide/plugins/com.st.stm32cube.ide.mcu.externaltools.gnu-tools-for-stm32.7-2018-q2-update.win32_1.4.0.202007081208/tools/bin/../lib/gcc/arm-none-eabi/7.3.1/../../../../arm-none-eabi/lib/thumb/v7-m\libc_nano.a(lib_a-mprec.o)
                0x0000000008003720                __lo0bits
 .text.__i2b    0x000000000800377e       0x12 c:/st/stm32cubeide_1.4.0/stm32cubeide/plugins/com.st.stm32cube.ide.mcu.externaltools.gnu-tools-for-stm32.7-2018-q2-update.win32_1.4.0.202007081208/tools/bin/../lib/gcc/arm-none-eabi/7.3.1/../../../../arm-none-eabi/lib/thumb/v7-m\libc_nano.a(lib_a-mprec.o)
                0x000000000800377e                __i2b
 .text.__multiply
                0x0000000008003790      0x12a c:/st/stm32cubeide_1.4.0/stm32cubeide/plugins/com.st.stm32cube.ide.mcu.externaltools.gnu-tools-for-stm32.7-2018-q2-update.win32_1.4.0.202007081208/tools/bin/../lib/gcc/arm-none-eabi/7.3.1/../../../../arm-none-eabi/lib/thumb/v7-m\libc_nano.a(lib_a-mprec.o)
                0x0000000008003790                __multiply
 *fill*         0x00000000080038ba        0x2 
 .text.__pow5mult
                0x00000000080038bc       0x9c c:/st/stm32cubeide_1.4.0/stm32cubeide/plugins/com.st.stm32cube.ide.mcu.externaltools.gnu-tools-for-stm32.7-2018-q2-update.win32_1.4.0.202007081208/tools/bin/../lib/gcc/arm-none-eabi/7.3.1/../../../../arm-none-eabi/lib/thumb/v7-m\libc_nano.a(lib_a-mprec.o)
                0x00000000080038bc                __pow5mult
 .text.__lshift
                0x0000000008003958       0xa8 c:/st/stm32cubeide_1.4.0/stm32cubeide/plugins/com.st.stm32cube.ide.mcu.externaltools.gnu-tools-for-stm32.7-2018-q2-update.win32_1.4.0.202007081208/tools/bin/../lib/gcc/arm-none-eabi/7.3.1/../../../../arm-none-eabi/lib/thumb/v7-m\libc_nano.a(lib_a-mprec.o)
                0x0000000008003958                __lshift
 .text.__mcmp   0x0000000008003a00       0x34 c:/st/stm32cubeide_1.4.0/stm32cubeide/plugins/com.st.stm32cube.ide.mcu.externaltools.gnu-tools-for-stm32.7-2018-q2-update.win32_1.4.0.202007081208/tools/bin/../lib/gcc/arm-none-eabi/7.3.1/../../../../arm-none-eabi/lib/thumb/v7-m\libc_nano.a(lib_a-mprec.o)
                0x0000000008003a00                __mcmp
 .text.__mdiff  0x0000000008003a34       0xbc c:/st/stm32cubeide_1.4.0/stm32cubeide/plugins/com.st.stm32cube.ide.mcu.externaltools.gnu-tools-for-stm32.7-2018-q2-update.win32_1.4.0.202007081208/tools/bin/../lib/gcc/arm-none-eabi/7.3.1/../../../../arm-none-eabi/lib/thumb/v7-m\libc_nano.a(lib_a-mprec.o)
                0x0000000008003a34                __mdiff
 .text.__d2b    0x0000000008003af0       0x9e c:/st/stm32cubeide_1.4.0/stm32cubeide/plugins/com.st.stm32cube.ide.mcu.externaltools.gnu-tools-for-stm32.7-2018-q2-update.win32_1.4.0.202007081208/tools/bin/../lib/gcc/arm-none-eabi/7.3.1/../../../../arm-none-eabi/lib/thumb/v7-m\libc_nano.a(lib_a-mprec.o)
                0x0000000008003af0                __d2b
 .text._calloc_r
                0x0000000008003b8e       0x1c c:/st/stm32cubeide_1.4.0/stm32cubeide/plugins/com.st.stm32cube.ide.mcu.externaltools.gnu-tools-for-stm32.7-2018-q2-update.win32_1.4.0.202007081208/tools/bin/../lib/gcc/arm-none-eabi/7.3.1/../../../../arm-none-eabi/lib/thumb/v7-m\libc_nano.a(lib_a-nano-callocr.o)
                0x0000000008003b8e                _calloc_r
 *fill*         0x0000000008003baa        0x2 
 .text._free_r  0x0000000008003bac       0x98 c:/st/stm32cubeide_1.4.0/stm32cubeide/plugins/com.st.stm32cube.ide.mcu.externaltools.gnu-tools-for-stm32.7-2018-q2-update.win32_1.4.0.202007081208/tools/bin/../lib/gcc/arm-none-eabi/7.3.1/../../../../arm-none-eabi/lib/thumb/v7-m\libc_nano.a(lib_a-nano-freer.o)
                0x0000000008003bac                _free_r
 .text._malloc_r
                0x0000000008003c44       0xb4 c:/st/stm32cubeide_1.4.0/stm32cubeide/plugins/com.st.stm32cube.ide.mcu.externaltools.gnu-tools-for-stm32.7-2018-q2-update.win32_1.4.0.202007081208/tools/bin/../lib/gcc/arm-none-eabi/7.3.1/../../../../arm-none-eabi/lib/thumb/v7-m\libc_nano.a(lib_a-nano-mallocr.o)
                0x0000000008003c44                _malloc_r
 .text.__ssputs_r
                0x0000000008003cf8       0xb4 c:/st/stm32cubeide_1.4.0/stm32cubeide/plugins/com.st.stm32cube.ide.mcu.externaltools.gnu-tools-for-stm32.7-2018-q2-update.win32_1.4.0.202007081208/tools/bin/../lib/gcc/arm-none-eabi/7.3.1/../../../../arm-none-eabi/lib/thumb/v7-m\libc_nano.a(lib_a-nano-svfprintf.o)
                0x0000000008003cf8                __ssputs_r
 .text._svfprintf_r
                0x0000000008003dac      0x1f0 c:/st/stm32cubeide_1.4.0/stm32cubeide/plugins/com.st.stm32cube.ide.mcu.externaltools.gnu-tools-for-stm32.7-2018-q2-update.win32_1.4.0.202007081208/tools/bin/../lib/gcc/arm-none-eabi/7.3.1/../../../../arm-none-eabi/lib/thumb/v7-m\libc_nano.a(lib_a-nano-svfprintf.o)
                0x0000000008003dac                _svfiprintf_r
                0x0000000008003dac                _svfprintf_r
 .text._sbrk_r  0x0000000008003f9c       0x20 c:/st/stm32cubeide_1.4.0/stm32cubeide/plugins/com.st.stm32cube.ide.mcu.externaltools.gnu-tools-for-stm32.7-2018-q2-update.win32_1.4.0.202007081208/tools/bin/../lib/gcc/arm-none-eabi/7.3.1/../../../../arm-none-eabi/lib/thumb/v7-m\libc_nano.a(lib_a-sbrkr.o)
                0x0000000008003f9c                _sbrk_r
 .text.__ascii_mbtowc
                0x0000000008003fbc       0x24 c:/st/stm32cubeide_1.4.0/stm32cubeide/plugins/com.st.stm32cube.ide.mcu.externaltools.gnu-tools-for-stm32.7-2018-q2-update.win32_1.4.0.202007081208/tools/bin/../lib/gcc/arm-none-eabi/7.3.1/../../../../arm-none-eabi/lib/thumb/v7-m\libc_nano.a(lib_a-mbtowc_r.o)
                0x0000000008003fbc                __ascii_mbtowc
 .text.memmove  0x0000000008003fe0       0x32 c:/st/stm32cubeide_1.4.0/stm32cubeide/plugins/com.st.stm32cube.ide.mcu.externaltools.gnu-tools-for-stm32.7-2018-q2-update.win32_1.4.0.202007081208/tools/bin/../lib/gcc/arm-none-eabi/7.3.1/../../../../arm-none-eabi/lib/thumb/v7-m\libc_nano.a(lib_a-memmove.o)
                0x0000000008003fe0                memmove
 .text.__malloc_lock
                0x0000000008004012        0x2 c:/st/stm32cubeide_1.4.0/stm32cubeide/plugins/com.st.stm32cube.ide.mcu.externaltools.gnu-tools-for-stm32.7-2018-q2-update.win32_1.4.0.202007081208/tools/bin/../lib/gcc/arm-none-eabi/7.3.1/../../../../arm-none-eabi/lib/thumb/v7-m\libc_nano.a(lib_a-mlock.o)
                0x0000000008004012                __malloc_lock
 .text.__malloc_unlock
                0x0000000008004014        0x2 c:/st/stm32cubeide_1.4.0/stm32cubeide/plugins/com.st.stm32cube.ide.mcu.externaltools.gnu-tools-for-stm32.7-2018-q2-update.win32_1.4.0.202007081208/tools/bin/../lib/gcc/arm-none-eabi/7.3.1/../../../../arm-none-eabi/lib/thumb/v7-m\libc_nano.a(lib_a-mlock.o)
                0x0000000008004014                __malloc_unlock
 .text._realloc_r
                0x0000000008004016       0x4c c:/st/stm32cubeide_1.4.0/stm32cubeide/plugins/com.st.stm32cube.ide.mcu.externaltools.gnu-tools-for-stm32.7-2018-q2-update.win32_1.4.0.202007081208/tools/bin/../lib/gcc/arm-none-eabi/7.3.1/../../../../arm-none-eabi/lib/thumb/v7-m\libc_nano.a(lib_a-nano-reallocr.o)
                0x0000000008004016                _realloc_r
 .text.__ascii_wctomb
                0x0000000008004062       0x1a c:/st/stm32cubeide_1.4.0/stm32cubeide/plugins/com.st.stm32cube.ide.mcu.externaltools.gnu-tools-for-stm32.7-2018-q2-update.win32_1.4.0.202007081208/tools/bin/../lib/gcc/arm-none-eabi/7.3.1/../../../../arm-none-eabi/lib/thumb/v7-m\libc_nano.a(lib_a-wctomb_r.o)
                0x0000000008004062                __ascii_wctomb
 .text._malloc_usable_size_r
                0x000000000800407c       0x10 c:/st/stm32cubeide_1.4.0/stm32cubeide/plugins/com.st.stm32cube.ide.mcu.externaltools.gnu-tools-for-stm32.7-2018-q2-update.win32_1.4.0.202007081208/tools/bin/../lib/gcc/arm-none-eabi/7.3.1/../../../../arm-none-eabi/lib/thumb/v7-m\libc_nano.a(lib_a-nano-msizer.o)
                0x000000000800407c                _malloc_usable_size_r
 .text.log      0x000000000800408c       0xf4 c:/st/stm32cubeide_1.4.0/stm32cubeide/plugins/com.st.stm32cube.ide.mcu.externaltools.gnu-tools-for-stm32.7-2018-q2-update.win32_1.4.0.202007081208/tools/bin/../lib/gcc/arm-none-eabi/7.3.1/../../../../arm-none-eabi/lib/thumb/v7-m\libm.a(lib_a-w_log.o)
                0x000000000800408c                log
 .text.__ieee754_log
                0x0000000008004180      0x364 c:/st/stm32cubeide_1.4.0/stm32cubeide/plugins/com.st.stm32cube.ide.mcu.externaltools.gnu-tools-for-stm32.7-2018-q2-update.win32_1.4.0.202007081208/tools/bin/../lib/gcc/arm-none-eabi/7.3.1/../../../../arm-none-eabi/lib/thumb/v7-m\libm.a(lib_a-e_log.o)
                0x0000000008004180                __ieee754_log
 .text.matherr  0x00000000080044e4        0x4 c:/st/stm32cubeide_1.4.0/stm32cubeide/plugins/com.st.stm32cube.ide.mcu.externaltools.gnu-tools-for-stm32.7-2018-q2-update.win32_1.4.0.202007081208/tools/bin/../lib/gcc/arm-none-eabi/7.3.1/../../../../arm-none-eabi/lib/thumb/v7-m\libm.a(lib_a-s_matherr.o)
                0x00000000080044e4                matherr
 .text.nan      0x00000000080044e8        0xc c:/st/stm32cubeide_1.4.0/stm32cubeide/plugins/com.st.stm32cube.ide.mcu.externaltools.gnu-tools-for-stm32.7-2018-q2-update.win32_1.4.0.202007081208/tools/bin/../lib/gcc/arm-none-eabi/7.3.1/../../../../arm-none-eabi/lib/thumb/v7-m\libm.a(lib_a-s_nan.o)
                0x00000000080044e8                nan
 *(.glue_7)
 .glue_7        0x00000000080044f4        0x0 linker stubs
 *(.glue_7t)
 .glue_7t       0x00000000080044f4        0x0 linker stubs
 *(.eh_frame)
 .eh_frame      0x00000000080044f4        0x0 c:/st/stm32cubeide_1.4.0/stm32cubeide/plugins/com.st.stm32cube.ide.mcu.externaltools.gnu-tools-for-stm32.7-2018-q2-update.win32_1.4.0.202007081208/tools/bin/../lib/gcc/arm-none-eabi/7.3.1/thumb/v7-m/crtbegin.o
 *(.init)
 .init          0x00000000080044f4        0x4 c:/st/stm32cubeide_1.4.0/stm32cubeide/plugins/com.st.stm32cube.ide.mcu.externaltools.gnu-tools-for-stm32.7-2018-q2-update.win32_1.4.0.202007081208/tools/bin/../lib/gcc/arm-none-eabi/7.3.1/thumb/v7-m/crti.o
                0x00000000080044f4                _init
 .init          0x00000000080044f8        0x8 c:/st/stm32cubeide_1.4.0/stm32cubeide/plugins/com.st.stm32cube.ide.mcu.externaltools.gnu-tools-for-stm32.7-2018-q2-update.win32_1.4.0.202007081208/tools/bin/../lib/gcc/arm-none-eabi/7.3.1/thumb/v7-m/crtn.o
 *(.fini)
 .fini          0x0000000008004500        0x4 c:/st/stm32cubeide_1.4.0/stm32cubeide/plugins/com.st.stm32cube.ide.mcu.externaltools.gnu-tools-for-stm32.7-2018-q2-update.win32_1.4.0.202007081208/tools/bin/../lib/gcc/arm-none-eabi/7.3.1/thumb/v7-m/crti.o
                0x0000000008004500                _fini
 .fini          0x0000000008004504        0x8 c:/st/stm32cubeide_1.4.0/stm32cubeide/plugins/com.st.stm32cube.ide.mcu.externaltools.gnu-tools-for-stm32.7-2018-q2-update.win32_1.4.0.202007081208/tools/bin/../lib/gcc/arm-none-eabi/7.3.1/thumb/v7-m/crtn.o
                0x000000000800450c                . = ALIGN (0x4)
                0x000000000800450c                _etext = .

.vfp11_veneer   0x000000000800450c        0x0
 .vfp11_veneer  0x000000000800450c        0x0 linker stubs

.v4_bx          0x000000000800450c        0x0
 .v4_bx         0x000000000800450c        0x0 linker stubs

.iplt           0x000000000800450c        0x0
 .iplt          0x000000000800450c        0x0 c:/st/stm32cubeide_1.4.0/stm32cubeide/plugins/com.st.stm32cube.ide.mcu.externaltools.gnu-tools-for-stm32.7-2018-q2-update.win32_1.4.0.202007081208/tools/bin/../lib/gcc/arm-none-eabi/7.3.1/thumb/v7-m/crtbegin.o

.rodata         0x0000000008004510      0x2a4
                0x0000000008004510                . = ALIGN (0x4)
 *(.rodata)
 .rodata        0x0000000008004510       0x16 HAL/LDR_Light_Sensor/LDR_Light_Sensor.o
 *fill*         0x0000000008004526        0x2 
 .rodata        0x0000000008004528       0x14 Src/main.o
 *(.rodata*)
 .rodata.APBPreSCTable
                0x000000000800453c        0x8 MCAL/RCC/RCC.o
                0x000000000800453c                APBPreSCTable
 .rodata.AHBPreSCTable
                0x0000000008004544       0x11 MCAL/RCC/RCC.o
                0x0000000008004544                AHBPreSCTable
 .rodata._printf_float.str1.1
                0x0000000008004555       0x12 c:/st/stm32cubeide_1.4.0/stm32cubeide/plugins/com.st.stm32cube.ide.mcu.externaltools.gnu-tools-for-stm32.7-2018-q2-update.win32_1.4.0.202007081208/tools/bin/../lib/gcc/arm-none-eabi/7.3.1/../../../../arm-none-eabi/lib/thumb/v7-m\libc_nano.a(lib_a-nano-vfprintf_float.o)
 .rodata._printf_i.str1.1
                0x0000000008004567       0x22 c:/st/stm32cubeide_1.4.0/stm32cubeide/plugins/com.st.stm32cube.ide.mcu.externaltools.gnu-tools-for-stm32.7-2018-q2-update.win32_1.4.0.202007081208/tools/bin/../lib/gcc/arm-none-eabi/7.3.1/../../../../arm-none-eabi/lib/thumb/v7-m\libc_nano.a(lib_a-nano-vfprintf_i.o)
 .rodata._dtoa_r.str1.1
                0x0000000008004589        0xd c:/st/stm32cubeide_1.4.0/stm32cubeide/plugins/com.st.stm32cube.ide.mcu.externaltools.gnu-tools-for-stm32.7-2018-q2-update.win32_1.4.0.202007081208/tools/bin/../lib/gcc/arm-none-eabi/7.3.1/../../../../arm-none-eabi/lib/thumb/v7-m\libc_nano.a(lib_a-dtoa.o)
                                          0xf (size before relaxing)
 *fill*         0x0000000008004596        0x2 
 .rodata.__mprec_bigtens
                0x0000000008004598       0x28 c:/st/stm32cubeide_1.4.0/stm32cubeide/plugins/com.st.stm32cube.ide.mcu.externaltools.gnu-tools-for-stm32.7-2018-q2-update.win32_1.4.0.202007081208/tools/bin/../lib/gcc/arm-none-eabi/7.3.1/../../../../arm-none-eabi/lib/thumb/v7-m\libc_nano.a(lib_a-mprec.o)
                0x0000000008004598                __mprec_bigtens
 .rodata.__mprec_tens
                0x00000000080045c0       0xc8 c:/st/stm32cubeide_1.4.0/stm32cubeide/plugins/com.st.stm32cube.ide.mcu.externaltools.gnu-tools-for-stm32.7-2018-q2-update.win32_1.4.0.202007081208/tools/bin/../lib/gcc/arm-none-eabi/7.3.1/../../../../arm-none-eabi/lib/thumb/v7-m\libc_nano.a(lib_a-mprec.o)
                0x00000000080045c0                __mprec_tens
 .rodata.p05.6084
                0x0000000008004688        0xc c:/st/stm32cubeide_1.4.0/stm32cubeide/plugins/com.st.stm32cube.ide.mcu.externaltools.gnu-tools-for-stm32.7-2018-q2-update.win32_1.4.0.202007081208/tools/bin/../lib/gcc/arm-none-eabi/7.3.1/../../../../arm-none-eabi/lib/thumb/v7-m\libc_nano.a(lib_a-mprec.o)
 .rodata._svfprintf_r.str1.1
                0x0000000008004694       0x11 c:/st/stm32cubeide_1.4.0/stm32cubeide/plugins/com.st.stm32cube.ide.mcu.externaltools.gnu-tools-for-stm32.7-2018-q2-update.win32_1.4.0.202007081208/tools/bin/../lib/gcc/arm-none-eabi/7.3.1/../../../../arm-none-eabi/lib/thumb/v7-m\libc_nano.a(lib_a-nano-svfprintf.o)
 .rodata._setlocale_r.str1.1
                0x00000000080046a5        0x8 c:/st/stm32cubeide_1.4.0/stm32cubeide/plugins/com.st.stm32cube.ide.mcu.externaltools.gnu-tools-for-stm32.7-2018-q2-update.win32_1.4.0.202007081208/tools/bin/../lib/gcc/arm-none-eabi/7.3.1/../../../../arm-none-eabi/lib/thumb/v7-m\libc_nano.a(lib_a-locale.o)
                                          0x9 (size before relaxing)
 .rodata.str1.1
                0x00000000080046ad        0x2 c:/st/stm32cubeide_1.4.0/stm32cubeide/plugins/com.st.stm32cube.ide.mcu.externaltools.gnu-tools-for-stm32.7-2018-q2-update.win32_1.4.0.202007081208/tools/bin/../lib/gcc/arm-none-eabi/7.3.1/../../../../arm-none-eabi/lib/thumb/v7-m\libc_nano.a(lib_a-locale.o)
 .rodata._ctype_
                0x00000000080046af      0x101 c:/st/stm32cubeide_1.4.0/stm32cubeide/plugins/com.st.stm32cube.ide.mcu.externaltools.gnu-tools-for-stm32.7-2018-q2-update.win32_1.4.0.202007081208/tools/bin/../lib/gcc/arm-none-eabi/7.3.1/../../../../arm-none-eabi/lib/thumb/v7-m\libc_nano.a(lib_a-ctype_.o)
                0x00000000080046af                _ctype_
 .rodata.log.str1.1
                0x00000000080047b0        0x4 c:/st/stm32cubeide_1.4.0/stm32cubeide/plugins/com.st.stm32cube.ide.mcu.externaltools.gnu-tools-for-stm32.7-2018-q2-update.win32_1.4.0.202007081208/tools/bin/../lib/gcc/arm-none-eabi/7.3.1/../../../../arm-none-eabi/lib/thumb/v7-m\libm.a(lib_a-w_log.o)
                                          0x5 (size before relaxing)
                0x00000000080047b4                . = ALIGN (0x4)

.rel.dyn        0x00000000080047b4        0x0
 .rel.iplt      0x00000000080047b4        0x0 c:/st/stm32cubeide_1.4.0/stm32cubeide/plugins/com.st.stm32cube.ide.mcu.externaltools.gnu-tools-for-stm32.7-2018-q2-update.win32_1.4.0.202007081208/tools/bin/../lib/gcc/arm-none-eabi/7.3.1/thumb/v7-m/crtbegin.o

.ARM.extab      0x00000000080047b4        0x0
                0x00000000080047b4                . = ALIGN (0x4)
 *(.ARM.extab* .gnu.linkonce.armextab.*)
                0x00000000080047b4                . = ALIGN (0x4)

.ARM            0x00000000080047b4        0x0
                0x00000000080047b4                . = ALIGN (0x4)
                0x00000000080047b4                __exidx_start = .
 *(.ARM.exidx*)
                0x00000000080047b4                __exidx_end = .
                0x00000000080047b4                . = ALIGN (0x4)

.preinit_array  0x00000000080047b4        0x0
                0x00000000080047b4                . = ALIGN (0x4)
                0x00000000080047b4                PROVIDE (__preinit_array_start = .)
 *(.preinit_array*)
                0x00000000080047b4                PROVIDE (__preinit_array_end = .)
                0x00000000080047b4                . = ALIGN (0x4)

.init_array     0x00000000080047b4        0x4
                0x00000000080047b4                . = ALIGN (0x4)
                0x00000000080047b4                PROVIDE (__init_array_start = .)
 *(SORT_BY_NAME(.init_array.*))
 *(.init_array*)
 .init_array    0x00000000080047b4        0x4 c:/st/stm32cubeide_1.4.0/stm32cubeide/plugins/com.st.stm32cube.ide.mcu.externaltools.gnu-tools-for-stm32.7-2018-q2-update.win32_1.4.0.202007081208/tools/bin/../lib/gcc/arm-none-eabi/7.3.1/thumb/v7-m/crtbegin.o
                0x00000000080047b8                PROVIDE (__init_array_end = .)
                0x00000000080047b8                . = ALIGN (0x4)

.fini_array     0x00000000080047b8        0x4
                0x00000000080047b8                . = ALIGN (0x4)
                [!provide]                        PROVIDE (__fini_array_start = .)
 *(SORT_BY_NAME(.fini_array.*))
 *(.fini_array*)
 .fini_array    0x00000000080047b8        0x4 c:/st/stm32cubeide_1.4.0/stm32cubeide/plugins/com.st.stm32cube.ide.mcu.externaltools.gnu-tools-for-stm32.7-2018-q2-update.win32_1.4.0.202007081208/tools/bin/../lib/gcc/arm-none-eabi/7.3.1/thumb/v7-m/crtbegin.o
                [!provide]                        PROVIDE (__fini_array_end = .)
                0x00000000080047bc                . = ALIGN (0x4)
                0x00000000080047bc                _sidata = LOADADDR (.data)

.data           0x0000000020000000      0x1d8 load address 0x00000000080047bc
                0x0000000020000000                . = ALIGN (0x4)
                0x0000000020000000                _sdata = .
 *(.data)
 *(.data*)
 .data.delayFlag
                0x0000000020000000        0x1 MCAL/TIM/TIM.o
                0x0000000020000000                delayFlag
 *fill*         0x0000000020000001        0x3 
 .data._impure_ptr
                0x0000000020000004        0x4 c:/st/stm32cubeide_1.4.0/stm32cubeide/plugins/com.st.stm32cube.ide.mcu.externaltools.gnu-tools-for-stm32.7-2018-q2-update.win32_1.4.0.202007081208/tools/bin/../lib/gcc/arm-none-eabi/7.3.1/../../../../arm-none-eabi/lib/thumb/v7-m\libc_nano.a(lib_a-impure.o)
                0x0000000020000004                _impure_ptr
 .data.impure_data
                0x0000000020000008       0x60 c:/st/stm32cubeide_1.4.0/stm32cubeide/plugins/com.st.stm32cube.ide.mcu.externaltools.gnu-tools-for-stm32.7-2018-q2-update.win32_1.4.0.202007081208/tools/bin/../lib/gcc/arm-none-eabi/7.3.1/../../../../arm-none-eabi/lib/thumb/v7-m\libc_nano.a(lib_a-impure.o)
 .data.__global_locale
                0x0000000020000068      0x16c c:/st/stm32cubeide_1.4.0/stm32cubeide/plugins/com.st.stm32cube.ide.mcu.externaltools.gnu-tools-for-stm32.7-2018-q2-update.win32_1.4.0.202007081208/tools/bin/../lib/gcc/arm-none-eabi/7.3.1/../../../../arm-none-eabi/lib/thumb/v7-m\libc_nano.a(lib_a-locale.o)
                0x0000000020000068                __global_locale
 .data.__fdlib_version
                0x00000000200001d4        0x1 c:/st/stm32cubeide_1.4.0/stm32cubeide/plugins/com.st.stm32cube.ide.mcu.externaltools.gnu-tools-for-stm32.7-2018-q2-update.win32_1.4.0.202007081208/tools/bin/../lib/gcc/arm-none-eabi/7.3.1/../../../../arm-none-eabi/lib/thumb/v7-m\libm.a(lib_a-s_lib_ver.o)
                0x00000000200001d4                __fdlib_version
                0x00000000200001d8                . = ALIGN (0x4)
 *fill*         0x00000000200001d5        0x3 
                0x00000000200001d8                _edata = .

.igot.plt       0x00000000200001d8        0x0 load address 0x0000000008004994
 .igot.plt      0x00000000200001d8        0x0 c:/st/stm32cubeide_1.4.0/stm32cubeide/plugins/com.st.stm32cube.ide.mcu.externaltools.gnu-tools-for-stm32.7-2018-q2-update.win32_1.4.0.202007081208/tools/bin/../lib/gcc/arm-none-eabi/7.3.1/thumb/v7-m/crtbegin.o
                0x00000000200001d8                . = ALIGN (0x4)

.bss            0x00000000200001d8       0x8c load address 0x0000000008004994
                0x00000000200001d8                _sbss = .
                0x00000000200001d8                __bss_start__ = _sbss
 *(.bss)
 .bss           0x00000000200001d8       0x1c c:/st/stm32cubeide_1.4.0/stm32cubeide/plugins/com.st.stm32cube.ide.mcu.externaltools.gnu-tools-for-stm32.7-2018-q2-update.win32_1.4.0.202007081208/tools/bin/../lib/gcc/arm-none-eabi/7.3.1/thumb/v7-m/crtbegin.o
 *(.bss*)
 .bss.overflowTimsTIM4
                0x00000000200001f4        0x2 MCAL/TIM/TIM.o
                0x00000000200001f4                overflowTimsTIM4
 .bss.overflowTimsTIM3
                0x00000000200001f6        0x2 MCAL/TIM/TIM.o
                0x00000000200001f6                overflowTimsTIM3
 .bss.overflowTimsTIM1
                0x00000000200001f8        0x2 MCAL/TIM/TIM.o
                0x00000000200001f8                overflowTimsTIM1
 *fill*         0x00000000200001fa        0x2 
 .bss.__sbrk_heap_end
                0x00000000200001fc        0x4 Src/sysmem.o
 .bss.__malloc_free_list
                0x0000000020000200        0x4 c:/st/stm32cubeide_1.4.0/stm32cubeide/plugins/com.st.stm32cube.ide.mcu.externaltools.gnu-tools-for-stm32.7-2018-q2-update.win32_1.4.0.202007081208/tools/bin/../lib/gcc/arm-none-eabi/7.3.1/../../../../arm-none-eabi/lib/thumb/v7-m\libc_nano.a(lib_a-nano-mallocr.o)
                0x0000000020000200                __malloc_free_list
 .bss.__malloc_sbrk_start
                0x0000000020000204        0x4 c:/st/stm32cubeide_1.4.0/stm32cubeide/plugins/com.st.stm32cube.ide.mcu.externaltools.gnu-tools-for-stm32.7-2018-q2-update.win32_1.4.0.202007081208/tools/bin/../lib/gcc/arm-none-eabi/7.3.1/../../../../arm-none-eabi/lib/thumb/v7-m\libc_nano.a(lib_a-nano-mallocr.o)
                0x0000000020000204                __malloc_sbrk_start
 *(COMMON)
 COMMON         0x0000000020000208        0x4 MCAL/ADC/ADC.o
                0x0000000020000208                G_ADC_Callback
 COMMON         0x000000002000020c       0x40 MCAL/EXTI/EXTI_Driver.o
                0x000000002000020c                GP_IRQ_Callback
 COMMON         0x000000002000024c       0x14 MCAL/UART/UART.o
                0x000000002000024c                BRR
                0x0000000020000250                pclk
                0x0000000020000254                UARTGlobalCfg
 COMMON         0x0000000020000260        0x4 c:/st/stm32cubeide_1.4.0/stm32cubeide/plugins/com.st.stm32cube.ide.mcu.externaltools.gnu-tools-for-stm32.7-2018-q2-update.win32_1.4.0.202007081208/tools/bin/../lib/gcc/arm-none-eabi/7.3.1/../../../../arm-none-eabi/lib/thumb/v7-m\libc_nano.a(lib_a-reent.o)
                0x0000000020000260                errno
                0x0000000020000264                . = ALIGN (0x4)
                0x0000000020000264                _ebss = .
                0x0000000020000264                __bss_end__ = _ebss

._user_heap_stack
                0x0000000020000264      0x604 load address 0x0000000008004994
                0x0000000020000268                . = ALIGN (0x8)
 *fill*         0x0000000020000264        0x4 
                [!provide]                        PROVIDE (end = .)
                0x0000000020000268                PROVIDE (_end = .)
                0x0000000020000468                . = (. + _Min_Heap_Size)
 *fill*         0x0000000020000268      0x200 
                0x0000000020000868                . = (. + _Min_Stack_Size)
 *fill*         0x0000000020000468      0x400 
                0x0000000020000868                . = ALIGN (0x8)

/DISCARD/
 libc.a(*)
 libm.a(*)
 libgcc.a(*)

.ARM.attributes
                0x0000000000000000       0x29
 *(.ARM.attributes)
 .ARM.attributes
                0x0000000000000000       0x1d c:/st/stm32cubeide_1.4.0/stm32cubeide/plugins/com.st.stm32cube.ide.mcu.externaltools.gnu-tools-for-stm32.7-2018-q2-update.win32_1.4.0.202007081208/tools/bin/../lib/gcc/arm-none-eabi/7.3.1/thumb/v7-m/crti.o
 .ARM.attributes
                0x000000000000001d       0x2d c:/st/stm32cubeide_1.4.0/stm32cubeide/plugins/com.st.stm32cube.ide.mcu.externaltools.gnu-tools-for-stm32.7-2018-q2-update.win32_1.4.0.202007081208/tools/bin/../lib/gcc/arm-none-eabi/7.3.1/thumb/v7-m/crtbegin.o
 .ARM.attributes
                0x000000000000004a       0x33 HAL/LDR_Light_Sensor/LDR_Light_Sensor.o
 .ARM.attributes
                0x000000000000007d       0x33 HAL/LM35_Temp_Sensor/LM35_Temp_Sensor.o
 .ARM.attributes
                0x00000000000000b0       0x33 MCAL/ADC/ADC.o
 .ARM.attributes
                0x00000000000000e3       0x33 MCAL/EXTI/EXTI_Driver.o
 .ARM.attributes
                0x0000000000000116       0x33 MCAL/GPIO/GPIO_Driver.o
 .ARM.attributes
                0x0000000000000149       0x33 MCAL/RCC/RCC.o
 .ARM.attributes
                0x000000000000017c       0x33 MCAL/TIM/TIM.o
 .ARM.attributes
                0x00000000000001af       0x33 MCAL/UART/UART.o
 .ARM.attributes
                0x00000000000001e2       0x33 Src/main.o
 .ARM.attributes
                0x0000000000000215       0x33 Src/sysmem.o
 .ARM.attributes
                0x0000000000000248       0x21 Startup/startup_stm32f103c8tx.o
 .ARM.attributes
                0x0000000000000269       0x2d c:/st/stm32cubeide_1.4.0/stm32cubeide/plugins/com.st.stm32cube.ide.mcu.externaltools.gnu-tools-for-stm32.7-2018-q2-update.win32_1.4.0.202007081208/tools/bin/../lib/gcc/arm-none-eabi/7.3.1/../../../../arm-none-eabi/lib/thumb/v7-m\libc_nano.a(lib_a-errno.o)
 .ARM.attributes
                0x0000000000000296       0x2d c:/st/stm32cubeide_1.4.0/stm32cubeide/plugins/com.st.stm32cube.ide.mcu.externaltools.gnu-tools-for-stm32.7-2018-q2-update.win32_1.4.0.202007081208/tools/bin/../lib/gcc/arm-none-eabi/7.3.1/../../../../arm-none-eabi/lib/thumb/v7-m\libc_nano.a(lib_a-impure.o)
 .ARM.attributes
                0x00000000000002c3       0x2d c:/st/stm32cubeide_1.4.0/stm32cubeide/plugins/com.st.stm32cube.ide.mcu.externaltools.gnu-tools-for-stm32.7-2018-q2-update.win32_1.4.0.202007081208/tools/bin/../lib/gcc/arm-none-eabi/7.3.1/../../../../arm-none-eabi/lib/thumb/v7-m\libc_nano.a(lib_a-init.o)
 .ARM.attributes
                0x00000000000002f0       0x2d c:/st/stm32cubeide_1.4.0/stm32cubeide/plugins/com.st.stm32cube.ide.mcu.externaltools.gnu-tools-for-stm32.7-2018-q2-update.win32_1.4.0.202007081208/tools/bin/../lib/gcc/arm-none-eabi/7.3.1/../../../../arm-none-eabi/lib/thumb/v7-m\libc_nano.a(lib_a-memset.o)
 .ARM.attributes
                0x000000000000031d       0x2d c:/st/stm32cubeide_1.4.0/stm32cubeide/plugins/com.st.stm32cube.ide.mcu.externaltools.gnu-tools-for-stm32.7-2018-q2-update.win32_1.4.0.202007081208/tools/bin/../lib/gcc/arm-none-eabi/7.3.1/../../../../arm-none-eabi/lib/thumb/v7-m\libc_nano.a(lib_a-nano-vfprintf_float.o)
 .ARM.attributes
                0x000000000000034a       0x2d c:/st/stm32cubeide_1.4.0/stm32cubeide/plugins/com.st.stm32cube.ide.mcu.externaltools.gnu-tools-for-stm32.7-2018-q2-update.win32_1.4.0.202007081208/tools/bin/../lib/gcc/arm-none-eabi/7.3.1/../../../../arm-none-eabi/lib/thumb/v7-m\libc_nano.a(lib_a-nano-vfprintf_i.o)
 .ARM.attributes
                0x0000000000000377       0x2d c:/st/stm32cubeide_1.4.0/stm32cubeide/plugins/com.st.stm32cube.ide.mcu.externaltools.gnu-tools-for-stm32.7-2018-q2-update.win32_1.4.0.202007081208/tools/bin/../lib/gcc/arm-none-eabi/7.3.1/../../../../arm-none-eabi/lib/thumb/v7-m\libc_nano.a(lib_a-sprintf.o)
 .ARM.attributes
                0x00000000000003a4       0x17 c:/st/stm32cubeide_1.4.0/stm32cubeide/plugins/com.st.stm32cube.ide.mcu.externaltools.gnu-tools-for-stm32.7-2018-q2-update.win32_1.4.0.202007081208/tools/bin/../lib/gcc/arm-none-eabi/7.3.1/../../../../arm-none-eabi/lib/thumb/v7-m\libc_nano.a(lib_a-strlen.o)
 .ARM.attributes
                0x00000000000003bb       0x2d c:/st/stm32cubeide_1.4.0/stm32cubeide/plugins/com.st.stm32cube.ide.mcu.externaltools.gnu-tools-for-stm32.7-2018-q2-update.win32_1.4.0.202007081208/tools/bin/../lib/gcc/arm-none-eabi/7.3.1/../../../../arm-none-eabi/lib/thumb/v7-m\libc_nano.a(lib_a-dtoa.o)
 .ARM.attributes
                0x00000000000003e8       0x2d c:/st/stm32cubeide_1.4.0/stm32cubeide/plugins/com.st.stm32cube.ide.mcu.externaltools.gnu-tools-for-stm32.7-2018-q2-update.win32_1.4.0.202007081208/tools/bin/../lib/gcc/arm-none-eabi/7.3.1/../../../../arm-none-eabi/lib/thumb/v7-m\libc_nano.a(lib_a-localeconv.o)
 .ARM.attributes
                0x0000000000000415       0x2d c:/st/stm32cubeide_1.4.0/stm32cubeide/plugins/com.st.stm32cube.ide.mcu.externaltools.gnu-tools-for-stm32.7-2018-q2-update.win32_1.4.0.202007081208/tools/bin/../lib/gcc/arm-none-eabi/7.3.1/../../../../arm-none-eabi/lib/thumb/v7-m\libc_nano.a(lib_a-malloc.o)
 .ARM.attributes
                0x0000000000000442       0x2d c:/st/stm32cubeide_1.4.0/stm32cubeide/plugins/com.st.stm32cube.ide.mcu.externaltools.gnu-tools-for-stm32.7-2018-q2-update.win32_1.4.0.202007081208/tools/bin/../lib/gcc/arm-none-eabi/7.3.1/../../../../arm-none-eabi/lib/thumb/v7-m\libc_nano.a(lib_a-memchr-stub.o)
 .ARM.attributes
                0x000000000000046f       0x2d c:/st/stm32cubeide_1.4.0/stm32cubeide/plugins/com.st.stm32cube.ide.mcu.externaltools.gnu-tools-for-stm32.7-2018-q2-update.win32_1.4.0.202007081208/tools/bin/../lib/gcc/arm-none-eabi/7.3.1/../../../../arm-none-eabi/lib/thumb/v7-m\libc_nano.a(lib_a-memcpy-stub.o)
 .ARM.attributes
                0x000000000000049c       0x2d c:/st/stm32cubeide_1.4.0/stm32cubeide/plugins/com.st.stm32cube.ide.mcu.externaltools.gnu-tools-for-stm32.7-2018-q2-update.win32_1.4.0.202007081208/tools/bin/../lib/gcc/arm-none-eabi/7.3.1/../../../../arm-none-eabi/lib/thumb/v7-m\libc_nano.a(lib_a-mprec.o)
 .ARM.attributes
                0x00000000000004c9       0x2d c:/st/stm32cubeide_1.4.0/stm32cubeide/plugins/com.st.stm32cube.ide.mcu.externaltools.gnu-tools-for-stm32.7-2018-q2-update.win32_1.4.0.202007081208/tools/bin/../lib/gcc/arm-none-eabi/7.3.1/../../../../arm-none-eabi/lib/thumb/v7-m\libc_nano.a(lib_a-nano-callocr.o)
 .ARM.attributes
                0x00000000000004f6       0x2d c:/st/stm32cubeide_1.4.0/stm32cubeide/plugins/com.st.stm32cube.ide.mcu.externaltools.gnu-tools-for-stm32.7-2018-q2-update.win32_1.4.0.202007081208/tools/bin/../lib/gcc/arm-none-eabi/7.3.1/../../../../arm-none-eabi/lib/thumb/v7-m\libc_nano.a(lib_a-nano-freer.o)
 .ARM.attributes
                0x0000000000000523       0x2d c:/st/stm32cubeide_1.4.0/stm32cubeide/plugins/com.st.stm32cube.ide.mcu.externaltools.gnu-tools-for-stm32.7-2018-q2-update.win32_1.4.0.202007081208/tools/bin/../lib/gcc/arm-none-eabi/7.3.1/../../../../arm-none-eabi/lib/thumb/v7-m\libc_nano.a(lib_a-nano-mallocr.o)
 .ARM.attributes
                0x0000000000000550       0x2d c:/st/stm32cubeide_1.4.0/stm32cubeide/plugins/com.st.stm32cube.ide.mcu.externaltools.gnu-tools-for-stm32.7-2018-q2-update.win32_1.4.0.202007081208/tools/bin/../lib/gcc/arm-none-eabi/7.3.1/../../../../arm-none-eabi/lib/thumb/v7-m\libc_nano.a(lib_a-nano-svfprintf.o)
 .ARM.attributes
                0x000000000000057d       0x2d c:/st/stm32cubeide_1.4.0/stm32cubeide/plugins/com.st.stm32cube.ide.mcu.externaltools.gnu-tools-for-stm32.7-2018-q2-update.win32_1.4.0.202007081208/tools/bin/../lib/gcc/arm-none-eabi/7.3.1/../../../../arm-none-eabi/lib/thumb/v7-m\libc_nano.a(lib_a-sbrkr.o)
 .ARM.attributes
                0x00000000000005aa       0x2d c:/st/stm32cubeide_1.4.0/stm32cubeide/plugins/com.st.stm32cube.ide.mcu.externaltools.gnu-tools-for-stm32.7-2018-q2-update.win32_1.4.0.202007081208/tools/bin/../lib/gcc/arm-none-eabi/7.3.1/../../../../arm-none-eabi/lib/thumb/v7-m\libc_nano.a(lib_a-locale.o)
 .ARM.attributes
                0x00000000000005d7       0x2d c:/st/stm32cubeide_1.4.0/stm32cubeide/plugins/com.st.stm32cube.ide.mcu.externaltools.gnu-tools-for-stm32.7-2018-q2-update.win32_1.4.0.202007081208/tools/bin/../lib/gcc/arm-none-eabi/7.3.1/../../../../arm-none-eabi/lib/thumb/v7-m\libc_nano.a(lib_a-mbtowc_r.o)
 .ARM.attributes
                0x0000000000000604       0x2d c:/st/stm32cubeide_1.4.0/stm32cubeide/plugins/com.st.stm32cube.ide.mcu.externaltools.gnu-tools-for-stm32.7-2018-q2-update.win32_1.4.0.202007081208/tools/bin/../lib/gcc/arm-none-eabi/7.3.1/../../../../arm-none-eabi/lib/thumb/v7-m\libc_nano.a(lib_a-memmove.o)
 .ARM.attributes
                0x0000000000000631       0x2d c:/st/stm32cubeide_1.4.0/stm32cubeide/plugins/com.st.stm32cube.ide.mcu.externaltools.gnu-tools-for-stm32.7-2018-q2-update.win32_1.4.0.202007081208/tools/bin/../lib/gcc/arm-none-eabi/7.3.1/../../../../arm-none-eabi/lib/thumb/v7-m\libc_nano.a(lib_a-mlock.o)
 .ARM.attributes
                0x000000000000065e       0x2d c:/st/stm32cubeide_1.4.0/stm32cubeide/plugins/com.st.stm32cube.ide.mcu.externaltools.gnu-tools-for-stm32.7-2018-q2-update.win32_1.4.0.202007081208/tools/bin/../lib/gcc/arm-none-eabi/7.3.1/../../../../arm-none-eabi/lib/thumb/v7-m\libc_nano.a(lib_a-nano-reallocr.o)
 .ARM.attributes
                0x000000000000068b       0x2d c:/st/stm32cubeide_1.4.0/stm32cubeide/plugins/com.st.stm32cube.ide.mcu.externaltools.gnu-tools-for-stm32.7-2018-q2-update.win32_1.4.0.202007081208/tools/bin/../lib/gcc/arm-none-eabi/7.3.1/../../../../arm-none-eabi/lib/thumb/v7-m\libc_nano.a(lib_a-reent.o)
 .ARM.attributes
                0x00000000000006b8       0x2d c:/st/stm32cubeide_1.4.0/stm32cubeide/plugins/com.st.stm32cube.ide.mcu.externaltools.gnu-tools-for-stm32.7-2018-q2-update.win32_1.4.0.202007081208/tools/bin/../lib/gcc/arm-none-eabi/7.3.1/../../../../arm-none-eabi/lib/thumb/v7-m\libc_nano.a(lib_a-wctomb_r.o)
 .ARM.attributes
                0x00000000000006e5       0x2d c:/st/stm32cubeide_1.4.0/stm32cubeide/plugins/com.st.stm32cube.ide.mcu.externaltools.gnu-tools-for-stm32.7-2018-q2-update.win32_1.4.0.202007081208/tools/bin/../lib/gcc/arm-none-eabi/7.3.1/../../../../arm-none-eabi/lib/thumb/v7-m\libc_nano.a(lib_a-ctype_.o)
 .ARM.attributes
                0x0000000000000712       0x2d c:/st/stm32cubeide_1.4.0/stm32cubeide/plugins/com.st.stm32cube.ide.mcu.externaltools.gnu-tools-for-stm32.7-2018-q2-update.win32_1.4.0.202007081208/tools/bin/../lib/gcc/arm-none-eabi/7.3.1/../../../../arm-none-eabi/lib/thumb/v7-m\libc_nano.a(lib_a-nano-msizer.o)
 .ARM.attributes
                0x000000000000073f       0x2d c:/st/stm32cubeide_1.4.0/stm32cubeide/plugins/com.st.stm32cube.ide.mcu.externaltools.gnu-tools-for-stm32.7-2018-q2-update.win32_1.4.0.202007081208/tools/bin/../lib/gcc/arm-none-eabi/7.3.1/../../../../arm-none-eabi/lib/thumb/v7-m\libm.a(lib_a-w_log.o)
 .ARM.attributes
                0x000000000000076c       0x2d c:/st/stm32cubeide_1.4.0/stm32cubeide/plugins/com.st.stm32cube.ide.mcu.externaltools.gnu-tools-for-stm32.7-2018-q2-update.win32_1.4.0.202007081208/tools/bin/../lib/gcc/arm-none-eabi/7.3.1/../../../../arm-none-eabi/lib/thumb/v7-m\libm.a(lib_a-e_log.o)
 .ARM.attributes
                0x0000000000000799       0x2d c:/st/stm32cubeide_1.4.0/stm32cubeide/plugins/com.st.stm32cube.ide.mcu.externaltools.gnu-tools-for-stm32.7-2018-q2-update.win32_1.4.0.202007081208/tools/bin/../lib/gcc/arm-none-eabi/7.3.1/../../../../arm-none-eabi/lib/thumb/v7-m\libm.a(lib_a-s_lib_ver.o)
 .ARM.attributes
                0x00000000000007c6       0x2d c:/st/stm32cubeide_1.4.0/stm32cubeide/plugins/com.st.stm32cube.ide.mcu.externaltools.gnu-tools-for-stm32.7-2018-q2-update.win32_1.4.0.202007081208/tools/bin/../lib/gcc/arm-none-eabi/7.3.1/../../../../arm-none-eabi/lib/thumb/v7-m\libm.a(lib_a-s_matherr.o)
 .ARM.attributes
                0x00000000000007f3       0x2d c:/st/stm32cubeide_1.4.0/stm32cubeide/plugins/com.st.stm32cube.ide.mcu.externaltools.gnu-tools-for-stm32.7-2018-q2-update.win32_1.4.0.202007081208/tools/bin/../lib/gcc/arm-none-eabi/7.3.1/../../../../arm-none-eabi/lib/thumb/v7-m\libm.a(lib_a-s_nan.o)
 .ARM.attributes
                0x0000000000000820       0x1d c:/st/stm32cubeide_1.4.0/stm32cubeide/plugins/com.st.stm32cube.ide.mcu.externaltools.gnu-tools-for-stm32.7-2018-q2-update.win32_1.4.0.202007081208/tools/bin/../lib/gcc/arm-none-eabi/7.3.1/thumb/v7-m\libgcc.a(_arm_addsubdf3.o)
 .ARM.attributes
                0x000000000000083d       0x1d c:/st/stm32cubeide_1.4.0/stm32cubeide/plugins/com.st.stm32cube.ide.mcu.externaltools.gnu-tools-for-stm32.7-2018-q2-update.win32_1.4.0.202007081208/tools/bin/../lib/gcc/arm-none-eabi/7.3.1/thumb/v7-m\libgcc.a(_arm_muldivdf3.o)
 .ARM.attributes
                0x000000000000085a       0x1d c:/st/stm32cubeide_1.4.0/stm32cubeide/plugins/com.st.stm32cube.ide.mcu.externaltools.gnu-tools-for-stm32.7-2018-q2-update.win32_1.4.0.202007081208/tools/bin/../lib/gcc/arm-none-eabi/7.3.1/thumb/v7-m\libgcc.a(_arm_cmpdf2.o)
 .ARM.attributes
                0x0000000000000877       0x1d c:/st/stm32cubeide_1.4.0/stm32cubeide/plugins/com.st.stm32cube.ide.mcu.externaltools.gnu-tools-for-stm32.7-2018-q2-update.win32_1.4.0.202007081208/tools/bin/../lib/gcc/arm-none-eabi/7.3.1/thumb/v7-m\libgcc.a(_arm_unorddf2.o)
 .ARM.attributes
                0x0000000000000894       0x1d c:/st/stm32cubeide_1.4.0/stm32cubeide/plugins/com.st.stm32cube.ide.mcu.externaltools.gnu-tools-for-stm32.7-2018-q2-update.win32_1.4.0.202007081208/tools/bin/../lib/gcc/arm-none-eabi/7.3.1/thumb/v7-m\libgcc.a(_arm_fixdfsi.o)
 .ARM.attributes
                0x00000000000008b1       0x1d c:/st/stm32cubeide_1.4.0/stm32cubeide/plugins/com.st.stm32cube.ide.mcu.externaltools.gnu-tools-for-stm32.7-2018-q2-update.win32_1.4.0.202007081208/tools/bin/../lib/gcc/arm-none-eabi/7.3.1/thumb/v7-m\libgcc.a(_arm_truncdfsf2.o)
 .ARM.attributes
                0x00000000000008ce       0x1d c:/st/stm32cubeide_1.4.0/stm32cubeide/plugins/com.st.stm32cube.ide.mcu.externaltools.gnu-tools-for-stm32.7-2018-q2-update.win32_1.4.0.202007081208/tools/bin/../lib/gcc/arm-none-eabi/7.3.1/thumb/v7-m\libgcc.a(_arm_addsubsf3.o)
 .ARM.attributes
                0x00000000000008eb       0x1d c:/st/stm32cubeide_1.4.0/stm32cubeide/plugins/com.st.stm32cube.ide.mcu.externaltools.gnu-tools-for-stm32.7-2018-q2-update.win32_1.4.0.202007081208/tools/bin/../lib/gcc/arm-none-eabi/7.3.1/thumb/v7-m\libgcc.a(_arm_muldivsf3.o)
 .ARM.attributes
                0x0000000000000908       0x1d c:/st/stm32cubeide_1.4.0/stm32cubeide/plugins/com.st.stm32cube.ide.mcu.externaltools.gnu-tools-for-stm32.7-2018-q2-update.win32_1.4.0.202007081208/tools/bin/../lib/gcc/arm-none-eabi/7.3.1/thumb/v7-m\libgcc.a(_arm_cmpsf2.o)
 .ARM.attributes
                0x0000000000000925       0x1d c:/st/stm32cubeide_1.4.0/stm32cubeide/plugins/com.st.stm32cube.ide.mcu.externaltools.gnu-tools-for-stm32.7-2018-q2-update.win32_1.4.0.202007081208/tools/bin/../lib/gcc/arm-none-eabi/7.3.1/thumb/v7-m/crtn.o
OUTPUT(SmartEGAT_Task.axf elf32-littlearm)

.debug_info     0x0000000000000000     0x772f
 .debug_info    0x0000000000000000      0xcd9 HAL/LDR_Light_Sensor/LDR_Light_Sensor.o
 .debug_info    0x0000000000000cd9      0xbf0 HAL/LM35_Temp_Sensor/LM35_Temp_Sensor.o
 .debug_info    0x00000000000018c9      0xc82 MCAL/ADC/ADC.o
 .debug_info    0x000000000000254b      0xc54 MCAL/EXTI/EXTI_Driver.o
 .debug_info    0x000000000000319f      0xc4c MCAL/GPIO/GPIO_Driver.o
 .debug_info    0x0000000000003deb      0xa0d MCAL/RCC/RCC.o
 .debug_info    0x00000000000047f8      0xca5 MCAL/TIM/TIM.o
 .debug_info    0x000000000000549d      0xd51 MCAL/UART/UART.o
 .debug_info    0x00000000000061ee      0xb9a Src/main.o
 .debug_info    0x0000000000006d88      0x985 Src/sysmem.o
 .debug_info    0x000000000000770d       0x22 Startup/startup_stm32f103c8tx.o

.debug_abbrev   0x0000000000000000     0x146d
 .debug_abbrev  0x0000000000000000      0x22a HAL/LDR_Light_Sensor/LDR_Light_Sensor.o
 .debug_abbrev  0x000000000000022a      0x1ec HAL/LM35_Temp_Sensor/LM35_Temp_Sensor.o
 .debug_abbrev  0x0000000000000416      0x21f MCAL/ADC/ADC.o
 .debug_abbrev  0x0000000000000635      0x235 MCAL/EXTI/EXTI_Driver.o
 .debug_abbrev  0x000000000000086a      0x232 MCAL/GPIO/GPIO_Driver.o
 .debug_abbrev  0x0000000000000a9c      0x1a8 MCAL/RCC/RCC.o
 .debug_abbrev  0x0000000000000c44      0x253 MCAL/TIM/TIM.o
 .debug_abbrev  0x0000000000000e97      0x248 MCAL/UART/UART.o
 .debug_abbrev  0x00000000000010df      0x1e1 Src/main.o
 .debug_abbrev  0x00000000000012c0      0x19b Src/sysmem.o
 .debug_abbrev  0x000000000000145b       0x12 Startup/startup_stm32f103c8tx.o

.debug_aranges  0x0000000000000000      0x308
 .debug_aranges
                0x0000000000000000       0x40 HAL/LDR_Light_Sensor/LDR_Light_Sensor.o
 .debug_aranges
                0x0000000000000040       0x38 HAL/LM35_Temp_Sensor/LM35_Temp_Sensor.o
 .debug_aranges
                0x0000000000000078       0x38 MCAL/ADC/ADC.o
 .debug_aranges
                0x00000000000000b0       0x80 MCAL/EXTI/EXTI_Driver.o
 .debug_aranges
                0x0000000000000130       0x68 MCAL/GPIO/GPIO_Driver.o
 .debug_aranges
                0x0000000000000198       0x38 MCAL/RCC/RCC.o
 .debug_aranges
                0x00000000000001d0       0x60 MCAL/TIM/TIM.o
 .debug_aranges
                0x0000000000000230       0x60 MCAL/UART/UART.o
 .debug_aranges
                0x0000000000000290       0x30 Src/main.o
 .debug_aranges
                0x00000000000002c0       0x20 Src/sysmem.o
 .debug_aranges
                0x00000000000002e0       0x28 Startup/startup_stm32f103c8tx.o

.debug_ranges   0x0000000000000000      0x260
 .debug_ranges  0x0000000000000000       0x30 HAL/LDR_Light_Sensor/LDR_Light_Sensor.o
 .debug_ranges  0x0000000000000030       0x28 HAL/LM35_Temp_Sensor/LM35_Temp_Sensor.o
 .debug_ranges  0x0000000000000058       0x28 MCAL/ADC/ADC.o
 .debug_ranges  0x0000000000000080       0x70 MCAL/EXTI/EXTI_Driver.o
 .debug_ranges  0x00000000000000f0       0x58 MCAL/GPIO/GPIO_Driver.o
 .debug_ranges  0x0000000000000148       0x28 MCAL/RCC/RCC.o
 .debug_ranges  0x0000000000000170       0x50 MCAL/TIM/TIM.o
 .debug_ranges  0x00000000000001c0       0x50 MCAL/UART/UART.o
 .debug_ranges  0x0000000000000210       0x20 Src/main.o
 .debug_ranges  0x0000000000000230       0x10 Src/sysmem.o
 .debug_ranges  0x0000000000000240       0x20 Startup/startup_stm32f103c8tx.o

.debug_macro    0x0000000000000000     0x21d1
 .debug_macro   0x0000000000000000      0x272 HAL/LDR_Light_Sensor/LDR_Light_Sensor.o
 .debug_macro   0x0000000000000272       0x16 HAL/LDR_Light_Sensor/LDR_Light_Sensor.o
 .debug_macro   0x0000000000000288       0xe3 HAL/LDR_Light_Sensor/LDR_Light_Sensor.o
 .debug_macro   0x000000000000036b       0x58 HAL/LDR_Light_Sensor/LDR_Light_Sensor.o
 .debug_macro   0x00000000000003c3       0x1c HAL/LDR_Light_Sensor/LDR_Light_Sensor.o
 .debug_macro   0x00000000000003df       0x35 HAL/LDR_Light_Sensor/LDR_Light_Sensor.o
 .debug_macro   0x0000000000000414       0x10 HAL/LDR_Light_Sensor/LDR_Light_Sensor.o
 .debug_macro   0x0000000000000424       0x10 HAL/LDR_Light_Sensor/LDR_Light_Sensor.o
 .debug_macro   0x0000000000000434       0x1c HAL/LDR_Light_Sensor/LDR_Light_Sensor.o
 .debug_macro   0x0000000000000450       0x52 HAL/LDR_Light_Sensor/LDR_Light_Sensor.o
 .debug_macro   0x00000000000004a2       0x40 HAL/LDR_Light_Sensor/LDR_Light_Sensor.o
 .debug_macro   0x00000000000004e2       0x10 HAL/LDR_Light_Sensor/LDR_Light_Sensor.o
 .debug_macro   0x00000000000004f2       0x40 HAL/LDR_Light_Sensor/LDR_Light_Sensor.o
 .debug_macro   0x0000000000000532       0xd7 HAL/LDR_Light_Sensor/LDR_Light_Sensor.o
 .debug_macro   0x0000000000000609       0x1c HAL/LDR_Light_Sensor/LDR_Light_Sensor.o
 .debug_macro   0x0000000000000625       0x3d HAL/LDR_Light_Sensor/LDR_Light_Sensor.o
 .debug_macro   0x0000000000000662       0x16 HAL/LDR_Light_Sensor/LDR_Light_Sensor.o
 .debug_macro   0x0000000000000678      0x145 HAL/LDR_Light_Sensor/LDR_Light_Sensor.o
 .debug_macro   0x00000000000007bd       0x16 HAL/LDR_Light_Sensor/LDR_Light_Sensor.o
 .debug_macro   0x00000000000007d3       0x20 HAL/LDR_Light_Sensor/LDR_Light_Sensor.o
 .debug_macro   0x00000000000007f3      0x1e1 HAL/LDR_Light_Sensor/LDR_Light_Sensor.o
 .debug_macro   0x00000000000009d4      0x25f HAL/LM35_Temp_Sensor/LM35_Temp_Sensor.o
 .debug_macro   0x0000000000000c33      0x148 MCAL/ADC/ADC.o
 .debug_macro   0x0000000000000d7b       0x52 MCAL/ADC/ADC.o
 .debug_macro   0x0000000000000dcd      0x14e MCAL/EXTI/EXTI_Driver.o
 .debug_macro   0x0000000000000f1b      0x227 MCAL/EXTI/EXTI_Driver.o
 .debug_macro   0x0000000000001142      0x13f MCAL/GPIO/GPIO_Driver.o
 .debug_macro   0x0000000000001281       0xd6 MCAL/GPIO/GPIO_Driver.o
 .debug_macro   0x0000000000001357      0x148 MCAL/RCC/RCC.o
 .debug_macro   0x000000000000149f       0x10 MCAL/RCC/RCC.o
 .debug_macro   0x00000000000014af      0x148 MCAL/TIM/TIM.o
 .debug_macro   0x00000000000015f7       0x46 MCAL/TIM/TIM.o
 .debug_macro   0x000000000000163d      0x151 MCAL/UART/UART.o
 .debug_macro   0x000000000000178e      0x29f Src/main.o
 .debug_macro   0x0000000000001a2d       0x16 Src/main.o
 .debug_macro   0x0000000000001a43       0x97 Src/main.o
 .debug_macro   0x0000000000001ada       0xfd Src/main.o
 .debug_macro   0x0000000000001bd7      0x22d Src/main.o
 .debug_macro   0x0000000000001e04       0x94 Src/main.o
 .debug_macro   0x0000000000001e98       0x10 Src/main.o
 .debug_macro   0x0000000000001ea8       0xee Src/sysmem.o
 .debug_macro   0x0000000000001f96      0x23b Src/sysmem.o

.debug_line     0x0000000000000000     0x4310
 .debug_line    0x0000000000000000      0x7a9 HAL/LDR_Light_Sensor/LDR_Light_Sensor.o
 .debug_line    0x00000000000007a9      0x779 HAL/LM35_Temp_Sensor/LM35_Temp_Sensor.o
 .debug_line    0x0000000000000f22      0x5bd MCAL/ADC/ADC.o
 .debug_line    0x00000000000014df      0x6d9 MCAL/EXTI/EXTI_Driver.o
 .debug_line    0x0000000000001bb8      0x63e MCAL/GPIO/GPIO_Driver.o
 .debug_line    0x00000000000021f6      0x581 MCAL/RCC/RCC.o
 .debug_line    0x0000000000002777      0x64e MCAL/TIM/TIM.o
 .debug_line    0x0000000000002dc5      0x734 MCAL/UART/UART.o
 .debug_line    0x00000000000034f9      0x8d1 Src/main.o
 .debug_line    0x0000000000003dca      0x4c2 Src/sysmem.o
 .debug_line    0x000000000000428c       0x84 Startup/startup_stm32f103c8tx.o

.debug_str      0x0000000000000000     0xcb36
 .debug_str     0x0000000000000000     0xa854 HAL/LDR_Light_Sensor/LDR_Light_Sensor.o
                                       0xab38 (size before relaxing)
 .debug_str     0x000000000000a854       0xb6 HAL/LM35_Temp_Sensor/LM35_Temp_Sensor.o
                                       0xa200 (size before relaxing)
 .debug_str     0x000000000000a90a      0x104 MCAL/ADC/ADC.o
                                       0x898b (size before relaxing)
 .debug_str     0x000000000000aa0e     0x153d MCAL/EXTI/EXTI_Driver.o
                                       0x9bf9 (size before relaxing)
 .debug_str     0x000000000000bf4b       0xee MCAL/GPIO/GPIO_Driver.o
                                       0x87f3 (size before relaxing)
 .debug_str     0x000000000000c039       0x8b MCAL/RCC/RCC.o
                                       0x8762 (size before relaxing)
 .debug_str     0x000000000000c0c4      0x1df MCAL/TIM/TIM.o
                                       0x8893 (size before relaxing)
 .debug_str     0x000000000000c2a3      0x15c MCAL/UART/UART.o
                                       0x8efe (size before relaxing)
 .debug_str     0x000000000000c3ff      0x222 Src/main.o
                                       0xbf6e (size before relaxing)
 .debug_str     0x000000000000c621      0x4e4 Src/sysmem.o
                                       0x5f44 (size before relaxing)
 .debug_str     0x000000000000cb05       0x31 Startup/startup_stm32f103c8tx.o
                                         0x71 (size before relaxing)

.comment        0x0000000000000000       0x7b
 .comment       0x0000000000000000       0x7b HAL/LDR_Light_Sensor/LDR_Light_Sensor.o
                                         0x7c (size before relaxing)
 .comment       0x000000000000007b       0x7c HAL/LM35_Temp_Sensor/LM35_Temp_Sensor.o
 .comment       0x000000000000007b       0x7c MCAL/ADC/ADC.o
 .comment       0x000000000000007b       0x7c MCAL/EXTI/EXTI_Driver.o
 .comment       0x000000000000007b       0x7c MCAL/GPIO/GPIO_Driver.o
 .comment       0x000000000000007b       0x7c MCAL/RCC/RCC.o
 .comment       0x000000000000007b       0x7c MCAL/TIM/TIM.o
 .comment       0x000000000000007b       0x7c MCAL/UART/UART.o
 .comment       0x000000000000007b       0x7c Src/main.o
 .comment       0x000000000000007b       0x7c Src/sysmem.o

.debug_frame    0x0000000000000000     0x15d4
 .debug_frame   0x0000000000000000       0xc8 HAL/LDR_Light_Sensor/LDR_Light_Sensor.o
 .debug_frame   0x00000000000000c8       0xa4 HAL/LM35_Temp_Sensor/LM35_Temp_Sensor.o
 .debug_frame   0x000000000000016c       0xa0 MCAL/ADC/ADC.o
 .debug_frame   0x000000000000020c      0x1b0 MCAL/EXTI/EXTI_Driver.o
 .debug_frame   0x00000000000003bc      0x1a0 MCAL/GPIO/GPIO_Driver.o
 .debug_frame   0x000000000000055c       0x84 MCAL/RCC/RCC.o
 .debug_frame   0x00000000000005e0      0x14c MCAL/TIM/TIM.o
 .debug_frame   0x000000000000072c      0x14c MCAL/UART/UART.o
 .debug_frame   0x0000000000000878       0x78 Src/main.o
 .debug_frame   0x00000000000008f0       0x34 Src/sysmem.o
 .debug_frame   0x0000000000000924       0x20 c:/st/stm32cubeide_1.4.0/stm32cubeide/plugins/com.st.stm32cube.ide.mcu.externaltools.gnu-tools-for-stm32.7-2018-q2-update.win32_1.4.0.202007081208/tools/bin/../lib/gcc/arm-none-eabi/7.3.1/../../../../arm-none-eabi/lib/thumb/v7-m\libc_nano.a(lib_a-errno.o)
 .debug_frame   0x0000000000000944       0x2c c:/st/stm32cubeide_1.4.0/stm32cubeide/plugins/com.st.stm32cube.ide.mcu.externaltools.gnu-tools-for-stm32.7-2018-q2-update.win32_1.4.0.202007081208/tools/bin/../lib/gcc/arm-none-eabi/7.3.1/../../../../arm-none-eabi/lib/thumb/v7-m\libc_nano.a(lib_a-init.o)
 .debug_frame   0x0000000000000970       0x20 c:/st/stm32cubeide_1.4.0/stm32cubeide/plugins/com.st.stm32cube.ide.mcu.externaltools.gnu-tools-for-stm32.7-2018-q2-update.win32_1.4.0.202007081208/tools/bin/../lib/gcc/arm-none-eabi/7.3.1/../../../../arm-none-eabi/lib/thumb/v7-m\libc_nano.a(lib_a-memset.o)
 .debug_frame   0x0000000000000990       0x90 c:/st/stm32cubeide_1.4.0/stm32cubeide/plugins/com.st.stm32cube.ide.mcu.externaltools.gnu-tools-for-stm32.7-2018-q2-update.win32_1.4.0.202007081208/tools/bin/../lib/gcc/arm-none-eabi/7.3.1/../../../../arm-none-eabi/lib/thumb/v7-m\libc_nano.a(lib_a-nano-vfprintf_float.o)
 .debug_frame   0x0000000000000a20       0x60 c:/st/stm32cubeide_1.4.0/stm32cubeide/plugins/com.st.stm32cube.ide.mcu.externaltools.gnu-tools-for-stm32.7-2018-q2-update.win32_1.4.0.202007081208/tools/bin/../lib/gcc/arm-none-eabi/7.3.1/../../../../arm-none-eabi/lib/thumb/v7-m\libc_nano.a(lib_a-nano-vfprintf_i.o)
 .debug_frame   0x0000000000000a80       0x6c c:/st/stm32cubeide_1.4.0/stm32cubeide/plugins/com.st.stm32cube.ide.mcu.externaltools.gnu-tools-for-stm32.7-2018-q2-update.win32_1.4.0.202007081208/tools/bin/../lib/gcc/arm-none-eabi/7.3.1/../../../../arm-none-eabi/lib/thumb/v7-m\libc_nano.a(lib_a-sprintf.o)
 .debug_frame   0x0000000000000aec       0x6c c:/st/stm32cubeide_1.4.0/stm32cubeide/plugins/com.st.stm32cube.ide.mcu.externaltools.gnu-tools-for-stm32.7-2018-q2-update.win32_1.4.0.202007081208/tools/bin/../lib/gcc/arm-none-eabi/7.3.1/../../../../arm-none-eabi/lib/thumb/v7-m\libc_nano.a(lib_a-dtoa.o)
 .debug_frame   0x0000000000000b58       0x40 c:/st/stm32cubeide_1.4.0/stm32cubeide/plugins/com.st.stm32cube.ide.mcu.externaltools.gnu-tools-for-stm32.7-2018-q2-update.win32_1.4.0.202007081208/tools/bin/../lib/gcc/arm-none-eabi/7.3.1/../../../../arm-none-eabi/lib/thumb/v7-m\libc_nano.a(lib_a-localeconv.o)
 .debug_frame   0x0000000000000b98       0x30 c:/st/stm32cubeide_1.4.0/stm32cubeide/plugins/com.st.stm32cube.ide.mcu.externaltools.gnu-tools-for-stm32.7-2018-q2-update.win32_1.4.0.202007081208/tools/bin/../lib/gcc/arm-none-eabi/7.3.1/../../../../arm-none-eabi/lib/thumb/v7-m\libc_nano.a(lib_a-malloc.o)
 .debug_frame   0x0000000000000bc8       0x28 c:/st/stm32cubeide_1.4.0/stm32cubeide/plugins/com.st.stm32cube.ide.mcu.externaltools.gnu-tools-for-stm32.7-2018-q2-update.win32_1.4.0.202007081208/tools/bin/../lib/gcc/arm-none-eabi/7.3.1/../../../../arm-none-eabi/lib/thumb/v7-m\libc_nano.a(lib_a-memchr-stub.o)
 .debug_frame   0x0000000000000bf0       0x28 c:/st/stm32cubeide_1.4.0/stm32cubeide/plugins/com.st.stm32cube.ide.mcu.externaltools.gnu-tools-for-stm32.7-2018-q2-update.win32_1.4.0.202007081208/tools/bin/../lib/gcc/arm-none-eabi/7.3.1/../../../../arm-none-eabi/lib/thumb/v7-m\libc_nano.a(lib_a-memcpy-stub.o)
 .debug_frame   0x0000000000000c18      0x248 c:/st/stm32cubeide_1.4.0/stm32cubeide/plugins/com.st.stm32cube.ide.mcu.externaltools.gnu-tools-for-stm32.7-2018-q2-update.win32_1.4.0.202007081208/tools/bin/../lib/gcc/arm-none-eabi/7.3.1/../../../../arm-none-eabi/lib/thumb/v7-m\libc_nano.a(lib_a-mprec.o)
 .debug_frame   0x0000000000000e60       0x2c c:/st/stm32cubeide_1.4.0/stm32cubeide/plugins/com.st.stm32cube.ide.mcu.externaltools.gnu-tools-for-stm32.7-2018-q2-update.win32_1.4.0.202007081208/tools/bin/../lib/gcc/arm-none-eabi/7.3.1/../../../../arm-none-eabi/lib/thumb/v7-m\libc_nano.a(lib_a-nano-callocr.o)
 .debug_frame   0x0000000000000e8c       0x38 c:/st/stm32cubeide_1.4.0/stm32cubeide/plugins/com.st.stm32cube.ide.mcu.externaltools.gnu-tools-for-stm32.7-2018-q2-update.win32_1.4.0.202007081208/tools/bin/../lib/gcc/arm-none-eabi/7.3.1/../../../../arm-none-eabi/lib/thumb/v7-m\libc_nano.a(lib_a-nano-freer.o)
 .debug_frame   0x0000000000000ec4       0x2c c:/st/stm32cubeide_1.4.0/stm32cubeide/plugins/com.st.stm32cube.ide.mcu.externaltools.gnu-tools-for-stm32.7-2018-q2-update.win32_1.4.0.202007081208/tools/bin/../lib/gcc/arm-none-eabi/7.3.1/../../../../arm-none-eabi/lib/thumb/v7-m\libc_nano.a(lib_a-nano-mallocr.o)
 .debug_frame   0x0000000000000ef0       0x90 c:/st/stm32cubeide_1.4.0/stm32cubeide/plugins/com.st.stm32cube.ide.mcu.externaltools.gnu-tools-for-stm32.7-2018-q2-update.win32_1.4.0.202007081208/tools/bin/../lib/gcc/arm-none-eabi/7.3.1/../../../../arm-none-eabi/lib/thumb/v7-m\libc_nano.a(lib_a-nano-svfprintf.o)
 .debug_frame   0x0000000000000f80       0x2c c:/st/stm32cubeide_1.4.0/stm32cubeide/plugins/com.st.stm32cube.ide.mcu.externaltools.gnu-tools-for-stm32.7-2018-q2-update.win32_1.4.0.202007081208/tools/bin/../lib/gcc/arm-none-eabi/7.3.1/../../../../arm-none-eabi/lib/thumb/v7-m\libc_nano.a(lib_a-sbrkr.o)
 .debug_frame   0x0000000000000fac       0x68 c:/st/stm32cubeide_1.4.0/stm32cubeide/plugins/com.st.stm32cube.ide.mcu.externaltools.gnu-tools-for-stm32.7-2018-q2-update.win32_1.4.0.202007081208/tools/bin/../lib/gcc/arm-none-eabi/7.3.1/../../../../arm-none-eabi/lib/thumb/v7-m\libc_nano.a(lib_a-locale.o)
 .debug_frame   0x0000000000001014       0x48 c:/st/stm32cubeide_1.4.0/stm32cubeide/plugins/com.st.stm32cube.ide.mcu.externaltools.gnu-tools-for-stm32.7-2018-q2-update.win32_1.4.0.202007081208/tools/bin/../lib/gcc/arm-none-eabi/7.3.1/../../../../arm-none-eabi/lib/thumb/v7-m\libc_nano.a(lib_a-mbtowc_r.o)
 .debug_frame   0x000000000000105c       0x28 c:/st/stm32cubeide_1.4.0/stm32cubeide/plugins/com.st.stm32cube.ide.mcu.externaltools.gnu-tools-for-stm32.7-2018-q2-update.win32_1.4.0.202007081208/tools/bin/../lib/gcc/arm-none-eabi/7.3.1/../../../../arm-none-eabi/lib/thumb/v7-m\libc_nano.a(lib_a-memmove.o)
 .debug_frame   0x0000000000001084       0x30 c:/st/stm32cubeide_1.4.0/stm32cubeide/plugins/com.st.stm32cube.ide.mcu.externaltools.gnu-tools-for-stm32.7-2018-q2-update.win32_1.4.0.202007081208/tools/bin/../lib/gcc/arm-none-eabi/7.3.1/../../../../arm-none-eabi/lib/thumb/v7-m\libc_nano.a(lib_a-mlock.o)
 .debug_frame   0x00000000000010b4       0x3c c:/st/stm32cubeide_1.4.0/stm32cubeide/plugins/com.st.stm32cube.ide.mcu.externaltools.gnu-tools-for-stm32.7-2018-q2-update.win32_1.4.0.202007081208/tools/bin/../lib/gcc/arm-none-eabi/7.3.1/../../../../arm-none-eabi/lib/thumb/v7-m\libc_nano.a(lib_a-nano-reallocr.o)
 .debug_frame   0x00000000000010f0       0x5c c:/st/stm32cubeide_1.4.0/stm32cubeide/plugins/com.st.stm32cube.ide.mcu.externaltools.gnu-tools-for-stm32.7-2018-q2-update.win32_1.4.0.202007081208/tools/bin/../lib/gcc/arm-none-eabi/7.3.1/../../../../arm-none-eabi/lib/thumb/v7-m\libc_nano.a(lib_a-reent.o)
 .debug_frame   0x000000000000114c       0x3c c:/st/stm32cubeide_1.4.0/stm32cubeide/plugins/com.st.stm32cube.ide.mcu.externaltools.gnu-tools-for-stm32.7-2018-q2-update.win32_1.4.0.202007081208/tools/bin/../lib/gcc/arm-none-eabi/7.3.1/../../../../arm-none-eabi/lib/thumb/v7-m\libc_nano.a(lib_a-wctomb_r.o)
 .debug_frame   0x0000000000001188       0x20 c:/st/stm32cubeide_1.4.0/stm32cubeide/plugins/com.st.stm32cube.ide.mcu.externaltools.gnu-tools-for-stm32.7-2018-q2-update.win32_1.4.0.202007081208/tools/bin/../lib/gcc/arm-none-eabi/7.3.1/../../../../arm-none-eabi/lib/thumb/v7-m\libc_nano.a(lib_a-nano-msizer.o)
 .debug_frame   0x00000000000011a8       0x38 c:/st/stm32cubeide_1.4.0/stm32cubeide/plugins/com.st.stm32cube.ide.mcu.externaltools.gnu-tools-for-stm32.7-2018-q2-update.win32_1.4.0.202007081208/tools/bin/../lib/gcc/arm-none-eabi/7.3.1/../../../../arm-none-eabi/lib/thumb/v7-m\libm.a(lib_a-w_log.o)
 .debug_frame   0x00000000000011e0       0x40 c:/st/stm32cubeide_1.4.0/stm32cubeide/plugins/com.st.stm32cube.ide.mcu.externaltools.gnu-tools-for-stm32.7-2018-q2-update.win32_1.4.0.202007081208/tools/bin/../lib/gcc/arm-none-eabi/7.3.1/../../../../arm-none-eabi/lib/thumb/v7-m\libm.a(lib_a-e_log.o)
 .debug_frame   0x0000000000001220       0x20 c:/st/stm32cubeide_1.4.0/stm32cubeide/plugins/com.st.stm32cube.ide.mcu.externaltools.gnu-tools-for-stm32.7-2018-q2-update.win32_1.4.0.202007081208/tools/bin/../lib/gcc/arm-none-eabi/7.3.1/../../../../arm-none-eabi/lib/thumb/v7-m\libm.a(lib_a-s_matherr.o)
 .debug_frame   0x0000000000001240       0x20 c:/st/stm32cubeide_1.4.0/stm32cubeide/plugins/com.st.stm32cube.ide.mcu.externaltools.gnu-tools-for-stm32.7-2018-q2-update.win32_1.4.0.202007081208/tools/bin/../lib/gcc/arm-none-eabi/7.3.1/../../../../arm-none-eabi/lib/thumb/v7-m\libm.a(lib_a-s_nan.o)
 .debug_frame   0x0000000000001260       0xac c:/st/stm32cubeide_1.4.0/stm32cubeide/plugins/com.st.stm32cube.ide.mcu.externaltools.gnu-tools-for-stm32.7-2018-q2-update.win32_1.4.0.202007081208/tools/bin/../lib/gcc/arm-none-eabi/7.3.1/thumb/v7-m\libgcc.a(_arm_addsubdf3.o)
 .debug_frame   0x000000000000130c       0x50 c:/st/stm32cubeide_1.4.0/stm32cubeide/plugins/com.st.stm32cube.ide.mcu.externaltools.gnu-tools-for-stm32.7-2018-q2-update.win32_1.4.0.202007081208/tools/bin/../lib/gcc/arm-none-eabi/7.3.1/thumb/v7-m\libgcc.a(_arm_muldivdf3.o)
 .debug_frame   0x000000000000135c       0xc4 c:/st/stm32cubeide_1.4.0/stm32cubeide/plugins/com.st.stm32cube.ide.mcu.externaltools.gnu-tools-for-stm32.7-2018-q2-update.win32_1.4.0.202007081208/tools/bin/../lib/gcc/arm-none-eabi/7.3.1/thumb/v7-m\libgcc.a(_arm_cmpdf2.o)
 .debug_frame   0x0000000000001420       0x20 c:/st/stm32cubeide_1.4.0/stm32cubeide/plugins/com.st.stm32cube.ide.mcu.externaltools.gnu-tools-for-stm32.7-2018-q2-update.win32_1.4.0.202007081208/tools/bin/../lib/gcc/arm-none-eabi/7.3.1/thumb/v7-m\libgcc.a(_arm_unorddf2.o)
 .debug_frame   0x0000000000001440       0x24 c:/st/stm32cubeide_1.4.0/stm32cubeide/plugins/com.st.stm32cube.ide.mcu.externaltools.gnu-tools-for-stm32.7-2018-q2-update.win32_1.4.0.202007081208/tools/bin/../lib/gcc/arm-none-eabi/7.3.1/thumb/v7-m\libgcc.a(_arm_fixdfsi.o)
 .debug_frame   0x0000000000001464       0x24 c:/st/stm32cubeide_1.4.0/stm32cubeide/plugins/com.st.stm32cube.ide.mcu.externaltools.gnu-tools-for-stm32.7-2018-q2-update.win32_1.4.0.202007081208/tools/bin/../lib/gcc/arm-none-eabi/7.3.1/thumb/v7-m\libgcc.a(_arm_truncdfsf2.o)
 .debug_frame   0x0000000000001488       0x4c c:/st/stm32cubeide_1.4.0/stm32cubeide/plugins/com.st.stm32cube.ide.mcu.externaltools.gnu-tools-for-stm32.7-2018-q2-update.win32_1.4.0.202007081208/tools/bin/../lib/gcc/arm-none-eabi/7.3.1/thumb/v7-m\libgcc.a(_arm_addsubsf3.o)
 .debug_frame   0x00000000000014d4       0x38 c:/st/stm32cubeide_1.4.0/stm32cubeide/plugins/com.st.stm32cube.ide.mcu.externaltools.gnu-tools-for-stm32.7-2018-q2-update.win32_1.4.0.202007081208/tools/bin/../lib/gcc/arm-none-eabi/7.3.1/thumb/v7-m\libgcc.a(_arm_muldivsf3.o)
 .debug_frame   0x000000000000150c       0xc8 c:/st/stm32cubeide_1.4.0/stm32cubeide/plugins/com.st.stm32cube.ide.mcu.externaltools.gnu-tools-for-stm32.7-2018-q2-update.win32_1.4.0.202007081208/tools/bin/../lib/gcc/arm-none-eabi/7.3.1/thumb/v7-m\libgcc.a(_arm_cmpsf2.o)
