Archive member included to satisfy reference by file (symbol)

c:/st/stm32cubeide_1.4.0/stm32cubeide/plugins/com.st.stm32cube.ide.mcu.externaltools.gnu-tools-for-stm32.7-2018-q2-update.win32_1.4.0.202007081208/tools/bin/../lib/gcc/arm-none-eabi/7.3.1/../../../../arm-none-eabi/lib/thumb/v7-m\libc_nano.a(lib_a-errno.o)
                              Src/syscalls.o (__errno)
c:/st/stm32cubeide_1.4.0/stm32cubeide/plugins/com.st.stm32cube.ide.mcu.externaltools.gnu-tools-for-stm32.7-2018-q2-update.win32_1.4.0.202007081208/tools/bin/../lib/gcc/arm-none-eabi/7.3.1/../../../../arm-none-eabi/lib/thumb/v7-m\libc_nano.a(lib_a-exit.o)
                              c:/st/stm32cubeide_1.4.0/stm32cubeide/plugins/com.st.stm32cube.ide.mcu.externaltools.gnu-tools-for-stm32.7-2018-q2-update.win32_1.4.0.202007081208/tools/bin/../lib/gcc/arm-none-eabi/7.3.1/../../../../arm-none-eabi/lib/thumb/v7-m/crt0.o (exit)
c:/st/stm32cubeide_1.4.0/stm32cubeide/plugins/com.st.stm32cube.ide.mcu.externaltools.gnu-tools-for-stm32.7-2018-q2-update.win32_1.4.0.202007081208/tools/bin/../lib/gcc/arm-none-eabi/7.3.1/../../../../arm-none-eabi/lib/thumb/v7-m\libc_nano.a(lib_a-fprintf.o)
                              Libs/cJson_Functions/cJson_Functions.o (fprintf)
c:/st/stm32cubeide_1.4.0/stm32cubeide/plugins/com.st.stm32cube.ide.mcu.externaltools.gnu-tools-for-stm32.7-2018-q2-update.win32_1.4.0.202007081208/tools/bin/../lib/gcc/arm-none-eabi/7.3.1/../../../../arm-none-eabi/lib/thumb/v7-m\libc_nano.a(lib_a-impure.o)
                              c:/st/stm32cubeide_1.4.0/stm32cubeide/plugins/com.st.stm32cube.ide.mcu.externaltools.gnu-tools-for-stm32.7-2018-q2-update.win32_1.4.0.202007081208/tools/bin/../lib/gcc/arm-none-eabi/7.3.1/../../../../arm-none-eabi/lib/thumb/v7-m\libc_nano.a(lib_a-exit.o) (_global_impure_ptr)
c:/st/stm32cubeide_1.4.0/stm32cubeide/plugins/com.st.stm32cube.ide.mcu.externaltools.gnu-tools-for-stm32.7-2018-q2-update.win32_1.4.0.202007081208/tools/bin/../lib/gcc/arm-none-eabi/7.3.1/../../../../arm-none-eabi/lib/thumb/v7-m\libc_nano.a(lib_a-init.o)
                              c:/st/stm32cubeide_1.4.0/stm32cubeide/plugins/com.st.stm32cube.ide.mcu.externaltools.gnu-tools-for-stm32.7-2018-q2-update.win32_1.4.0.202007081208/tools/bin/../lib/gcc/arm-none-eabi/7.3.1/../../../../arm-none-eabi/lib/thumb/v7-m/crt0.o (__libc_init_array)
c:/st/stm32cubeide_1.4.0/stm32cubeide/plugins/com.st.stm32cube.ide.mcu.externaltools.gnu-tools-for-stm32.7-2018-q2-update.win32_1.4.0.202007081208/tools/bin/../lib/gcc/arm-none-eabi/7.3.1/../../../../arm-none-eabi/lib/thumb/v7-m\libc_nano.a(lib_a-locale.o)
                              Libs/cJson/cJson.o (__locale_ctype_ptr)
c:/st/stm32cubeide_1.4.0/stm32cubeide/plugins/com.st.stm32cube.ide.mcu.externaltools.gnu-tools-for-stm32.7-2018-q2-update.win32_1.4.0.202007081208/tools/bin/../lib/gcc/arm-none-eabi/7.3.1/../../../../arm-none-eabi/lib/thumb/v7-m\libc_nano.a(lib_a-malloc.o)
                              Libs/cJson/cJson.o (malloc)
c:/st/stm32cubeide_1.4.0/stm32cubeide/plugins/com.st.stm32cube.ide.mcu.externaltools.gnu-tools-for-stm32.7-2018-q2-update.win32_1.4.0.202007081208/tools/bin/../lib/gcc/arm-none-eabi/7.3.1/../../../../arm-none-eabi/lib/thumb/v7-m\libc_nano.a(lib_a-mbtowc_r.o)
                              c:/st/stm32cubeide_1.4.0/stm32cubeide/plugins/com.st.stm32cube.ide.mcu.externaltools.gnu-tools-for-stm32.7-2018-q2-update.win32_1.4.0.202007081208/tools/bin/../lib/gcc/arm-none-eabi/7.3.1/../../../../arm-none-eabi/lib/thumb/v7-m\libc_nano.a(lib_a-locale.o) (__ascii_mbtowc)
c:/st/stm32cubeide_1.4.0/stm32cubeide/plugins/com.st.stm32cube.ide.mcu.externaltools.gnu-tools-for-stm32.7-2018-q2-update.win32_1.4.0.202007081208/tools/bin/../lib/gcc/arm-none-eabi/7.3.1/../../../../arm-none-eabi/lib/thumb/v7-m\libc_nano.a(lib_a-memcpy-stub.o)
                              Libs/cJson/cJson.o (memcpy)
c:/st/stm32cubeide_1.4.0/stm32cubeide/plugins/com.st.stm32cube.ide.mcu.externaltools.gnu-tools-for-stm32.7-2018-q2-update.win32_1.4.0.202007081208/tools/bin/../lib/gcc/arm-none-eabi/7.3.1/../../../../arm-none-eabi/lib/thumb/v7-m\libc_nano.a(lib_a-memset.o)
                              c:/st/stm32cubeide_1.4.0/stm32cubeide/plugins/com.st.stm32cube.ide.mcu.externaltools.gnu-tools-for-stm32.7-2018-q2-update.win32_1.4.0.202007081208/tools/bin/../lib/gcc/arm-none-eabi/7.3.1/../../../../arm-none-eabi/lib/thumb/v7-m/crt0.o (memset)
c:/st/stm32cubeide_1.4.0/stm32cubeide/plugins/com.st.stm32cube.ide.mcu.externaltools.gnu-tools-for-stm32.7-2018-q2-update.win32_1.4.0.202007081208/tools/bin/../lib/gcc/arm-none-eabi/7.3.1/../../../../arm-none-eabi/lib/thumb/v7-m\libc_nano.a(lib_a-nano-freer.o)
                              c:/st/stm32cubeide_1.4.0/stm32cubeide/plugins/com.st.stm32cube.ide.mcu.externaltools.gnu-tools-for-stm32.7-2018-q2-update.win32_1.4.0.202007081208/tools/bin/../lib/gcc/arm-none-eabi/7.3.1/../../../../arm-none-eabi/lib/thumb/v7-m\libc_nano.a(lib_a-malloc.o) (_free_r)
[...]
Memory Configuration

Name             Origin             Length             Attributes
RAM              0x0000000020000000 0x0000000000005000 xrw
ROM              0x0000000008000000 0x0000000000010000 xr
*default*        0x0000000000000000 0xffffffffffffffff

Linker script and memory map

LOAD c:/st/stm32cubeide_1.4.0/stm32cubeide/plugins/com.st.stm32cube.ide.mcu.externaltools.gnu-tools-for-stm32.7-2018-q2-update.win32_1.4.0.202007081208/tools/bin/../lib/gcc/arm-none-eabi/7.3.1/thumb/v7-m/crti.o
LOAD c:/st/stm32cubeide_1.4.0/stm32cubeide/plugins/com.st.stm32cube.ide.mcu.externaltools.gnu-tools-for-stm32.7-2018-q2-update.win32_1.4.0.202007081208/tools/bin/../lib/gcc/arm-none-eabi/7.3.1/thumb/v7-m/crtbegin.o
LOAD c:/st/stm32cubeide_1.4.0/stm32cubeide/plugins/com.st.stm32cube.ide.mcu.externaltools.gnu-tools-for-stm32.7-2018-q2-update.win32_1.4.0.202007081208/tools/bin/../lib/gcc/arm-none-eabi/7.3.1/../../../../arm-none-eabi/lib/thumb/v7-m/crt0.o
LOAD HAL/LCD/LCD.o
LOAD HAL/LDR_Light_Sensor/LDR_Light_Sensor.o
LOAD HAL/LM35_Temp_Sensor/LM35_Temp_Sensor.o
LOAD HAL/Relay_5V_Actuator/Relay_5V_Actuator.o
LOAD Libs/cJson/cJson.o
LOAD Libs/cJson_Functions/cJson_Functions.o
LOAD MCAL/ADC/ADC.o
LOAD MCAL/EXTI/EXTI_Driver.o
LOAD MCAL/GPIO/GPIO_Driver.o
LOAD MCAL/RCC/RCC.o
LOAD MCAL/TIM/TIM.o
LOAD MCAL/UART/UART.o
LOAD Middlewares/freeRTOS/croutine.o
LOAD Middlewares/freeRTOS/event_groups.o
LOAD Middlewares/freeRTOS/list.o
LOAD Middlewares/freeRTOS/queue.o
LOAD Middlewares/freeRTOS/stream_buffer.o
LOAD Middlewares/freeRTOS/tasks.o
LOAD Middlewares/freeRTOS/timers.o
LOAD Middlewares/freeRTOS/portable/GCC/ARM_CM3/port.o
LOAD Middlewares/freeRTOS/portable/MemMang/heap_4.o
LOAD Src/FreeRTOS_Tasks_Definitions/CommandProcessing_Task.o
LOAD Src/FreeRTOS_Tasks_Definitions/NodeManager_Task.o
LOAD Src/FreeRTOS_Tasks_Definitions/SensorUpdator_Task.o
LOAD Src/FreeRTOS_Tasks_Definitions/UART_RX_Task.o
LOAD Src/main.o
LOAD Src/syscalls.o
LOAD Src/sysmem.o
LOAD Startup/startup_stm32f103c8tx.o
START GROUP
LOAD c:/st/stm32cubeide_1.4.0/stm32cubeide/plugins/com.st.stm32cube.ide.mcu.externaltools.gnu-tools-for-stm32.7-2018-q2-update.win32_1.4.0.202007081208/tools/bin/../lib/gcc/arm-none-eabi/7.3.1/../../../../arm-none-eabi/lib/thumb/v7-m\libc_nano.a
LOAD c:/st/stm32cubeide_1.4.0/stm32cubeide/plugins/com.st.stm32cube.ide.mcu.externaltools.gnu-tools-for-stm32.7-2018-q2-update.win32_1.4.0.202007081208/tools/bin/../lib/gcc/arm-none-eabi/7.3.1/../../../../arm-none-eabi/lib/thumb/v7-m\libm.a
END GROUP
START GROUP
LOAD c:/st/stm32cubeide_1.4.0/stm32cubeide/plugins/com.st.stm32cube.ide.mcu.externaltools.gnu-tools-for-stm32.7-2018-q2-update.win32_1.4.0.202007081208/tools/bin/../lib/gcc/arm-none-eabi/7.3.1/thumb/v7-m\libgcc.a
LOAD c:/st/stm32cubeide_1.4.0/stm32cubeide/plugins/com.st.stm32cube.ide.mcu.externaltools.gnu-tools-for-stm32.7-2018-q2-update.win32_1.4.0.202007081208/tools/bin/../lib/gcc/arm-none-eabi/7.3.1/../../../../arm-none-eabi/lib/thumb/v7-m\libc_nano.a
END GROUP
START GROUP
LOAD c:/st/stm32cubeide_1.4.0/stm32cubeide/plugins/com.st.stm32cube.ide.mcu.externaltools.gnu-tools-for-stm32.7-2018-q2-update.win32_1.4.0.202007081208/tools/bin/../lib/gcc/arm-none-eabi/7.3.1/thumb/v7-m\libgcc.a
LOAD c:/st/stm32cubeide_1.4.0/stm32cubeide/plugins/com.st.stm32cube.ide.mcu.externaltools.gnu-tools-for-stm32.7-2018-q2-update.win32_1.4.0.202007081208/tools/bin/../lib/gcc/arm-none-eabi/7.3.1/../../../../arm-none-eabi/lib/thumb/v7-m\libc_nano.a
LOAD c:/st/stm32cubeide_1.4.0/stm32cubeide/plugins/com.st.stm32cube.ide.mcu.externaltools.gnu-tools-for-stm32.7-2018-q2-update.win32_1.4.0.202007081208/tools/bin/../lib/gcc/arm-none-eabi/7.3.1/../../../../arm-none-eabi/lib/thumb/v7-m\libnosys.a
END GROUP
START GROUP
LOAD c:/st/stm32cubeide_1.4.0/stm32cubeide/plugins/com.st.stm32cube.ide.mcu.externaltools.gnu-tools-for-stm32.7-2018-q2-update.win32_1.4.0.202007081208/tools/bin/../lib/gcc/arm-none-eabi/7.3.1/thumb/v7-m\libgcc.a
LOAD c:/st/stm32cubeide_1.4.0/stm32cubeide/plugins/com.st.stm32cube.ide.mcu.externaltools.gnu-tools-for-stm32.7-2018-q2-update.win32_1.4.0.202007081208/tools/bin/../lib/gcc/arm-none-eabi/7.3.1/../../../../arm-none-eabi/lib/thumb/v7-m\libc_nano.a
LOAD c:/st/stm32cubeide_1.4.0/stm32cubeide/plugins/com.st.stm32cube.ide.mcu.externaltools.gnu-tools-for-stm32.7-2018-q2-update.win32_1.4.0.202007081208/tools/bin/../lib/gcc/arm-none-eabi/7.3.1/../../../../arm-none-eabi/lib/thumb/v7-m\libnosys.a
END GROUP
LOAD c:/st/stm32cubeide_1.4.0/stm32cubeide/plugins/com.st.stm32cube.ide.mcu.externaltools.gnu-tools-for-stm32.7-2018-q2-update.win32_1.4.0.202007081208/tools/bin/../lib/gcc/arm-none-eabi/7.3.1/thumb/v7-m/crtend.o
LOAD c:/st/stm32cubeide_1.4.0/stm32cubeide/plugins/com.st.stm32cube.ide.mcu.externaltools.gnu-tools-for-stm32.7-2018-q2-update.win32_1.4.0.202007081208/tools/bin/../lib/gcc/arm-none-eabi/7.3.1/thumb/v7-m/crtn.o
                0x0000000020005000                _estack = (ORIGIN (RAM) + LENGTH (RAM))
                0x0000000000000200                _Min_Heap_Size = 0x200
                0x0000000000000400                _Min_Stack_Size = 0x400

.isr_vector     0x0000000008000000      0x130
                0x0000000008000000                . = ALIGN (0x4)
 *(.isr_vector)
 .isr_vector    0x0000000008000000      0x130 Startup/startup_stm32f103c8tx.o
                0x0000000008000000                g_pfnVectors
                0x0000000008000130                . = ALIGN (0x4)

.text           0x0000000008000130     0xac6c
                0x0000000008000130                . = ALIGN (0x4)
 *(.text)
 .text          0x0000000008000130       0x40 c:/st/stm32cubeide_1.4.0/stm32cubeide/plugins/com.st.stm32cube.ide.mcu.externaltools.gnu-tools-for-stm32.7-2018-q2-update.win32_1.4.0.202007081208/tools/bin/../lib/gcc/arm-none-eabi/7.3.1/thumb/v7-m/crtbegin.o
 .text          0x0000000008000170       0x14 c:/st/stm32cubeide_1.4.0/stm32cubeide/plugins/com.st.stm32cube.ide.mcu.externaltools.gnu-tools-for-stm32.7-2018-q2-update.win32_1.4.0.202007081208/tools/bin/../lib/gcc/arm-none-eabi/7.3.1/../../../../arm-none-eabi/lib/thumb/v7-m\libc_nano.a(lib_a-strcmp.o)
                0x0000000008000170                strcmp
 .text          0x0000000008000184       0x10 c:/st/stm32cubeide_1.4.0/stm32cubeide/plugins/com.st.stm32cube.ide.mcu.externaltools.gnu-tools-for-stm32.7-2018-q2-update.win32_1.4.0.202007081208/tools/bin/../lib/gcc/arm-none-eabi/7.3.1/../../../../arm-none-eabi/lib/thumb/v7-m\libc_nano.a(lib_a-strlen.o)
                0x0000000008000184                strlen
 .text          0x0000000008000194      0x378 c:/st/stm32cubeide_1.4.0/stm32cubeide/plugins/com.st.stm32cube.ide.mcu.externaltools.gnu-tools-for-stm32.7-2018-q2-update.win32_1.4.0.202007081208/tools/bin/../lib/gcc/arm-none-eabi/7.3.1/thumb/v7-m\libgcc.a(_arm_addsubdf3.o)
                0x0000000008000194                __aeabi_drsub
                0x000000000800019c                __aeabi_dsub
                0x000000000800019c                __subdf3
                0x00000000080001a0                __aeabi_dadd
                0x00000000080001a0                __adddf3
                0x0000000008000418                __floatunsidf
                0x0000000008000418                __aeabi_ui2d
                0x0000000008000438                __floatsidf
                0x0000000008000438                __aeabi_i2d
                0x000000000800045c                __aeabi_f2d
                0x000000000800045c                __extendsfdf2
                0x00000000080004a0                __floatundidf
                0x00000000080004a0                __aeabi_ul2d
                0x00000000080004b0                __floatdidf
                0x00000000080004b0                __aeabi_l2d
 .text          0x000000000800050c      0x424 c:/st/stm32cubeide_1.4.0/stm32cubeide/plugins/com.st.stm32cube.ide.mcu.externaltools.gnu-tools-for-stm32.7-2018-q2-update.win32_1.4.0.202007081208/tools/bin/../lib/gcc/arm-none-eabi/7.3.1/thumb/v7-m\libgcc.a(_arm_muldivdf3.o)
                0x000000000800050c                __aeabi_dmul
                0x000000000800050c                __muldf3
                0x0000000008000760                __divdf3
                0x0000000008000760                __aeabi_ddiv
 .text          0x0000000008000930      0x110 c:/st/stm32cubeide_1.4.0/stm32cubeide/plugins/com.st.stm32cube.ide.mcu.externaltools.gnu-tools-for-stm32.7-2018-q2-update.win32_1.4.0.202007081208/tools/bin/../lib/gcc/arm-none-eabi/7.3.1/thumb/v7-m\libgcc.a(_arm_cmpdf2.o)
                0x0000000008000930                __gtdf2
                0x0000000008000930                __gedf2
                0x0000000008000938                __ltdf2
                0x0000000008000938                __ledf2
                0x0000000008000940                __nedf2
                0x0000000008000940                __eqdf2
                0x0000000008000940                __cmpdf2
                0x00000000080009bc                __aeabi_cdrcmple
                0x00000000080009cc                __aeabi_cdcmpeq
                0x00000000080009cc                __aeabi_cdcmple
                0x00000000080009dc                __aeabi_dcmpeq
                0x00000000080009f0                __aeabi_dcmplt
                0x0000000008000a04                __aeabi_dcmple
                0x0000000008000a18                __aeabi_dcmpge
                0x0000000008000a2c                __aeabi_dcmpgt
 .text          0x0000000008000a40       0x2c c:/st/stm32cubeide_1.4.0/stm32cubeide/plugins/com.st.stm32cube.ide.mcu.externaltools.gnu-tools-for-stm32.7-2018-q2-update.win32_1.4.0.202007081208/tools/bin/../lib/gcc/arm-none-eabi/7.3.1/thumb/v7-m\libgcc.a(_arm_unorddf2.o)
                0x0000000008000a40                __unorddf2
                0x0000000008000a40                __aeabi_dcmpun
 .text          0x0000000008000a6c       0x50 c:/st/stm32cubeide_1.4.0/stm32cubeide/plugins/com.st.stm32cube.ide.mcu.externaltools.gnu-tools-for-stm32.7-2018-q2-update.win32_1.4.0.202007081208/tools/bin/../lib/gcc/arm-none-eabi/7.3.1/thumb/v7-m\libgcc.a(_arm_fixdfsi.o)
                0x0000000008000a6c                __aeabi_d2iz
                0x0000000008000a6c                __fixdfsi
 .text          0x0000000008000abc       0x40 c:/st/stm32cubeide_1.4.0/stm32cubeide/plugins/com.st.stm32cube.ide.mcu.externaltools.gnu-tools-for-stm32.7-2018-q2-update.win32_1.4.0.202007081208/tools/bin/../lib/gcc/arm-none-eabi/7.3.1/thumb/v7-m\libgcc.a(_arm_fixunsdfsi.o)
                0x0000000008000abc                __aeabi_d2uiz
                0x0000000008000abc                __fixunsdfsi
 .text          0x0000000008000afc       0xa0 c:/st/stm32cubeide_1.4.0/stm32cubeide/plugins/com.st.stm32cube.ide.mcu.externaltools.gnu-tools-for-stm32.7-2018-q2-update.win32_1.4.0.202007081208/tools/bin/../lib/gcc/arm-none-eabi/7.3.1/thumb/v7-m\libgcc.a(_arm_truncdfsf2.o)
                0x0000000008000afc                __truncdfsf2
                0x0000000008000afc                __aeabi_d2f
 .text          0x0000000008000b9c      0x21c c:/st/stm32cubeide_1.4.0/stm32cubeide/plugins/com.st.stm32cube.ide.mcu.externaltools.gnu-tools-for-stm32.7-2018-q2-update.win32_1.4.0.202007081208/tools/bin/../lib/gcc/arm-none-eabi/7.3.1/thumb/v7-m\libgcc.a(_arm_addsubsf3.o)
                0x0000000008000b9c                __aeabi_frsub
                0x0000000008000ba4                __subsf3
                0x0000000008000ba4                __aeabi_fsub
                0x0000000008000ba8                __aeabi_fadd
                0x0000000008000ba8                __addsf3
                0x0000000008000d08                __aeabi_ui2f
                0x0000000008000d08                __floatunsisf
                0x0000000008000d10                __aeabi_i2f
                0x0000000008000d10                __floatsisf
                0x0000000008000d2c                __aeabi_ul2f
                0x0000000008000d2c                __floatundisf
                0x0000000008000d3c                __aeabi_l2f
                0x0000000008000d3c                __floatdisf
 .text          0x0000000008000db8      0x2a0 c:/st/stm32cubeide_1.4.0/stm32cubeide/plugins/com.st.stm32cube.ide.mcu.externaltools.gnu-tools-for-stm32.7-2018-q2-update.win32_1.4.0.202007081208/tools/bin/../lib/gcc/arm-none-eabi/7.3.1/thumb/v7-m\libgcc.a(_arm_muldivsf3.o)
                0x0000000008000db8                __mulsf3
                0x0000000008000db8                __aeabi_fmul
                0x0000000008000f20                __aeabi_fdiv
                0x0000000008000f20                __divsf3
 .text          0x0000000008001058       0xec c:/st/stm32cubeide_1.4.0/stm32cubeide/plugins/com.st.stm32cube.ide.mcu.externaltools.gnu-tools-for-stm32.7-2018-q2-update.win32_1.4.0.202007081208/tools/bin/../lib/gcc/arm-none-eabi/7.3.1/thumb/v7-m\libgcc.a(_arm_cmpsf2.o)
                0x0000000008001058                __gesf2
                0x0000000008001058                __gtsf2
                0x0000000008001060                __lesf2
                0x0000000008001060                __ltsf2
                0x0000000008001068                __nesf2
                0x0000000008001068                __eqsf2
                0x0000000008001068                __cmpsf2
                0x00000000080010c8                __aeabi_cfrcmple
                0x00000000080010d0                __aeabi_cfcmpeq
                0x00000000080010d0                __aeabi_cfcmple
                0x00000000080010e0                __aeabi_fcmpeq
                0x00000000080010f4                __aeabi_fcmplt
                0x0000000008001108                __aeabi_fcmple
                0x000000000800111c                __aeabi_fcmpge
                0x0000000008001130                __aeabi_fcmpgt
 *(.text*)
 .text.Calculate_LightIntensityPercentage
                0x0000000008001144      0x134 HAL/LDR_Light_Sensor/LDR_Light_Sensor.o
                0x0000000008001144                Calculate_LightIntensityPercentage
 .text.HAL_LDR_Init
                0x0000000008001278       0x30 HAL/LDR_Light_Sensor/LDR_Light_Sensor.o
                0x0000000008001278                HAL_LDR_Init
 .text.HAL_LDR_Read_Intensity
                0x00000000080012a8       0x38 HAL/LDR_Light_Sensor/LDR_Light_Sensor.o
                0x00000000080012a8                HAL_LDR_Read_Intensity
 .text.HAL_LM35_Init
                0x00000000080012e0       0x30 HAL/LM35_Temp_Sensor/LM35_Temp_Sensor.o
                0x00000000080012e0                HAL_LM35_Init
 .text.HAL_LM35_Read
                0x0000000008001310       0x74 HAL/LM35_Temp_Sensor/LM35_Temp_Sensor.o
                0x0000000008001310                HAL_LM35_Read
 .text.HAL_Relay_Init
                0x0000000008001384       0x2c HAL/Relay_5V_Actuator/Relay_5V_Actuator.o
                0x0000000008001384                HAL_Relay_Init
 .text.HAL_Relay_ACT
                0x00000000080013b0       0x38 HAL/Relay_5V_Actuator/Relay_5V_Actuator.o
                0x00000000080013b0                HAL_Relay_ACT
 .text.case_insensitive_strcmp
                0x00000000080013e8       0xe0 Libs/cJson/cJson.o
 .text.cJSON_New_Item
                0x00000000080014c8       0x2c Libs/cJson/cJson.o
 .text.cJSON_Delete
                0x00000000080014f4       0x9c Libs/cJson/cJson.o
                0x00000000080014f4                cJSON_Delete
 .text.get_decimal_point
                0x0000000008001590        0xe Libs/cJson/cJson.o
 *fill*         0x000000000800159e        0x2 
 .text.parse_number
                0x00000000080015a0      0x25c Libs/cJson/cJson.o
 .text.parse_hex4
                0x00000000080017fc       0xc2 Libs/cJson/cJson.o
 *fill*         0x00000000080018be        0x2 
 .text.utf16_literal_to_utf8
                0x00000000080018c0      0x1cc Libs/cJson/cJson.o
 .text.parse_string
                0x0000000008001a8c      0x364 Libs/cJson/cJson.o
 .text.buffer_skip_whitespace
                0x0000000008001df0       0x7e Libs/cJson/cJson.o
 *fill*         0x0000000008001e6e        0x2 
 .text.skip_utf8_bom
                0x0000000008001e70       0x68 Libs/cJson/cJson.o
 .text.cJSON_ParseWithOpts
                0x0000000008001ed8       0x38 Libs/cJson/cJson.o
                0x0000000008001ed8                cJSON_ParseWithOpts
 .text.cJSON_ParseWithLengthOpts
                0x0000000008001f10      0x130 Libs/cJson/cJson.o
                0x0000000008001f10                cJSON_ParseWithLengthOpts
 .text.cJSON_Parse
                0x0000000008002040       0x1c Libs/cJson/cJson.o
                0x0000000008002040                cJSON_Parse
 .text.parse_value
                0x000000000800205c      0x1d8 Libs/cJson/cJson.o
 .text.parse_array
                0x0000000008002234      0x188 Libs/cJson/cJson.o
 .text.parse_object
                0x00000000080023bc      0x20a Libs/cJson/cJson.o
 .text.get_object_item
                0x00000000080025c6       0x90 Libs/cJson/cJson.o
 .text.cJSON_GetObjectItemCaseSensitive
                0x0000000008002656       0x1e Libs/cJson/cJson.o
                0x0000000008002656                cJSON_GetObjectItemCaseSensitive
 .text.cJSON_IsNull
                0x0000000008002674       0x2c Libs/cJson/cJson.o
                0x0000000008002674                cJSON_IsNull
 .text.cJSON_IsString
                0x00000000080026a0       0x2c Libs/cJson/cJson.o
                0x00000000080026a0                cJSON_IsString
 .text.Parse_Command
                0x00000000080026cc      0x118 Libs/cJson_Functions/cJson_Functions.o
                0x00000000080026cc                Parse_Command
 .text.Validate_JSON_Format
                0x00000000080027e4       0x64 Libs/cJson_Functions/cJson_Functions.o
                0x00000000080027e4                Validate_JSON_Format
 .text.ADC_Init
                0x0000000008002848      0x150 MCAL/ADC/ADC.o
                0x0000000008002848                ADC_Init
 .text.ADC_Read_SingleChannel
                0x0000000008002998       0x42 MCAL/ADC/ADC.o
                0x0000000008002998                ADC_Read_SingleChannel
 *fill*         0x00000000080029da        0x2 
 .text.ADC1_2_IRQHandler
                0x00000000080029dc       0x3c MCAL/ADC/ADC.o
                0x00000000080029dc                ADC1_2_IRQHandler
 .text.EXTI0_IRQHandler
                0x0000000008002a18       0x24 MCAL/EXTI/EXTI_Driver.o
                0x0000000008002a18                EXTI0_IRQHandler
 .text.EXTI1_IRQHandler
                0x0000000008002a3c       0x24 MCAL/EXTI/EXTI_Driver.o
                0x0000000008002a3c                EXTI1_IRQHandler
 .text.EXTI2_IRQHandler
                0x0000000008002a60       0x24 MCAL/EXTI/EXTI_Driver.o
                0x0000000008002a60                EXTI2_IRQHandler
 .text.EXTI3_IRQHandler
                0x0000000008002a84       0x24 MCAL/EXTI/EXTI_Driver.o
                0x0000000008002a84                EXTI3_IRQHandler
 .text.EXTI4_IRQHandler
                0x0000000008002aa8       0x24 MCAL/EXTI/EXTI_Driver.o
                0x0000000008002aa8                EXTI4_IRQHandler
 .text.EXTI9_5_IRQHandler
                0x0000000008002acc       0xa8 MCAL/EXTI/EXTI_Driver.o
                0x0000000008002acc                EXTI9_5_IRQHandler
 .text.EXTI15_10_IRQHandler
                0x0000000008002b74       0xe4 MCAL/EXTI/EXTI_Driver.o
                0x0000000008002b74                EXTI15_10_IRQHandler
 .text.getCRLHPinPos
                0x0000000008002c58       0xc6 MCAL/GPIO/GPIO_Driver.o
                0x0000000008002c58                getCRLHPinPos
 .text.MCAL_GPIO_Init
                0x0000000008002d1e      0x116 MCAL/GPIO/GPIO_Driver.o
                0x0000000008002d1e                MCAL_GPIO_Init
 .text.MCAL_GPIO_ReadPin
                0x0000000008002e34       0x28 MCAL/GPIO/GPIO_Driver.o
                0x0000000008002e34                MCAL_GPIO_ReadPin
 .text.MCAL_GPIO_WritePin
                0x0000000008002e5c       0x3c MCAL/GPIO/GPIO_Driver.o
                0x0000000008002e5c                MCAL_GPIO_WritePin
 .text.MCAL_RCC_GET_SYS_CLKFreq
                0x0000000008002e98       0x44 MCAL/RCC/RCC.o
                0x0000000008002e98                MCAL_RCC_GET_SYS_CLKFreq
 .text.MCAL_RCC_GET_HCLKFreq
                0x0000000008002edc       0x28 MCAL/RCC/RCC.o
                0x0000000008002edc                MCAL_RCC_GET_HCLKFreq
 .text.MCAL_RCC_GET_PCLK1Freq
                0x0000000008002f04       0x28 MCAL/RCC/RCC.o
                0x0000000008002f04                MCAL_RCC_GET_PCLK1Freq
 .text.MCAL_RCC_GET_PCLK2Freq
                0x0000000008002f2c       0x28 MCAL/RCC/RCC.o
                0x0000000008002f2c                MCAL_RCC_GET_PCLK2Freq
 .text.TIM2_IRQHandler
                0x0000000008002f54       0x34 MCAL/TIM/TIM.o
                0x0000000008002f54                TIM2_IRQHandler
 .text.TIM1_UP_IRQHandler
                0x0000000008002f88       0x2c MCAL/TIM/TIM.o
                0x0000000008002f88                TIM1_UP_IRQHandler
 .text.TIM3_IRQHandler
                0x0000000008002fb4       0x2c MCAL/TIM/TIM.o
                0x0000000008002fb4                TIM3_IRQHandler
 .text.TIM4_IRQHandler
                0x0000000008002fe0       0x2c MCAL/TIM/TIM.o
                0x0000000008002fe0                TIM4_IRQHandler
 .text.MCAL_UART_Init
                0x000000000800300c      0x1a8 MCAL/UART/UART.o
                0x000000000800300c                MCAL_UART_Init
 .text.UART_Send_SingelChar
                0x00000000080031b4       0x3c MCAL/UART/UART.o
                0x00000000080031b4                UART_Send_SingelChar
 .text.MCAL_UART_GPIO_SetPins
                0x00000000080031f0       0xcc MCAL/UART/UART.o
                0x00000000080031f0                MCAL_UART_GPIO_SetPins
 .text.USART2_IRQHandler
                0x00000000080032bc       0x14 MCAL/UART/UART.o
                0x00000000080032bc                USART2_IRQHandler
 .text.USART3_IRQHandler
                0x00000000080032d0       0x14 MCAL/UART/UART.o
                0x00000000080032d0                USART3_IRQHandler
 .text.vListInitialise
                0x00000000080032e4       0x3e Middlewares/freeRTOS/list.o
                0x00000000080032e4                vListInitialise
 .text.vListInitialiseItem
                0x0000000008003322       0x18 Middlewares/freeRTOS/list.o
                0x0000000008003322                vListInitialiseItem
 .text.vListInsert
                0x000000000800333a       0x70 Middlewares/freeRTOS/list.o
                0x000000000800333a                vListInsert
 .text.uxListRemove
                0x00000000080033aa       0x52 Middlewares/freeRTOS/list.o
                0x00000000080033aa                uxListRemove
 .text.xQueueGenericReset
                0x00000000080033fc       0xf4 Middlewares/freeRTOS/queue.o
                0x00000000080033fc                xQueueGenericReset
 .text.xQueueGenericCreate
                0x00000000080034f0       0x8a Middlewares/freeRTOS/queue.o
                0x00000000080034f0                xQueueGenericCreate
 .text.prvInitialiseNewQueue
                0x000000000800357a       0x3e Middlewares/freeRTOS/queue.o
 .text.xQueueGenericSend
                0x00000000080035b8      0x154 Middlewares/freeRTOS/queue.o
                0x00000000080035b8                xQueueGenericSend
 .text.xQueueGenericSendFromISR
                0x000000000800370c       0xb8 Middlewares/freeRTOS/queue.o
                0x000000000800370c                xQueueGenericSendFromISR
 .text.xQueueReceive
                0x00000000080037c4      0x144 Middlewares/freeRTOS/queue.o
                0x00000000080037c4                xQueueReceive
 .text.prvCopyDataToQueue
                0x0000000008003908       0xb8 Middlewares/freeRTOS/queue.o
 .text.prvCopyDataFromQueue
                0x00000000080039c0       0x4c Middlewares/freeRTOS/queue.o
 .text.prvUnlockQueue
                0x0000000008003a0c       0xa4 Middlewares/freeRTOS/queue.o
 .text.prvIsQueueEmpty
                0x0000000008003ab0       0x2c Middlewares/freeRTOS/queue.o
 .text.prvIsQueueFull
                0x0000000008003adc       0x30 Middlewares/freeRTOS/queue.o
 .text.vQueueWaitForMessageRestricted
                0x0000000008003b0c       0x68 Middlewares/freeRTOS/queue.o
                0x0000000008003b0c                vQueueWaitForMessageRestricted
 .text.xTaskCreate
                0x0000000008003b74       0x82 Middlewares/freeRTOS/tasks.o
                0x0000000008003b74                xTaskCreate
 .text.prvInitialiseNewTask
                0x0000000008003bf6       0xf0 Middlewares/freeRTOS/tasks.o
 *fill*         0x0000000008003ce6        0x2 
 .text.prvAddNewTaskToReadyList
                0x0000000008003ce8      0x124 Middlewares/freeRTOS/tasks.o
 .text.vTaskDelay
                0x0000000008003e0c       0x48 Middlewares/freeRTOS/tasks.o
                0x0000000008003e0c                vTaskDelay
 .text.vTaskStartScheduler
                0x0000000008003e54       0x80 Middlewares/freeRTOS/tasks.o
                0x0000000008003e54                vTaskStartScheduler
 .text.vTaskSuspendAll
                0x0000000008003ed4       0x1c Middlewares/freeRTOS/tasks.o
                0x0000000008003ed4                vTaskSuspendAll
 .text.xTaskResumeAll
                0x0000000008003ef0      0x1d8 Middlewares/freeRTOS/tasks.o
                0x0000000008003ef0                xTaskResumeAll
 .text.xTaskGetTickCount
                0x00000000080040c8       0x1c Middlewares/freeRTOS/tasks.o
                0x00000000080040c8                xTaskGetTickCount
 .text.xTaskIncrementTick
                0x00000000080040e4      0x20c Middlewares/freeRTOS/tasks.o
                0x00000000080040e4                xTaskIncrementTick
 .text.vTaskSwitchContext
                0x00000000080042f0       0x8c Middlewares/freeRTOS/tasks.o
                0x00000000080042f0                vTaskSwitchContext
 .text.vTaskPlaceOnEventList
                0x000000000800437c       0x2c Middlewares/freeRTOS/tasks.o
                0x000000000800437c                vTaskPlaceOnEventList
 .text.vTaskPlaceOnEventListRestricted
                0x00000000080043a8       0x70 Middlewares/freeRTOS/tasks.o
                0x00000000080043a8                vTaskPlaceOnEventListRestricted
 .text.xTaskRemoveFromEventList
                0x0000000008004418      0x190 Middlewares/freeRTOS/tasks.o
                0x0000000008004418                xTaskRemoveFromEventList
 .text.vTaskInternalSetTimeOutState
                0x00000000080045a8       0x2c Middlewares/freeRTOS/tasks.o
                0x00000000080045a8                vTaskInternalSetTimeOutState
 .text.xTaskCheckForTimeOut
                0x00000000080045d4       0x94 Middlewares/freeRTOS/tasks.o
                0x00000000080045d4                xTaskCheckForTimeOut
 .text.vTaskMissedYield
                0x0000000008004668       0x18 Middlewares/freeRTOS/tasks.o
                0x0000000008004668                vTaskMissedYield
 .text.prvIdleTask
                0x0000000008004680       0x30 Middlewares/freeRTOS/tasks.o
 .text.prvInitialiseTaskLists
                0x00000000080046b0       0x80 Middlewares/freeRTOS/tasks.o
 .text.prvCheckTasksWaitingTermination
                0x0000000008004730       0x58 Middlewares/freeRTOS/tasks.o
 .text.prvDeleteTCB
                0x0000000008004788       0x20 Middlewares/freeRTOS/tasks.o
 .text.prvResetNextTaskUnblockTime
                0x00000000080047a8       0x34 Middlewares/freeRTOS/tasks.o
 .text.xTaskGetSchedulerState
                0x00000000080047dc       0x3c Middlewares/freeRTOS/tasks.o
                0x00000000080047dc                xTaskGetSchedulerState
 .text.prvAddCurrentTaskToDelayedList
                0x0000000008004818      0x100 Middlewares/freeRTOS/tasks.o
 .text.xTimerCreateTimerTask
                0x0000000008004918       0x48 Middlewares/freeRTOS/timers.o
                0x0000000008004918                xTimerCreateTimerTask
 .text.xTimerCreate
                0x0000000008004960       0x42 Middlewares/freeRTOS/timers.o
                0x0000000008004960                xTimerCreate
 .text.prvInitialiseNewTimer
                0x00000000080049a2       0x54 Middlewares/freeRTOS/timers.o
 *fill*         0x00000000080049f6        0x2 
 .text.xTimerGenericCommand
                0x00000000080049f8       0x80 Middlewares/freeRTOS/timers.o
                0x00000000080049f8                xTimerGenericCommand
 .text.prvReloadTimer
                0x0000000008004a78       0x40 Middlewares/freeRTOS/timers.o
 .text.prvProcessExpiredTimer
                0x0000000008004ab8       0x60 Middlewares/freeRTOS/timers.o
 .text.prvTimerTask
                0x0000000008004b18       0x24 Middlewares/freeRTOS/timers.o
 .text.prvProcessTimerOrBlockTask
                0x0000000008004b3c       0x9c Middlewares/freeRTOS/timers.o
 .text.prvGetNextExpireTime
                0x0000000008004bd8       0x44 Middlewares/freeRTOS/timers.o
 .text.prvSampleTimeNow
                0x0000000008004c1c       0x40 Middlewares/freeRTOS/timers.o
 .text.prvInsertTimerInActiveList
                0x0000000008004c5c       0x84 Middlewares/freeRTOS/timers.o
 .text.prvProcessReceivedCommands
                0x0000000008004ce0      0x15c Middlewares/freeRTOS/timers.o
 .text.prvSwitchTimerLists
                0x0000000008004e3c       0x4c Middlewares/freeRTOS/timers.o
 .text.prvCheckForValidListAndQueue
                0x0000000008004e88       0x54 Middlewares/freeRTOS/timers.o
 .text.pxPortInitialiseStack
                0x0000000008004edc       0x58 Middlewares/freeRTOS/portable/GCC/ARM_CM3/port.o
                0x0000000008004edc                pxPortInitialiseStack
 .text.prvTaskExitError
                0x0000000008004f34       0x2e Middlewares/freeRTOS/portable/GCC/ARM_CM3/port.o
 *fill*         0x0000000008004f62        0xe 
 .text.SVC_Handler
                0x0000000008004f70       0x28 Middlewares/freeRTOS/portable/GCC/ARM_CM3/port.o
                0x0000000008004f70                SVC_Handler
 .text.prvPortStartFirstTask
                0x0000000008004f98       0x24 Middlewares/freeRTOS/portable/GCC/ARM_CM3/port.o
 .text.xPortStartScheduler
                0x0000000008004fbc       0x40 Middlewares/freeRTOS/portable/GCC/ARM_CM3/port.o
                0x0000000008004fbc                xPortStartScheduler
 .text.vPortEnterCritical
                0x0000000008004ffc       0x30 Middlewares/freeRTOS/portable/GCC/ARM_CM3/port.o
                0x0000000008004ffc                vPortEnterCritical
 .text.vPortExitCritical
                0x000000000800502c       0x30 Middlewares/freeRTOS/portable/GCC/ARM_CM3/port.o
                0x000000000800502c                vPortExitCritical
 *fill*         0x000000000800505c        0x4 
 .text.PendSV_Handler
                0x0000000008005060       0x48 Middlewares/freeRTOS/portable/GCC/ARM_CM3/port.o
                0x0000000008005060                PendSV_Handler
 .text.SysTick_Handler
                0x00000000080050a8       0x40 Middlewares/freeRTOS/portable/GCC/ARM_CM3/port.o
                0x00000000080050a8                SysTick_Handler
 .text.vPortSetupTimerInterrupt
                0x00000000080050e8       0x34 Middlewares/freeRTOS/portable/GCC/ARM_CM3/port.o
                0x00000000080050e8                vPortSetupTimerInterrupt
 .text.pvPortMalloc
                0x000000000800511c      0x15c Middlewares/freeRTOS/portable/MemMang/heap_4.o
                0x000000000800511c                pvPortMalloc
 .text.vPortFree
                0x0000000008005278       0x80 Middlewares/freeRTOS/portable/MemMang/heap_4.o
                0x0000000008005278                vPortFree
 .text.prvHeapInit
                0x00000000080052f8       0xc4 Middlewares/freeRTOS/portable/MemMang/heap_4.o
 .text.prvInsertBlockIntoFreeList
                0x00000000080053bc       0xb0 Middlewares/freeRTOS/portable/MemMang/heap_4.o
 .text.clockInit
                0x000000000800546c       0x34 Src/main.o
                0x000000000800546c                clockInit
 .text.TempSensorStatusPeriodicTimer_Handler
                0x00000000080054a0       0x7c Src/main.o
                0x00000000080054a0                TempSensorStatusPeriodicTimer_Handler
 .text.LightSensorStatusPeriodicTimer_Handler
                0x000000000800551c       0x7c Src/main.o
                0x000000000800551c                LightSensorStatusPeriodicTimer_Handler
 .text.welcomeMessage
                0x0000000008005598       0x98 Src/main.o
                0x0000000008005598                welcomeMessage
 .text.main     0x0000000008005630      0x14c Src/main.o
                0x0000000008005630                main
 .text.Store_Command_Handler
                0x000000000800577c      0x1b0 Src/main.o
                0x000000000800577c                Store_Command_Handler
 .text.Parse_Command_Handler
                0x000000000800592c       0x6c Src/main.o
                0x000000000800592c                Parse_Command_Handler
 .text.Command_Execute_Handler
                0x0000000008005998      0x690 Src/main.o
                0x0000000008005998                Command_Execute_Handler
 .text.USART1_IRQHandler
                0x0000000008006028       0x54 Src/main.o
                0x0000000008006028                USART1_IRQHandler
 .text._read    0x000000000800607c       0x3a Src/syscalls.o
                0x000000000800607c                _read
 .text._write   0x00000000080060b6       0x38 Src/syscalls.o
                0x00000000080060b6                _write
 .text._close   0x00000000080060ee       0x16 Src/syscalls.o
                0x00000000080060ee                _close
 .text._fstat   0x0000000008006104       0x1e Src/syscalls.o
                0x0000000008006104                _fstat
 .text._isatty  0x0000000008006122       0x14 Src/syscalls.o
                0x0000000008006122                _isatty
 .text._lseek   0x0000000008006136       0x18 Src/syscalls.o
                0x0000000008006136                _lseek
 *fill*         0x000000000800614e        0x2 
 .text._sbrk    0x0000000008006150       0x6c Src/sysmem.o
                0x0000000008006150                _sbrk
 .text.Reset_Handler
                0x00000000080061bc       0x50 Startup/startup_stm32f103c8tx.o
                0x00000000080061bc                Reset_Handler
 .text.Default_Handler
                0x000000000800620c        0x2 Startup/startup_stm32f103c8tx.o
                0x000000000800620c                TIM8_TRG_COM_IRQHandler
                0x000000000800620c                TIM8_CC_IRQHandler
                0x000000000800620c                DebugMon_Handler
                0x000000000800620c                TIM1_CC_IRQHandler
                0x000000000800620c                HardFault_Handler
                0x000000000800620c                TIM6_IRQHandler
                0x000000000800620c                PVD_IRQHandler
                0x000000000800620c                SDIO_IRQHandler
                0x000000000800620c                NMI_Handler
                0x000000000800620c                USB_HP_CAN_TX_IRQHandler
                0x000000000800620c                I2C2_EV_IRQHandler
                0x000000000800620c                UsageFault_Handler
                0x000000000800620c                SPI1_IRQHandler
                0x000000000800620c                CAN_SCE_IRQHandler
                0x000000000800620c                TAMPER_IRQHandler
                0x000000000800620c                TIM8_UP_IRQHandler
                0x000000000800620c                DMA2_Channel2_IRQHandler
                0x000000000800620c                DMA1_Channel4_IRQHandler
                0x000000000800620c                RTC_IRQHandler
                0x000000000800620c                DMA1_Channel7_IRQHandler
                0x000000000800620c                UART5_IRQHandler
                0x000000000800620c                ADC3_IRQHandler
                0x000000000800620c                CAN_RX1_IRQHandler
                0x000000000800620c                DMA2_Channel1_IRQHandler
                0x000000000800620c                I2C1_EV_IRQHandler
                0x000000000800620c                DMA1_Channel6_IRQHandler
                0x000000000800620c                UART4_IRQHandler
                0x000000000800620c                RCC_IRQHandler
                0x000000000800620c                TIM1_TRG_COM_IRQHandler
                0x000000000800620c                DMA1_Channel1_IRQHandler
                0x000000000800620c                Default_Handler
                0x000000000800620c                TIM7_IRQHandler
                0x000000000800620c                TIM5_IRQHandler
                0x000000000800620c                SPI2_IRQHandler
                0x000000000800620c                USB_LP_CAN_RX0_IRQHandler
                0x000000000800620c                MemManage_Handler
                0x000000000800620c                DMA1_Channel5_IRQHandler
                0x000000000800620c                DMA1_Channel3_IRQHandler
                0x000000000800620c                FSMC_IRQHandler
                0x000000000800620c                WWDG_IRQHandler
                0x000000000800620c                TIM1_BRK_IRQHandler
                0x000000000800620c                RTCAlarm_IRQHandler
                0x000000000800620c                DMA2_Channel4_5_IRQHandler
                0x000000000800620c                I2C2_ER_IRQHandler
                0x000000000800620c                DMA1_Channel2_IRQHandler
                0x000000000800620c                TIM8_BRK_IRQHandler
                0x000000000800620c                FLASH_IRQHandler
                0x000000000800620c                BusFault_Handler
                0x000000000800620c                SPI3_IRQHandler
                0x000000000800620c                I2C1_ER_IRQHandler
                0x000000000800620c                DMA2_Channel3_IRQHandler
 *fill*         0x000000000800620e        0x2 
 .text.__errno  0x0000000008006210        0xc c:/st/stm32cubeide_1.4.0/stm32cubeide/plugins/com.st.stm32cube.ide.mcu.externaltools.gnu-tools-for-stm32.7-2018-q2-update.win32_1.4.0.202007081208/tools/bin/../lib/gcc/arm-none-eabi/7.3.1/../../../../arm-none-eabi/lib/thumb/v7-m\libc_nano.a(lib_a-errno.o)
                0x0000000008006210                __errno
 .text.__libc_init_array
                0x000000000800621c       0x48 c:/st/stm32cubeide_1.4.0/stm32cubeide/plugins/com.st.stm32cube.ide.mcu.externaltools.gnu-tools-for-stm32.7-2018-q2-update.win32_1.4.0.202007081208/tools/bin/../lib/gcc/arm-none-eabi/7.3.1/../../../../arm-none-eabi/lib/thumb/v7-m\libc_nano.a(lib_a-init.o)
                0x000000000800621c                __libc_init_array
 .text.__locale_ctype_ptr_l
                0x0000000008006264        0x6 c:/st/stm32cubeide_1.4.0/stm32cubeide/plugins/com.st.stm32cube.ide.mcu.externaltools.gnu-tools-for-stm32.7-2018-q2-update.win32_1.4.0.202007081208/tools/bin/../lib/gcc/arm-none-eabi/7.3.1/../../../../arm-none-eabi/lib/thumb/v7-m\libc_nano.a(lib_a-locale.o)
                0x0000000008006264                __locale_ctype_ptr_l
 *fill*         0x000000000800626a        0x2 
 .text.__locale_ctype_ptr
                0x000000000800626c       0x1c c:/st/stm32cubeide_1.4.0/stm32cubeide/plugins/com.st.stm32cube.ide.mcu.externaltools.gnu-tools-for-stm32.7-2018-q2-update.win32_1.4.0.202007081208/tools/bin/../lib/gcc/arm-none-eabi/7.3.1/../../../../arm-none-eabi/lib/thumb/v7-m\libc_nano.a(lib_a-locale.o)
                0x000000000800626c                __locale_ctype_ptr
 .text.malloc   0x0000000008006288       0x10 c:/st/stm32cubeide_1.4.0/stm32cubeide/plugins/com.st.stm32cube.ide.mcu.externaltools.gnu-tools-for-stm32.7-2018-q2-update.win32_1.4.0.202007081208/tools/bin/../lib/gcc/arm-none-eabi/7.3.1/../../../../arm-none-eabi/lib/thumb/v7-m\libc_nano.a(lib_a-malloc.o)
                0x0000000008006288                malloc
 .text.free     0x0000000008006298       0x10 c:/st/stm32cubeide_1.4.0/stm32cubeide/plugins/com.st.stm32cube.ide.mcu.externaltools.gnu-tools-for-stm32.7-2018-q2-update.win32_1.4.0.202007081208/tools/bin/../lib/gcc/arm-none-eabi/7.3.1/../../../../arm-none-eabi/lib/thumb/v7-m\libc_nano.a(lib_a-malloc.o)
                0x0000000008006298                free
 .text.__ascii_mbtowc
                0x00000000080062a8       0x24 c:/st/stm32cubeide_1.4.0/stm32cubeide/plugins/com.st.stm32cube.ide.mcu.externaltools.gnu-tools-for-stm32.7-2018-q2-update.win32_1.4.0.202007081208/tools/bin/../lib/gcc/arm-none-eabi/7.3.1/../../../../arm-none-eabi/lib/thumb/v7-m\libc_nano.a(lib_a-mbtowc_r.o)
                0x00000000080062a8                __ascii_mbtowc
 .text.memcpy   0x00000000080062cc       0x16 c:/st/stm32cubeide_1.4.0/stm32cubeide/plugins/com.st.stm32cube.ide.mcu.externaltools.gnu-tools-for-stm32.7-2018-q2-update.win32_1.4.0.202007081208/tools/bin/../lib/gcc/arm-none-eabi/7.3.1/../../../../arm-none-eabi/lib/thumb/v7-m\libc_nano.a(lib_a-memcpy-stub.o)
                0x00000000080062cc                memcpy
 .text.memset   0x00000000080062e2       0x10 c:/st/stm32cubeide_1.4.0/stm32cubeide/plugins/com.st.stm32cube.ide.mcu.externaltools.gnu-tools-for-stm32.7-2018-q2-update.win32_1.4.0.202007081208/tools/bin/../lib/gcc/arm-none-eabi/7.3.1/../../../../arm-none-eabi/lib/thumb/v7-m\libc_nano.a(lib_a-memset.o)
                0x00000000080062e2                memset
 *fill*         0x00000000080062f2        0x2 
 .text._free_r  0x00000000080062f4       0x98 c:/st/stm32cubeide_1.4.0/stm32cubeide/plugins/com.st.stm32cube.ide.mcu.externaltools.gnu-tools-for-stm32.7-2018-q2-update.win32_1.4.0.202007081208/tools/bin/../lib/gcc/arm-none-eabi/7.3.1/../../../../arm-none-eabi/lib/thumb/v7-m\libc_nano.a(lib_a-nano-freer.o)
                0x00000000080062f4                _free_r
 .text._malloc_r
                0x000000000800638c       0xb4 c:/st/stm32cubeide_1.4.0/stm32cubeide/plugins/com.st.stm32cube.ide.mcu.externaltools.gnu-tools-for-stm32.7-2018-q2-update.win32_1.4.0.202007081208/tools/bin/../lib/gcc/arm-none-eabi/7.3.1/../../../../arm-none-eabi/lib/thumb/v7-m\libc_nano.a(lib_a-nano-mallocr.o)
                0x000000000800638c                _malloc_r
 .text.__cvt    0x0000000008006440       0xb8 c:/st/stm32cubeide_1.4.0/stm32cubeide/plugins/com.st.stm32cube.ide.mcu.externaltools.gnu-tools-for-stm32.7-2018-q2-update.win32_1.4.0.202007081208/tools/bin/../lib/gcc/arm-none-eabi/7.3.1/../../../../arm-none-eabi/lib/thumb/v7-m\libc_nano.a(lib_a-nano-vfprintf_float.o)
                0x0000000008006440                __cvt
 .text.__exponent
                0x00000000080064f8       0x6a c:/st/stm32cubeide_1.4.0/stm32cubeide/plugins/com.st.stm32cube.ide.mcu.externaltools.gnu-tools-for-stm32.7-2018-q2-update.win32_1.4.0.202007081208/tools/bin/../lib/gcc/arm-none-eabi/7.3.1/../../../../arm-none-eabi/lib/thumb/v7-m\libc_nano.a(lib_a-nano-vfprintf_float.o)
                0x00000000080064f8                __exponent
 *fill*         0x0000000008006562        0x2 
 .text._printf_float
                0x0000000008006564      0x46c c:/st/stm32cubeide_1.4.0/stm32cubeide/plugins/com.st.stm32cube.ide.mcu.externaltools.gnu-tools-for-stm32.7-2018-q2-update.win32_1.4.0.202007081208/tools/bin/../lib/gcc/arm-none-eabi/7.3.1/../../../../arm-none-eabi/lib/thumb/v7-m\libc_nano.a(lib_a-nano-vfprintf_float.o)
                0x0000000008006564                _printf_float
 .text._printf_common
                0x00000000080069d0       0xec c:/st/stm32cubeide_1.4.0/stm32cubeide/plugins/com.st.stm32cube.ide.mcu.externaltools.gnu-tools-for-stm32.7-2018-q2-update.win32_1.4.0.202007081208/tools/bin/../lib/gcc/arm-none-eabi/7.3.1/../../../../arm-none-eabi/lib/thumb/v7-m\libc_nano.a(lib_a-nano-vfprintf_i.o)
                0x00000000080069d0                _printf_common
 .text._printf_i
                0x0000000008006abc      0x224 c:/st/stm32cubeide_1.4.0/stm32cubeide/plugins/com.st.stm32cube.ide.mcu.externaltools.gnu-tools-for-stm32.7-2018-q2-update.win32_1.4.0.202007081208/tools/bin/../lib/gcc/arm-none-eabi/7.3.1/../../../../arm-none-eabi/lib/thumb/v7-m\libc_nano.a(lib_a-nano-vfprintf_i.o)
                0x0000000008006abc                _printf_i
 .text._puts_r  0x0000000008006ce0       0xb8 c:/st/stm32cubeide_1.4.0/stm32cubeide/plugins/com.st.stm32cube.ide.mcu.externaltools.gnu-tools-for-stm32.7-2018-q2-update.win32_1.4.0.202007081208/tools/bin/../lib/gcc/arm-none-eabi/7.3.1/../../../../arm-none-eabi/lib/thumb/v7-m\libc_nano.a(lib_a-puts.o)
                0x0000000008006ce0                _puts_r
 .text.puts     0x0000000008006d98       0x10 c:/st/stm32cubeide_1.4.0/stm32cubeide/plugins/com.st.stm32cube.ide.mcu.externaltools.gnu-tools-for-stm32.7-2018-q2-update.win32_1.4.0.202007081208/tools/bin/../lib/gcc/arm-none-eabi/7.3.1/../../../../arm-none-eabi/lib/thumb/v7-m\libc_nano.a(lib_a-puts.o)
                0x0000000008006d98                puts
 .text.realloc  0x0000000008006da8       0x10 c:/st/stm32cubeide_1.4.0/stm32cubeide/plugins/com.st.stm32cube.ide.mcu.externaltools.gnu-tools-for-stm32.7-2018-q2-update.win32_1.4.0.202007081208/tools/bin/../lib/gcc/arm-none-eabi/7.3.1/../../../../arm-none-eabi/lib/thumb/v7-m\libc_nano.a(lib_a-realloc.o)
                0x0000000008006da8                realloc
 .text._sbrk_r  0x0000000008006db8       0x20 c:/st/stm32cubeide_1.4.0/stm32cubeide/plugins/com.st.stm32cube.ide.mcu.externaltools.gnu-tools-for-stm32.7-2018-q2-update.win32_1.4.0.202007081208/tools/bin/../lib/gcc/arm-none-eabi/7.3.1/../../../../arm-none-eabi/lib/thumb/v7-m\libc_nano.a(lib_a-sbrkr.o)
                0x0000000008006db8                _sbrk_r
 .text.sprintf  0x0000000008006dd8       0x40 c:/st/stm32cubeide_1.4.0/stm32cubeide/plugins/com.st.stm32cube.ide.mcu.externaltools.gnu-tools-for-stm32.7-2018-q2-update.win32_1.4.0.202007081208/tools/bin/../lib/gcc/arm-none-eabi/7.3.1/../../../../arm-none-eabi/lib/thumb/v7-m\libc_nano.a(lib_a-sprintf.o)
                0x0000000008006dd8                siprintf
                0x0000000008006dd8                sprintf
 .text.sscanf   0x0000000008006e18       0x54 c:/st/stm32cubeide_1.4.0/stm32cubeide/plugins/com.st.stm32cube.ide.mcu.externaltools.gnu-tools-for-stm32.7-2018-q2-update.win32_1.4.0.202007081208/tools/bin/../lib/gcc/arm-none-eabi/7.3.1/../../../../arm-none-eabi/lib/thumb/v7-m\libc_nano.a(lib_a-sscanf.o)
                0x0000000008006e18                siscanf
                0x0000000008006e18                sscanf
 .text.__sread  0x0000000008006e6c       0x22 c:/st/stm32cubeide_1.4.0/stm32cubeide/plugins/com.st.stm32cube.ide.mcu.externaltools.gnu-tools-for-stm32.7-2018-q2-update.win32_1.4.0.202007081208/tools/bin/../lib/gcc/arm-none-eabi/7.3.1/../../../../arm-none-eabi/lib/thumb/v7-m\libc_nano.a(lib_a-stdio.o)
                0x0000000008006e6c                __sread
 .text.__seofread
                0x0000000008006e8e        0x4 c:/st/stm32cubeide_1.4.0/stm32cubeide/plugins/com.st.stm32cube.ide.mcu.externaltools.gnu-tools-for-stm32.7-2018-q2-update.win32_1.4.0.202007081208/tools/bin/../lib/gcc/arm-none-eabi/7.3.1/../../../../arm-none-eabi/lib/thumb/v7-m\libc_nano.a(lib_a-stdio.o)
                0x0000000008006e8e                __seofread
 .text.__swrite
                0x0000000008006e92       0x38 c:/st/stm32cubeide_1.4.0/stm32cubeide/plugins/com.st.stm32cube.ide.mcu.externaltools.gnu-tools-for-stm32.7-2018-q2-update.win32_1.4.0.202007081208/tools/bin/../lib/gcc/arm-none-eabi/7.3.1/../../../../arm-none-eabi/lib/thumb/v7-m\libc_nano.a(lib_a-stdio.o)
                0x0000000008006e92                __swrite
 .text.__sseek  0x0000000008006eca       0x24 c:/st/stm32cubeide_1.4.0/stm32cubeide/plugins/com.st.stm32cube.ide.mcu.externaltools.gnu-tools-for-stm32.7-2018-q2-update.win32_1.4.0.202007081208/tools/bin/../lib/gcc/arm-none-eabi/7.3.1/../../../../arm-none-eabi/lib/thumb/v7-m\libc_nano.a(lib_a-stdio.o)
                0x0000000008006eca                __sseek
 .text.__sclose
                0x0000000008006eee        0x8 c:/st/stm32cubeide_1.4.0/stm32cubeide/plugins/com.st.stm32cube.ide.mcu.externaltools.gnu-tools-for-stm32.7-2018-q2-update.win32_1.4.0.202007081208/tools/bin/../lib/gcc/arm-none-eabi/7.3.1/../../../../arm-none-eabi/lib/thumb/v7-m\libc_nano.a(lib_a-stdio.o)
                0x0000000008006eee                __sclose
 .text.strcpy   0x0000000008006ef6       0x10 c:/st/stm32cubeide_1.4.0/stm32cubeide/plugins/com.st.stm32cube.ide.mcu.externaltools.gnu-tools-for-stm32.7-2018-q2-update.win32_1.4.0.202007081208/tools/bin/../lib/gcc/arm-none-eabi/7.3.1/../../../../arm-none-eabi/lib/thumb/v7-m\libc_nano.a(lib_a-strcpy.o)
                0x0000000008006ef6                strcpy
 .text.strncmp  0x0000000008006f06       0x24 c:/st/stm32cubeide_1.4.0/stm32cubeide/plugins/com.st.stm32cube.ide.mcu.externaltools.gnu-tools-for-stm32.7-2018-q2-update.win32_1.4.0.202007081208/tools/bin/../lib/gcc/arm-none-eabi/7.3.1/../../../../arm-none-eabi/lib/thumb/v7-m\libc_nano.a(lib_a-strncmp.o)
                0x0000000008006f06                strncmp
 .text.unlikely.sulp
                0x0000000008006f2a       0x42 c:/st/stm32cubeide_1.4.0/stm32cubeide/plugins/com.st.stm32cube.ide.mcu.externaltools.gnu-tools-for-stm32.7-2018-q2-update.win32_1.4.0.202007081208/tools/bin/../lib/gcc/arm-none-eabi/7.3.1/../../../../arm-none-eabi/lib/thumb/v7-m\libc_nano.a(lib_a-strtod.o)
 *fill*         0x0000000008006f6c        0x4 
 .text._strtod_l
                0x0000000008006f70      0xc00 c:/st/stm32cubeide_1.4.0/stm32cubeide/plugins/com.st.stm32cube.ide.mcu.externaltools.gnu-tools-for-stm32.7-2018-q2-update.win32_1.4.0.202007081208/tools/bin/../lib/gcc/arm-none-eabi/7.3.1/../../../../arm-none-eabi/lib/thumb/v7-m\libc_nano.a(lib_a-strtod.o)
                0x0000000008006f70                _strtod_l
 .text.strtod   0x0000000008007b70       0x24 c:/st/stm32cubeide_1.4.0/stm32cubeide/plugins/com.st.stm32cube.ide.mcu.externaltools.gnu-tools-for-stm32.7-2018-q2-update.win32_1.4.0.202007081208/tools/bin/../lib/gcc/arm-none-eabi/7.3.1/../../../../arm-none-eabi/lib/thumb/v7-m\libc_nano.a(lib_a-strtod.o)
                0x0000000008007b70                strtod
 .text.__swbuf_r
                0x0000000008007b94       0xa4 c:/st/stm32cubeide_1.4.0/stm32cubeide/plugins/com.st.stm32cube.ide.mcu.externaltools.gnu-tools-for-stm32.7-2018-q2-update.win32_1.4.0.202007081208/tools/bin/../lib/gcc/arm-none-eabi/7.3.1/../../../../arm-none-eabi/lib/thumb/v7-m\libc_nano.a(lib_a-wbuf.o)
                0x0000000008007b94                __swbuf_r
 .text.__ascii_wctomb
                0x0000000008007c38       0x1a c:/st/stm32cubeide_1.4.0/stm32cubeide/plugins/com.st.stm32cube.ide.mcu.externaltools.gnu-tools-for-stm32.7-2018-q2-update.win32_1.4.0.202007081208/tools/bin/../lib/gcc/arm-none-eabi/7.3.1/../../../../arm-none-eabi/lib/thumb/v7-m\libc_nano.a(lib_a-wctomb_r.o)
                0x0000000008007c38                __ascii_wctomb
 *fill*         0x0000000008007c52        0x2 
 .text._write_r
                0x0000000008007c54       0x24 c:/st/stm32cubeide_1.4.0/stm32cubeide/plugins/com.st.stm32cube.ide.mcu.externaltools.gnu-tools-for-stm32.7-2018-q2-update.win32_1.4.0.202007081208/tools/bin/../lib/gcc/arm-none-eabi/7.3.1/../../../../arm-none-eabi/lib/thumb/v7-m\libc_nano.a(lib_a-writer.o)
                0x0000000008007c54                _write_r
 .text.__swsetup_r
                0x0000000008007c78       0xdc c:/st/stm32cubeide_1.4.0/stm32cubeide/plugins/com.st.stm32cube.ide.mcu.externaltools.gnu-tools-for-stm32.7-2018-q2-update.win32_1.4.0.202007081208/tools/bin/../lib/gcc/arm-none-eabi/7.3.1/../../../../arm-none-eabi/lib/thumb/v7-m\libc_nano.a(lib_a-wsetup.o)
                0x0000000008007c78                __swsetup_r
 .text._close_r
                0x0000000008007d54       0x20 c:/st/stm32cubeide_1.4.0/stm32cubeide/plugins/com.st.stm32cube.ide.mcu.externaltools.gnu-tools-for-stm32.7-2018-q2-update.win32_1.4.0.202007081208/tools/bin/../lib/gcc/arm-none-eabi/7.3.1/../../../../arm-none-eabi/lib/thumb/v7-m\libc_nano.a(lib_a-closer.o)
                0x0000000008007d54                _close_r
 .text.quorem   0x0000000008007d74      0x11c c:/st/stm32cubeide_1.4.0/stm32cubeide/plugins/com.st.stm32cube.ide.mcu.externaltools.gnu-tools-for-stm32.7-2018-q2-update.win32_1.4.0.202007081208/tools/bin/../lib/gcc/arm-none-eabi/7.3.1/../../../../arm-none-eabi/lib/thumb/v7-m\libc_nano.a(lib_a-dtoa.o)
 .text._dtoa_r  0x0000000008007e90      0xb68 c:/st/stm32cubeide_1.4.0/stm32cubeide/plugins/com.st.stm32cube.ide.mcu.externaltools.gnu-tools-for-stm32.7-2018-q2-update.win32_1.4.0.202007081208/tools/bin/../lib/gcc/arm-none-eabi/7.3.1/../../../../arm-none-eabi/lib/thumb/v7-m\libc_nano.a(lib_a-dtoa.o)
                0x0000000008007e90                _dtoa_r
 .text.__sflush_r
                0x00000000080089f8      0x10c c:/st/stm32cubeide_1.4.0/stm32cubeide/plugins/com.st.stm32cube.ide.mcu.externaltools.gnu-tools-for-stm32.7-2018-q2-update.win32_1.4.0.202007081208/tools/bin/../lib/gcc/arm-none-eabi/7.3.1/../../../../arm-none-eabi/lib/thumb/v7-m\libc_nano.a(lib_a-fflush.o)
                0x00000000080089f8                __sflush_r
 .text._fflush_r
                0x0000000008008b04       0x54 c:/st/stm32cubeide_1.4.0/stm32cubeide/plugins/com.st.stm32cube.ide.mcu.externaltools.gnu-tools-for-stm32.7-2018-q2-update.win32_1.4.0.202007081208/tools/bin/../lib/gcc/arm-none-eabi/7.3.1/../../../../arm-none-eabi/lib/thumb/v7-m\libc_nano.a(lib_a-fflush.o)
                0x0000000008008b04                _fflush_r
 .text.std      0x0000000008008b58       0x48 c:/st/stm32cubeide_1.4.0/stm32cubeide/plugins/com.st.stm32cube.ide.mcu.externaltools.gnu-tools-for-stm32.7-2018-q2-update.win32_1.4.0.202007081208/tools/bin/../lib/gcc/arm-none-eabi/7.3.1/../../../../arm-none-eabi/lib/thumb/v7-m\libc_nano.a(lib_a-findfp.o)
 .text._cleanup_r
                0x0000000008008ba0        0xc c:/st/stm32cubeide_1.4.0/stm32cubeide/plugins/com.st.stm32cube.ide.mcu.externaltools.gnu-tools-for-stm32.7-2018-q2-update.win32_1.4.0.202007081208/tools/bin/../lib/gcc/arm-none-eabi/7.3.1/../../../../arm-none-eabi/lib/thumb/v7-m\libc_nano.a(lib_a-findfp.o)
                0x0000000008008ba0                _cleanup_r
 .text.__sfmoreglue
                0x0000000008008bac       0x2c c:/st/stm32cubeide_1.4.0/stm32cubeide/plugins/com.st.stm32cube.ide.mcu.externaltools.gnu-tools-for-stm32.7-2018-q2-update.win32_1.4.0.202007081208/tools/bin/../lib/gcc/arm-none-eabi/7.3.1/../../../../arm-none-eabi/lib/thumb/v7-m\libc_nano.a(lib_a-findfp.o)
                0x0000000008008bac                __sfmoreglue
 .text.__sinit  0x0000000008008bd8       0x60 c:/st/stm32cubeide_1.4.0/stm32cubeide/plugins/com.st.stm32cube.ide.mcu.externaltools.gnu-tools-for-stm32.7-2018-q2-update.win32_1.4.0.202007081208/tools/bin/../lib/gcc/arm-none-eabi/7.3.1/../../../../arm-none-eabi/lib/thumb/v7-m\libc_nano.a(lib_a-findfp.o)
                0x0000000008008bd8                __sinit
 .text.__sfp    0x0000000008008c38       0x78 c:/st/stm32cubeide_1.4.0/stm32cubeide/plugins/com.st.stm32cube.ide.mcu.externaltools.gnu-tools-for-stm32.7-2018-q2-update.win32_1.4.0.202007081208/tools/bin/../lib/gcc/arm-none-eabi/7.3.1/../../../../arm-none-eabi/lib/thumb/v7-m\libc_nano.a(lib_a-findfp.o)
                0x0000000008008c38                __sfp
 .text._fwalk_reent
                0x0000000008008cb0       0x3c c:/st/stm32cubeide_1.4.0/stm32cubeide/plugins/com.st.stm32cube.ide.mcu.externaltools.gnu-tools-for-stm32.7-2018-q2-update.win32_1.4.0.202007081208/tools/bin/../lib/gcc/arm-none-eabi/7.3.1/../../../../arm-none-eabi/lib/thumb/v7-m\libc_nano.a(lib_a-fwalk.o)
                0x0000000008008cb0                _fwalk_reent
 .text.rshift   0x0000000008008cec       0x76 c:/st/stm32cubeide_1.4.0/stm32cubeide/plugins/com.st.stm32cube.ide.mcu.externaltools.gnu-tools-for-stm32.7-2018-q2-update.win32_1.4.0.202007081208/tools/bin/../lib/gcc/arm-none-eabi/7.3.1/../../../../arm-none-eabi/lib/thumb/v7-m\libc_nano.a(lib_a-gdtoa-gethex.o)
 .text.__hexdig_fun
                0x0000000008008d62       0x2a c:/st/stm32cubeide_1.4.0/stm32cubeide/plugins/com.st.stm32cube.ide.mcu.externaltools.gnu-tools-for-stm32.7-2018-q2-update.win32_1.4.0.202007081208/tools/bin/../lib/gcc/arm-none-eabi/7.3.1/../../../../arm-none-eabi/lib/thumb/v7-m\libc_nano.a(lib_a-gdtoa-gethex.o)
                0x0000000008008d62                __hexdig_fun
 .text.__gethex
                0x0000000008008d8c      0x444 c:/st/stm32cubeide_1.4.0/stm32cubeide/plugins/com.st.stm32cube.ide.mcu.externaltools.gnu-tools-for-stm32.7-2018-q2-update.win32_1.4.0.202007081208/tools/bin/../lib/gcc/arm-none-eabi/7.3.1/../../../../arm-none-eabi/lib/thumb/v7-m\libc_nano.a(lib_a-gdtoa-gethex.o)
                0x0000000008008d8c                __gethex
 .text.L_shift  0x00000000080091d0       0x24 c:/st/stm32cubeide_1.4.0/stm32cubeide/plugins/com.st.stm32cube.ide.mcu.externaltools.gnu-tools-for-stm32.7-2018-q2-update.win32_1.4.0.202007081208/tools/bin/../lib/gcc/arm-none-eabi/7.3.1/../../../../arm-none-eabi/lib/thumb/v7-m\libc_nano.a(lib_a-gdtoa-hexnan.o)
 .text.__match  0x00000000080091f4       0x28 c:/st/stm32cubeide_1.4.0/stm32cubeide/plugins/com.st.stm32cube.ide.mcu.externaltools.gnu-tools-for-stm32.7-2018-q2-update.win32_1.4.0.202007081208/tools/bin/../lib/gcc/arm-none-eabi/7.3.1/../../../../arm-none-eabi/lib/thumb/v7-m\libc_nano.a(lib_a-gdtoa-hexnan.o)
                0x00000000080091f4                __match
 .text.__hexnan
                0x000000000800921c      0x120 c:/st/stm32cubeide_1.4.0/stm32cubeide/plugins/com.st.stm32cube.ide.mcu.externaltools.gnu-tools-for-stm32.7-2018-q2-update.win32_1.4.0.202007081208/tools/bin/../lib/gcc/arm-none-eabi/7.3.1/../../../../arm-none-eabi/lib/thumb/v7-m\libc_nano.a(lib_a-gdtoa-hexnan.o)
                0x000000000800921c                __hexnan
 .text.__localeconv_l
                0x000000000800933c        0x4 c:/st/stm32cubeide_1.4.0/stm32cubeide/plugins/com.st.stm32cube.ide.mcu.externaltools.gnu-tools-for-stm32.7-2018-q2-update.win32_1.4.0.202007081208/tools/bin/../lib/gcc/arm-none-eabi/7.3.1/../../../../arm-none-eabi/lib/thumb/v7-m\libc_nano.a(lib_a-localeconv.o)
                0x000000000800933c                __localeconv_l
 .text._localeconv_r
                0x0000000008009340       0x1c c:/st/stm32cubeide_1.4.0/stm32cubeide/plugins/com.st.stm32cube.ide.mcu.externaltools.gnu-tools-for-stm32.7-2018-q2-update.win32_1.4.0.202007081208/tools/bin/../lib/gcc/arm-none-eabi/7.3.1/../../../../arm-none-eabi/lib/thumb/v7-m\libc_nano.a(lib_a-localeconv.o)
                0x0000000008009340                _localeconv_r
 .text._lseek_r
                0x000000000800935c       0x24 c:/st/stm32cubeide_1.4.0/stm32cubeide/plugins/com.st.stm32cube.ide.mcu.externaltools.gnu-tools-for-stm32.7-2018-q2-update.win32_1.4.0.202007081208/tools/bin/../lib/gcc/arm-none-eabi/7.3.1/../../../../arm-none-eabi/lib/thumb/v7-m\libc_nano.a(lib_a-lseekr.o)
                0x000000000800935c                _lseek_r
 .text.__swhatbuf_r
                0x0000000008009380       0x48 c:/st/stm32cubeide_1.4.0/stm32cubeide/plugins/com.st.stm32cube.ide.mcu.externaltools.gnu-tools-for-stm32.7-2018-q2-update.win32_1.4.0.202007081208/tools/bin/../lib/gcc/arm-none-eabi/7.3.1/../../../../arm-none-eabi/lib/thumb/v7-m\libc_nano.a(lib_a-makebuf.o)
                0x0000000008009380                __swhatbuf_r
 .text.__smakebuf_r
                0x00000000080093c8       0x80 c:/st/stm32cubeide_1.4.0/stm32cubeide/plugins/com.st.stm32cube.ide.mcu.externaltools.gnu-tools-for-stm32.7-2018-q2-update.win32_1.4.0.202007081208/tools/bin/../lib/gcc/arm-none-eabi/7.3.1/../../../../arm-none-eabi/lib/thumb/v7-m\libc_nano.a(lib_a-makebuf.o)
                0x00000000080093c8                __smakebuf_r
 .text.memchr   0x0000000008009448       0x1c c:/st/stm32cubeide_1.4.0/stm32cubeide/plugins/com.st.stm32cube.ide.mcu.externaltools.gnu-tools-for-stm32.7-2018-q2-update.win32_1.4.0.202007081208/tools/bin/../lib/gcc/arm-none-eabi/7.3.1/../../../../arm-none-eabi/lib/thumb/v7-m\libc_nano.a(lib_a-memchr-stub.o)
                0x0000000008009448                memchr
 .text.memmove  0x0000000008009464       0x32 c:/st/stm32cubeide_1.4.0/stm32cubeide/plugins/com.st.stm32cube.ide.mcu.externaltools.gnu-tools-for-stm32.7-2018-q2-update.win32_1.4.0.202007081208/tools/bin/../lib/gcc/arm-none-eabi/7.3.1/../../../../arm-none-eabi/lib/thumb/v7-m\libc_nano.a(lib_a-memmove.o)
                0x0000000008009464                memmove
 .text.__malloc_lock
                0x0000000008009496        0x2 c:/st/stm32cubeide_1.4.0/stm32cubeide/plugins/com.st.stm32cube.ide.mcu.externaltools.gnu-tools-for-stm32.7-2018-q2-update.win32_1.4.0.202007081208/tools/bin/../lib/gcc/arm-none-eabi/7.3.1/../../../../arm-none-eabi/lib/thumb/v7-m\libc_nano.a(lib_a-mlock.o)
                0x0000000008009496                __malloc_lock
 .text.__malloc_unlock
                0x0000000008009498        0x2 c:/st/stm32cubeide_1.4.0/stm32cubeide/plugins/com.st.stm32cube.ide.mcu.externaltools.gnu-tools-for-stm32.7-2018-q2-update.win32_1.4.0.202007081208/tools/bin/../lib/gcc/arm-none-eabi/7.3.1/../../../../arm-none-eabi/lib/thumb/v7-m\libc_nano.a(lib_a-mlock.o)
                0x0000000008009498                __malloc_unlock
 .text._Balloc  0x000000000800949a       0x68 c:/st/stm32cubeide_1.4.0/stm32cubeide/plugins/com.st.stm32cube.ide.mcu.externaltools.gnu-tools-for-stm32.7-2018-q2-update.win32_1.4.0.202007081208/tools/bin/../lib/gcc/arm-none-eabi/7.3.1/../../../../arm-none-eabi/lib/thumb/v7-m\libc_nano.a(lib_a-mprec.o)
                0x000000000800949a                _Balloc
 .text._Bfree   0x0000000008009502       0x2e c:/st/stm32cubeide_1.4.0/stm32cubeide/plugins/com.st.stm32cube.ide.mcu.externaltools.gnu-tools-for-stm32.7-2018-q2-update.win32_1.4.0.202007081208/tools/bin/../lib/gcc/arm-none-eabi/7.3.1/../../../../arm-none-eabi/lib/thumb/v7-m\libc_nano.a(lib_a-mprec.o)
                0x0000000008009502                _Bfree
 .text.__multadd
                0x0000000008009530       0x76 c:/st/stm32cubeide_1.4.0/stm32cubeide/plugins/com.st.stm32cube.ide.mcu.externaltools.gnu-tools-for-stm32.7-2018-q2-update.win32_1.4.0.202007081208/tools/bin/../lib/gcc/arm-none-eabi/7.3.1/../../../../arm-none-eabi/lib/thumb/v7-m\libc_nano.a(lib_a-mprec.o)
                0x0000000008009530                __multadd
 .text.__s2b    0x00000000080095a6       0x7c c:/st/stm32cubeide_1.4.0/stm32cubeide/plugins/com.st.stm32cube.ide.mcu.externaltools.gnu-tools-for-stm32.7-2018-q2-update.win32_1.4.0.202007081208/tools/bin/../lib/gcc/arm-none-eabi/7.3.1/../../../../arm-none-eabi/lib/thumb/v7-m\libc_nano.a(lib_a-mprec.o)
                0x00000000080095a6                __s2b
 .text.__hi0bits
                0x0000000008009622       0x3e c:/st/stm32cubeide_1.4.0/stm32cubeide/plugins/com.st.stm32cube.ide.mcu.externaltools.gnu-tools-for-stm32.7-2018-q2-update.win32_1.4.0.202007081208/tools/bin/../lib/gcc/arm-none-eabi/7.3.1/../../../../arm-none-eabi/lib/thumb/v7-m\libc_nano.a(lib_a-mprec.o)
                0x0000000008009622                __hi0bits
 .text.__lo0bits
                0x0000000008009660       0x5e c:/st/stm32cubeide_1.4.0/stm32cubeide/plugins/com.st.stm32cube.ide.mcu.externaltools.gnu-tools-for-stm32.7-2018-q2-update.win32_1.4.0.202007081208/tools/bin/../lib/gcc/arm-none-eabi/7.3.1/../../../../arm-none-eabi/lib/thumb/v7-m\libc_nano.a(lib_a-mprec.o)
                0x0000000008009660                __lo0bits
 .text.__i2b    0x00000000080096be       0x12 c:/st/stm32cubeide_1.4.0/stm32cubeide/plugins/com.st.stm32cube.ide.mcu.externaltools.gnu-tools-for-stm32.7-2018-q2-update.win32_1.4.0.202007081208/tools/bin/../lib/gcc/arm-none-eabi/7.3.1/../../../../arm-none-eabi/lib/thumb/v7-m\libc_nano.a(lib_a-mprec.o)
                0x00000000080096be                __i2b
 .text.__multiply
                0x00000000080096d0      0x12a c:/st/stm32cubeide_1.4.0/stm32cubeide/plugins/com.st.stm32cube.ide.mcu.externaltools.gnu-tools-for-stm32.7-2018-q2-update.win32_1.4.0.202007081208/tools/bin/../lib/gcc/arm-none-eabi/7.3.1/../../../../arm-none-eabi/lib/thumb/v7-m\libc_nano.a(lib_a-mprec.o)
                0x00000000080096d0                __multiply
 *fill*         0x00000000080097fa        0x2 
 .text.__pow5mult
                0x00000000080097fc       0x9c c:/st/stm32cubeide_1.4.0/stm32cubeide/plugins/com.st.stm32cube.ide.mcu.externaltools.gnu-tools-for-stm32.7-2018-q2-update.win32_1.4.0.202007081208/tools/bin/../lib/gcc/arm-none-eabi/7.3.1/../../../../arm-none-eabi/lib/thumb/v7-m\libc_nano.a(lib_a-mprec.o)
                0x00000000080097fc                __pow5mult
 .text.__lshift
                0x0000000008009898       0xa8 c:/st/stm32cubeide_1.4.0/stm32cubeide/plugins/com.st.stm32cube.ide.mcu.externaltools.gnu-tools-for-stm32.7-2018-q2-update.win32_1.4.0.202007081208/tools/bin/../lib/gcc/arm-none-eabi/7.3.1/../../../../arm-none-eabi/lib/thumb/v7-m\libc_nano.a(lib_a-mprec.o)
                0x0000000008009898                __lshift
 .text.__mcmp   0x0000000008009940       0x34 c:/st/stm32cubeide_1.4.0/stm32cubeide/plugins/com.st.stm32cube.ide.mcu.externaltools.gnu-tools-for-stm32.7-2018-q2-update.win32_1.4.0.202007081208/tools/bin/../lib/gcc/arm-none-eabi/7.3.1/../../../../arm-none-eabi/lib/thumb/v7-m\libc_nano.a(lib_a-mprec.o)
                0x0000000008009940                __mcmp
 .text.__mdiff  0x0000000008009974       0xbc c:/st/stm32cubeide_1.4.0/stm32cubeide/plugins/com.st.stm32cube.ide.mcu.externaltools.gnu-tools-for-stm32.7-2018-q2-update.win32_1.4.0.202007081208/tools/bin/../lib/gcc/arm-none-eabi/7.3.1/../../../../arm-none-eabi/lib/thumb/v7-m\libc_nano.a(lib_a-mprec.o)
                0x0000000008009974                __mdiff
 .text.__ulp    0x0000000008009a30       0x48 c:/st/stm32cubeide_1.4.0/stm32cubeide/plugins/com.st.stm32cube.ide.mcu.externaltools.gnu-tools-for-stm32.7-2018-q2-update.win32_1.4.0.202007081208/tools/bin/../lib/gcc/arm-none-eabi/7.3.1/../../../../arm-none-eabi/lib/thumb/v7-m\libc_nano.a(lib_a-mprec.o)
                0x0000000008009a30                __ulp
 .text.__b2d    0x0000000008009a78       0xa4 c:/st/stm32cubeide_1.4.0/stm32cubeide/plugins/com.st.stm32cube.ide.mcu.externaltools.gnu-tools-for-stm32.7-2018-q2-update.win32_1.4.0.202007081208/tools/bin/../lib/gcc/arm-none-eabi/7.3.1/../../../../arm-none-eabi/lib/thumb/v7-m\libc_nano.a(lib_a-mprec.o)
                0x0000000008009a78                __b2d
 .text.__d2b    0x0000000008009b1c       0x9e c:/st/stm32cubeide_1.4.0/stm32cubeide/plugins/com.st.stm32cube.ide.mcu.externaltools.gnu-tools-for-stm32.7-2018-q2-update.win32_1.4.0.202007081208/tools/bin/../lib/gcc/arm-none-eabi/7.3.1/../../../../arm-none-eabi/lib/thumb/v7-m\libc_nano.a(lib_a-mprec.o)
                0x0000000008009b1c                __d2b
 .text.__ratio  0x0000000008009bba       0x5c c:/st/stm32cubeide_1.4.0/stm32cubeide/plugins/com.st.stm32cube.ide.mcu.externaltools.gnu-tools-for-stm32.7-2018-q2-update.win32_1.4.0.202007081208/tools/bin/../lib/gcc/arm-none-eabi/7.3.1/../../../../arm-none-eabi/lib/thumb/v7-m\libc_nano.a(lib_a-mprec.o)
                0x0000000008009bba                __ratio
 .text.__copybits
                0x0000000008009c16       0x34 c:/st/stm32cubeide_1.4.0/stm32cubeide/plugins/com.st.stm32cube.ide.mcu.externaltools.gnu-tools-for-stm32.7-2018-q2-update.win32_1.4.0.202007081208/tools/bin/../lib/gcc/arm-none-eabi/7.3.1/../../../../arm-none-eabi/lib/thumb/v7-m\libc_nano.a(lib_a-mprec.o)
                0x0000000008009c16                __copybits
 .text.__any_on
                0x0000000008009c4a       0x42 c:/st/stm32cubeide_1.4.0/stm32cubeide/plugins/com.st.stm32cube.ide.mcu.externaltools.gnu-tools-for-stm32.7-2018-q2-update.win32_1.4.0.202007081208/tools/bin/../lib/gcc/arm-none-eabi/7.3.1/../../../../arm-none-eabi/lib/thumb/v7-m\libc_nano.a(lib_a-mprec.o)
                0x0000000008009c4a                __any_on
 .text._calloc_r
                0x0000000008009c8c       0x1c c:/st/stm32cubeide_1.4.0/stm32cubeide/plugins/com.st.stm32cube.ide.mcu.externaltools.gnu-tools-for-stm32.7-2018-q2-update.win32_1.4.0.202007081208/tools/bin/../lib/gcc/arm-none-eabi/7.3.1/../../../../arm-none-eabi/lib/thumb/v7-m\libc_nano.a(lib_a-nano-callocr.o)
                0x0000000008009c8c                _calloc_r
 .text._realloc_r
                0x0000000008009ca8       0x4c c:/st/stm32cubeide_1.4.0/stm32cubeide/plugins/com.st.stm32cube.ide.mcu.externaltools.gnu-tools-for-stm32.7-2018-q2-update.win32_1.4.0.202007081208/tools/bin/../lib/gcc/arm-none-eabi/7.3.1/../../../../arm-none-eabi/lib/thumb/v7-m\libc_nano.a(lib_a-nano-reallocr.o)
                0x0000000008009ca8                _realloc_r
 .text.__ssputs_r
                0x0000000008009cf4       0xb4 c:/st/stm32cubeide_1.4.0/stm32cubeide/plugins/com.st.stm32cube.ide.mcu.externaltools.gnu-tools-for-stm32.7-2018-q2-update.win32_1.4.0.202007081208/tools/bin/../lib/gcc/arm-none-eabi/7.3.1/../../../../arm-none-eabi/lib/thumb/v7-m\libc_nano.a(lib_a-nano-svfprintf.o)
                0x0000000008009cf4                __ssputs_r
 .text._svfprintf_r
                0x0000000008009da8      0x1f0 c:/st/stm32cubeide_1.4.0/stm32cubeide/plugins/com.st.stm32cube.ide.mcu.externaltools.gnu-tools-for-stm32.7-2018-q2-update.win32_1.4.0.202007081208/tools/bin/../lib/gcc/arm-none-eabi/7.3.1/../../../../arm-none-eabi/lib/thumb/v7-m\libc_nano.a(lib_a-nano-svfprintf.o)
                0x0000000008009da8                _svfiprintf_r
                0x0000000008009da8                _svfprintf_r
 .text._sungetc_r
                0x0000000008009f98       0x7a c:/st/stm32cubeide_1.4.0/stm32cubeide/plugins/com.st.stm32cube.ide.mcu.externaltools.gnu-tools-for-stm32.7-2018-q2-update.win32_1.4.0.202007081208/tools/bin/../lib/gcc/arm-none-eabi/7.3.1/../../../../arm-none-eabi/lib/thumb/v7-m\libc_nano.a(lib_a-nano-svfscanf.o)
                0x0000000008009f98                _sungetc_r
 .text.__ssrefill_r
                0x000000000800a012       0x3a c:/st/stm32cubeide_1.4.0/stm32cubeide/plugins/com.st.stm32cube.ide.mcu.externaltools.gnu-tools-for-stm32.7-2018-q2-update.win32_1.4.0.202007081208/tools/bin/../lib/gcc/arm-none-eabi/7.3.1/../../../../arm-none-eabi/lib/thumb/v7-m\libc_nano.a(lib_a-nano-svfscanf.o)
                0x000000000800a012                __ssrefill_r
 .text.__ssvfscanf_r
                0x000000000800a04c      0x2a0 c:/st/stm32cubeide_1.4.0/stm32cubeide/plugins/com.st.stm32cube.ide.mcu.externaltools.gnu-tools-for-stm32.7-2018-q2-update.win32_1.4.0.202007081208/tools/bin/../lib/gcc/arm-none-eabi/7.3.1/../../../../arm-none-eabi/lib/thumb/v7-m\libc_nano.a(lib_a-nano-svfscanf.o)
                0x000000000800a04c                __ssvfiscanf_r
                0x000000000800a04c                __ssvfscanf_r
 .text._scanf_chars
                0x000000000800a2ec       0xc4 c:/st/stm32cubeide_1.4.0/stm32cubeide/plugins/com.st.stm32cube.ide.mcu.externaltools.gnu-tools-for-stm32.7-2018-q2-update.win32_1.4.0.202007081208/tools/bin/../lib/gcc/arm-none-eabi/7.3.1/../../../../arm-none-eabi/lib/thumb/v7-m\libc_nano.a(lib_a-nano-vfscanf_i.o)
                0x000000000800a2ec                _scanf_chars
 .text._scanf_i
                0x000000000800a3b0      0x1ec c:/st/stm32cubeide_1.4.0/stm32cubeide/plugins/com.st.stm32cube.ide.mcu.externaltools.gnu-tools-for-stm32.7-2018-q2-update.win32_1.4.0.202007081208/tools/bin/../lib/gcc/arm-none-eabi/7.3.1/../../../../arm-none-eabi/lib/thumb/v7-m\libc_nano.a(lib_a-nano-vfscanf_i.o)
                0x000000000800a3b0                _scanf_i
 .text._read_r  0x000000000800a59c       0x24 c:/st/stm32cubeide_1.4.0/stm32cubeide/plugins/com.st.stm32cube.ide.mcu.externaltools.gnu-tools-for-stm32.7-2018-q2-update.win32_1.4.0.202007081208/tools/bin/../lib/gcc/arm-none-eabi/7.3.1/../../../../arm-none-eabi/lib/thumb/v7-m\libc_nano.a(lib_a-readr.o)
                0x000000000800a59c                _read_r
 .text.__sccl   0x000000000800a5c0       0x62 c:/st/stm32cubeide_1.4.0/stm32cubeide/plugins/com.st.stm32cube.ide.mcu.externaltools.gnu-tools-for-stm32.7-2018-q2-update.win32_1.4.0.202007081208/tools/bin/../lib/gcc/arm-none-eabi/7.3.1/../../../../arm-none-eabi/lib/thumb/v7-m\libc_nano.a(lib_a-sccl.o)
                0x000000000800a5c0                __sccl
 .text._strtol_l.isra.0
                0x000000000800a622       0xf6 c:/st/stm32cubeide_1.4.0/stm32cubeide/plugins/com.st.stm32cube.ide.mcu.externaltools.gnu-tools-for-stm32.7-2018-q2-update.win32_1.4.0.202007081208/tools/bin/../lib/gcc/arm-none-eabi/7.3.1/../../../../arm-none-eabi/lib/thumb/v7-m\libc_nano.a(lib_a-strtol.o)
 .text._strtol_r
                0x000000000800a718       0x24 c:/st/stm32cubeide_1.4.0/stm32cubeide/plugins/com.st.stm32cube.ide.mcu.externaltools.gnu-tools-for-stm32.7-2018-q2-update.win32_1.4.0.202007081208/tools/bin/../lib/gcc/arm-none-eabi/7.3.1/../../../../arm-none-eabi/lib/thumb/v7-m\libc_nano.a(lib_a-strtol.o)
                0x000000000800a718                _strtol_r
 .text._strtoul_l.isra.0
                0x000000000800a73c       0xf4 c:/st/stm32cubeide_1.4.0/stm32cubeide/plugins/com.st.stm32cube.ide.mcu.externaltools.gnu-tools-for-stm32.7-2018-q2-update.win32_1.4.0.202007081208/tools/bin/../lib/gcc/arm-none-eabi/7.3.1/../../../../arm-none-eabi/lib/thumb/v7-m\libc_nano.a(lib_a-strtoul.o)
 .text._strtoul_r
                0x000000000800a830       0x24 c:/st/stm32cubeide_1.4.0/stm32cubeide/plugins/com.st.stm32cube.ide.mcu.externaltools.gnu-tools-for-stm32.7-2018-q2-update.win32_1.4.0.202007081208/tools/bin/../lib/gcc/arm-none-eabi/7.3.1/../../../../arm-none-eabi/lib/thumb/v7-m\libc_nano.a(lib_a-strtoul.o)
                0x000000000800a830                _strtoul_r
 .text.__submore
                0x000000000800a854       0x70 c:/st/stm32cubeide_1.4.0/stm32cubeide/plugins/com.st.stm32cube.ide.mcu.externaltools.gnu-tools-for-stm32.7-2018-q2-update.win32_1.4.0.202007081208/tools/bin/../lib/gcc/arm-none-eabi/7.3.1/../../../../arm-none-eabi/lib/thumb/v7-m\libc_nano.a(lib_a-ungetc.o)
                0x000000000800a854                __submore
 .text._fstat_r
                0x000000000800a8c4       0x24 c:/st/stm32cubeide_1.4.0/stm32cubeide/plugins/com.st.stm32cube.ide.mcu.externaltools.gnu-tools-for-stm32.7-2018-q2-update.win32_1.4.0.202007081208/tools/bin/../lib/gcc/arm-none-eabi/7.3.1/../../../../arm-none-eabi/lib/thumb/v7-m\libc_nano.a(lib_a-fstatr.o)
                0x000000000800a8c4                _fstat_r
 .text._isatty_r
                0x000000000800a8e8       0x20 c:/st/stm32cubeide_1.4.0/stm32cubeide/plugins/com.st.stm32cube.ide.mcu.externaltools.gnu-tools-for-stm32.7-2018-q2-update.win32_1.4.0.202007081208/tools/bin/../lib/gcc/arm-none-eabi/7.3.1/../../../../arm-none-eabi/lib/thumb/v7-m\libc_nano.a(lib_a-isattyr.o)
                0x000000000800a8e8                _isatty_r
 .text._malloc_usable_size_r
                0x000000000800a908       0x10 c:/st/stm32cubeide_1.4.0/stm32cubeide/plugins/com.st.stm32cube.ide.mcu.externaltools.gnu-tools-for-stm32.7-2018-q2-update.win32_1.4.0.202007081208/tools/bin/../lib/gcc/arm-none-eabi/7.3.1/../../../../arm-none-eabi/lib/thumb/v7-m\libc_nano.a(lib_a-nano-msizer.o)
                0x000000000800a908                _malloc_usable_size_r
 .text.log      0x000000000800a918       0xf4 c:/st/stm32cubeide_1.4.0/stm32cubeide/plugins/com.st.stm32cube.ide.mcu.externaltools.gnu-tools-for-stm32.7-2018-q2-update.win32_1.4.0.202007081208/tools/bin/../lib/gcc/arm-none-eabi/7.3.1/../../../../arm-none-eabi/lib/thumb/v7-m\libm.a(lib_a-w_log.o)
                0x000000000800a918                log
 *fill*         0x000000000800aa0c        0x4 
 .text.__ieee754_log
                0x000000000800aa10      0x364 c:/st/stm32cubeide_1.4.0/stm32cubeide/plugins/com.st.stm32cube.ide.mcu.externaltools.gnu-tools-for-stm32.7-2018-q2-update.win32_1.4.0.202007081208/tools/bin/../lib/gcc/arm-none-eabi/7.3.1/../../../../arm-none-eabi/lib/thumb/v7-m\libm.a(lib_a-e_log.o)
                0x000000000800aa10                __ieee754_log
 .text.matherr  0x000000000800ad74        0x4 c:/st/stm32cubeide_1.4.0/stm32cubeide/plugins/com.st.stm32cube.ide.mcu.externaltools.gnu-tools-for-stm32.7-2018-q2-update.win32_1.4.0.202007081208/tools/bin/../lib/gcc/arm-none-eabi/7.3.1/../../../../arm-none-eabi/lib/thumb/v7-m\libm.a(lib_a-s_matherr.o)
                0x000000000800ad74                matherr
 .text.nan      0x000000000800ad78        0xc c:/st/stm32cubeide_1.4.0/stm32cubeide/plugins/com.st.stm32cube.ide.mcu.externaltools.gnu-tools-for-stm32.7-2018-q2-update.win32_1.4.0.202007081208/tools/bin/../lib/gcc/arm-none-eabi/7.3.1/../../../../arm-none-eabi/lib/thumb/v7-m\libm.a(lib_a-s_nan.o)
                0x000000000800ad78                nan
 *(.glue_7)
 .glue_7        0x000000000800ad84        0x0 linker stubs
 *(.glue_7t)
 .glue_7t       0x000000000800ad84        0x0 linker stubs
 *(.eh_frame)
 .eh_frame      0x000000000800ad84        0x0 c:/st/stm32cubeide_1.4.0/stm32cubeide/plugins/com.st.stm32cube.ide.mcu.externaltools.gnu-tools-for-stm32.7-2018-q2-update.win32_1.4.0.202007081208/tools/bin/../lib/gcc/arm-none-eabi/7.3.1/thumb/v7-m/crtbegin.o
 *(.init)
 .init          0x000000000800ad84        0x4 c:/st/stm32cubeide_1.4.0/stm32cubeide/plugins/com.st.stm32cube.ide.mcu.externaltools.gnu-tools-for-stm32.7-2018-q2-update.win32_1.4.0.202007081208/tools/bin/../lib/gcc/arm-none-eabi/7.3.1/thumb/v7-m/crti.o
                0x000000000800ad84                _init
 .init          0x000000000800ad88        0x8 c:/st/stm32cubeide_1.4.0/stm32cubeide/plugins/com.st.stm32cube.ide.mcu.externaltools.gnu-tools-for-stm32.7-2018-q2-update.win32_1.4.0.202007081208/tools/bin/../lib/gcc/arm-none-eabi/7.3.1/thumb/v7-m/crtn.o
 *(.fini)
 .fini          0x000000000800ad90        0x4 c:/st/stm32cubeide_1.4.0/stm32cubeide/plugins/com.st.stm32cube.ide.mcu.externaltools.gnu-tools-for-stm32.7-2018-q2-update.win32_1.4.0.202007081208/tools/bin/../lib/gcc/arm-none-eabi/7.3.1/thumb/v7-m/crti.o
                0x000000000800ad90                _fini
 .fini          0x000000000800ad94        0x8 c:/st/stm32cubeide_1.4.0/stm32cubeide/plugins/com.st.stm32cube.ide.mcu.externaltools.gnu-tools-for-stm32.7-2018-q2-update.win32_1.4.0.202007081208/tools/bin/../lib/gcc/arm-none-eabi/7.3.1/thumb/v7-m/crtn.o
                0x000000000800ad9c                . = ALIGN (0x4)
                0x000000000800ad9c                _etext = .

.vfp11_veneer   0x000000000800ad9c        0x0
 .vfp11_veneer  0x000000000800ad9c        0x0 linker stubs

.v4_bx          0x000000000800ad9c        0x0
 .v4_bx         0x000000000800ad9c        0x0 linker stubs

.iplt           0x000000000800ad9c        0x0
 .iplt          0x000000000800ad9c        0x0 c:/st/stm32cubeide_1.4.0/stm32cubeide/plugins/com.st.stm32cube.ide.mcu.externaltools.gnu-tools-for-stm32.7-2018-q2-update.win32_1.4.0.202007081208/tools/bin/../lib/gcc/arm-none-eabi/7.3.1/thumb/v7-m/crtbegin.o

.rodata         0x000000000800ada0      0x714
                0x000000000800ada0                . = ALIGN (0x4)
 *(.rodata)
 .rodata        0x000000000800ada0       0x49 Libs/cJson/cJson.o
 *fill*         0x000000000800ade9        0x3 
 .rodata        0x000000000800adec       0xc1 Libs/cJson_Functions/cJson_Functions.o
 *fill*         0x000000000800aead        0x3 
 .rodata        0x000000000800aeb0        0x5 Middlewares/freeRTOS/tasks.o
 *fill*         0x000000000800aeb5        0x3 
 .rodata        0x000000000800aeb8        0x8 Middlewares/freeRTOS/timers.o
 .rodata        0x000000000800aec0      0x29f Src/main.o
 *fill*         0x000000000800b15f        0x1 
 .rodata        0x000000000800b160        0xc c:/st/stm32cubeide_1.4.0/stm32cubeide/plugins/com.st.stm32cube.ide.mcu.externaltools.gnu-tools-for-stm32.7-2018-q2-update.win32_1.4.0.202007081208/tools/bin/../lib/gcc/arm-none-eabi/7.3.1/../../../../arm-none-eabi/lib/thumb/v7-m\libc_nano.a(lib_a-nano-vfscanf_i.o)
 *(.rodata*)
 .rodata.APBPreSCTable
                0x000000000800b16c        0x8 MCAL/RCC/RCC.o
                0x000000000800b16c                APBPreSCTable
 .rodata.AHBPreSCTable
                0x000000000800b174       0x11 MCAL/RCC/RCC.o
                0x000000000800b174                AHBPreSCTable
 *fill*         0x000000000800b185        0x3 
 .rodata._global_impure_ptr
                0x000000000800b188        0x4 c:/st/stm32cubeide_1.4.0/stm32cubeide/plugins/com.st.stm32cube.ide.mcu.externaltools.gnu-tools-for-stm32.7-2018-q2-update.win32_1.4.0.202007081208/tools/bin/../lib/gcc/arm-none-eabi/7.3.1/../../../../arm-none-eabi/lib/thumb/v7-m\libc_nano.a(lib_a-impure.o)
                0x000000000800b188                _global_impure_ptr
 .rodata._setlocale_r.str1.1
                0x000000000800b18c        0x8 c:/st/stm32cubeide_1.4.0/stm32cubeide/plugins/com.st.stm32cube.ide.mcu.externaltools.gnu-tools-for-stm32.7-2018-q2-update.win32_1.4.0.202007081208/tools/bin/../lib/gcc/arm-none-eabi/7.3.1/../../../../arm-none-eabi/lib/thumb/v7-m\libc_nano.a(lib_a-locale.o)
                                          0x9 (size before relaxing)
 .rodata.str1.1
                0x000000000800b194        0x2 c:/st/stm32cubeide_1.4.0/stm32cubeide/plugins/com.st.stm32cube.ide.mcu.externaltools.gnu-tools-for-stm32.7-2018-q2-update.win32_1.4.0.202007081208/tools/bin/../lib/gcc/arm-none-eabi/7.3.1/../../../../arm-none-eabi/lib/thumb/v7-m\libc_nano.a(lib_a-locale.o)
 .rodata._printf_float.str1.1
                0x000000000800b196       0x10 c:/st/stm32cubeide_1.4.0/stm32cubeide/plugins/com.st.stm32cube.ide.mcu.externaltools.gnu-tools-for-stm32.7-2018-q2-update.win32_1.4.0.202007081208/tools/bin/../lib/gcc/arm-none-eabi/7.3.1/../../../../arm-none-eabi/lib/thumb/v7-m\libc_nano.a(lib_a-nano-vfprintf_float.o)
                                         0x12 (size before relaxing)
 .rodata._printf_i.str1.1
                0x000000000800b1a6       0x22 c:/st/stm32cubeide_1.4.0/stm32cubeide/plugins/com.st.stm32cube.ide.mcu.externaltools.gnu-tools-for-stm32.7-2018-q2-update.win32_1.4.0.202007081208/tools/bin/../lib/gcc/arm-none-eabi/7.3.1/../../../../arm-none-eabi/lib/thumb/v7-m\libc_nano.a(lib_a-nano-vfprintf_i.o)
 .rodata._strtod_l.str1.1
                0x000000000800b1c8       0x22 c:/st/stm32cubeide_1.4.0/stm32cubeide/plugins/com.st.stm32cube.ide.mcu.externaltools.gnu-tools-for-stm32.7-2018-q2-update.win32_1.4.0.202007081208/tools/bin/../lib/gcc/arm-none-eabi/7.3.1/../../../../arm-none-eabi/lib/thumb/v7-m\libc_nano.a(lib_a-strtod.o)
                                          0xc (size before relaxing)
 .rodata.fpi.6160
                0x000000000800b1c8       0x14 c:/st/stm32cubeide_1.4.0/stm32cubeide/plugins/com.st.stm32cube.ide.mcu.externaltools.gnu-tools-for-stm32.7-2018-q2-update.win32_1.4.0.202007081208/tools/bin/../lib/gcc/arm-none-eabi/7.3.1/../../../../arm-none-eabi/lib/thumb/v7-m\libc_nano.a(lib_a-strtod.o)
 .rodata.fpinan.6196
                0x000000000800b1dc       0x14 c:/st/stm32cubeide_1.4.0/stm32cubeide/plugins/com.st.stm32cube.ide.mcu.externaltools.gnu-tools-for-stm32.7-2018-q2-update.win32_1.4.0.202007081208/tools/bin/../lib/gcc/arm-none-eabi/7.3.1/../../../../arm-none-eabi/lib/thumb/v7-m\libc_nano.a(lib_a-strtod.o)
 .rodata.tinytens
                0x000000000800b1f0       0x28 c:/st/stm32cubeide_1.4.0/stm32cubeide/plugins/com.st.stm32cube.ide.mcu.externaltools.gnu-tools-for-stm32.7-2018-q2-update.win32_1.4.0.202007081208/tools/bin/../lib/gcc/arm-none-eabi/7.3.1/../../../../arm-none-eabi/lib/thumb/v7-m\libc_nano.a(lib_a-strtod.o)
 .rodata._ctype_
                0x000000000800b218      0x101 c:/st/stm32cubeide_1.4.0/stm32cubeide/plugins/com.st.stm32cube.ide.mcu.externaltools.gnu-tools-for-stm32.7-2018-q2-update.win32_1.4.0.202007081208/tools/bin/../lib/gcc/arm-none-eabi/7.3.1/../../../../arm-none-eabi/lib/thumb/v7-m\libc_nano.a(lib_a-ctype_.o)
                0x000000000800b218                _ctype_
 .rodata._dtoa_r.str1.1
                0x000000000800b319        0xd c:/st/stm32cubeide_1.4.0/stm32cubeide/plugins/com.st.stm32cube.ide.mcu.externaltools.gnu-tools-for-stm32.7-2018-q2-update.win32_1.4.0.202007081208/tools/bin/../lib/gcc/arm-none-eabi/7.3.1/../../../../arm-none-eabi/lib/thumb/v7-m\libc_nano.a(lib_a-dtoa.o)
                                          0xf (size before relaxing)
 *fill*         0x000000000800b326        0x2 
 .rodata.__sf_fake_stderr
                0x000000000800b328       0x20 c:/st/stm32cubeide_1.4.0/stm32cubeide/plugins/com.st.stm32cube.ide.mcu.externaltools.gnu-tools-for-stm32.7-2018-q2-update.win32_1.4.0.202007081208/tools/bin/../lib/gcc/arm-none-eabi/7.3.1/../../../../arm-none-eabi/lib/thumb/v7-m\libc_nano.a(lib_a-findfp.o)
                0x000000000800b328                __sf_fake_stderr
 .rodata.__sf_fake_stdin
                0x000000000800b348       0x20 c:/st/stm32cubeide_1.4.0/stm32cubeide/plugins/com.st.stm32cube.ide.mcu.externaltools.gnu-tools-for-stm32.7-2018-q2-update.win32_1.4.0.202007081208/tools/bin/../lib/gcc/arm-none-eabi/7.3.1/../../../../arm-none-eabi/lib/thumb/v7-m\libc_nano.a(lib_a-findfp.o)
                0x000000000800b348                __sf_fake_stdin
 .rodata.__sf_fake_stdout
                0x000000000800b368       0x20 c:/st/stm32cubeide_1.4.0/stm32cubeide/plugins/com.st.stm32cube.ide.mcu.externaltools.gnu-tools-for-stm32.7-2018-q2-update.win32_1.4.0.202007081208/tools/bin/../lib/gcc/arm-none-eabi/7.3.1/../../../../arm-none-eabi/lib/thumb/v7-m\libc_nano.a(lib_a-findfp.o)
                0x000000000800b368                __sf_fake_stdout
 .rodata.__mprec_bigtens
                0x000000000800b388       0x28 c:/st/stm32cubeide_1.4.0/stm32cubeide/plugins/com.st.stm32cube.ide.mcu.externaltools.gnu-tools-for-stm32.7-2018-q2-update.win32_1.4.0.202007081208/tools/bin/../lib/gcc/arm-none-eabi/7.3.1/../../../../arm-none-eabi/lib/thumb/v7-m\libc_nano.a(lib_a-mprec.o)
                0x000000000800b388                __mprec_bigtens
 .rodata.__mprec_tens
                0x000000000800b3b0       0xc8 c:/st/stm32cubeide_1.4.0/stm32cubeide/plugins/com.st.stm32cube.ide.mcu.externaltools.gnu-tools-for-stm32.7-2018-q2-update.win32_1.4.0.202007081208/tools/bin/../lib/gcc/arm-none-eabi/7.3.1/../../../../arm-none-eabi/lib/thumb/v7-m\libc_nano.a(lib_a-mprec.o)
                0x000000000800b3b0                __mprec_tens
 .rodata.p05.6084
                0x000000000800b478        0xc c:/st/stm32cubeide_1.4.0/stm32cubeide/plugins/com.st.stm32cube.ide.mcu.externaltools.gnu-tools-for-stm32.7-2018-q2-update.win32_1.4.0.202007081208/tools/bin/../lib/gcc/arm-none-eabi/7.3.1/../../../../arm-none-eabi/lib/thumb/v7-m\libc_nano.a(lib_a-mprec.o)
 .rodata._svfprintf_r.str1.1
                0x000000000800b484       0x11 c:/st/stm32cubeide_1.4.0/stm32cubeide/plugins/com.st.stm32cube.ide.mcu.externaltools.gnu-tools-for-stm32.7-2018-q2-update.win32_1.4.0.202007081208/tools/bin/../lib/gcc/arm-none-eabi/7.3.1/../../../../arm-none-eabi/lib/thumb/v7-m\libc_nano.a(lib_a-nano-svfprintf.o)
 .rodata.__ssvfscanf_r.str1.1
                0x000000000800b495        0x4 c:/st/stm32cubeide_1.4.0/stm32cubeide/plugins/com.st.stm32cube.ide.mcu.externaltools.gnu-tools-for-stm32.7-2018-q2-update.win32_1.4.0.202007081208/tools/bin/../lib/gcc/arm-none-eabi/7.3.1/../../../../arm-none-eabi/lib/thumb/v7-m\libc_nano.a(lib_a-nano-svfscanf.o)
 .rodata._scanf_i.str1.1
                0x000000000800b495       0x12 c:/st/stm32cubeide_1.4.0/stm32cubeide/plugins/com.st.stm32cube.ide.mcu.externaltools.gnu-tools-for-stm32.7-2018-q2-update.win32_1.4.0.202007081208/tools/bin/../lib/gcc/arm-none-eabi/7.3.1/../../../../arm-none-eabi/lib/thumb/v7-m\libc_nano.a(lib_a-nano-vfscanf_i.o)
 .rodata.str1.1
                0x000000000800b4a7        0x9 c:/st/stm32cubeide_1.4.0/stm32cubeide/plugins/com.st.stm32cube.ide.mcu.externaltools.gnu-tools-for-stm32.7-2018-q2-update.win32_1.4.0.202007081208/tools/bin/../lib/gcc/arm-none-eabi/7.3.1/../../../../arm-none-eabi/lib/thumb/v7-m\libc_nano.a(lib_a-nano-vfscanf_i.o)
 .rodata.log.str1.1
                0x000000000800b4b0        0x4 c:/st/stm32cubeide_1.4.0/stm32cubeide/plugins/com.st.stm32cube.ide.mcu.externaltools.gnu-tools-for-stm32.7-2018-q2-update.win32_1.4.0.202007081208/tools/bin/../lib/gcc/arm-none-eabi/7.3.1/../../../../arm-none-eabi/lib/thumb/v7-m\libm.a(lib_a-w_log.o)
                                          0x5 (size before relaxing)
                0x000000000800b4b4                . = ALIGN (0x4)

.rel.dyn        0x000000000800b4b4        0x0
 .rel.iplt      0x000000000800b4b4        0x0 c:/st/stm32cubeide_1.4.0/stm32cubeide/plugins/com.st.stm32cube.ide.mcu.externaltools.gnu-tools-for-stm32.7-2018-q2-update.win32_1.4.0.202007081208/tools/bin/../lib/gcc/arm-none-eabi/7.3.1/thumb/v7-m/crtbegin.o

.ARM.extab      0x000000000800b4b4        0x0
                0x000000000800b4b4                . = ALIGN (0x4)
 *(.ARM.extab* .gnu.linkonce.armextab.*)
                0x000000000800b4b4                . = ALIGN (0x4)

.ARM            0x000000000800b4b4        0x0
                0x000000000800b4b4                . = ALIGN (0x4)
                0x000000000800b4b4                __exidx_start = .
 *(.ARM.exidx*)
                0x000000000800b4b4                __exidx_end = .
                0x000000000800b4b4                . = ALIGN (0x4)

.preinit_array  0x000000000800b4b4        0x0
                0x000000000800b4b4                . = ALIGN (0x4)
                0x000000000800b4b4                PROVIDE (__preinit_array_start = .)
 *(.preinit_array*)
                0x000000000800b4b4                PROVIDE (__preinit_array_end = .)
                0x000000000800b4b4                . = ALIGN (0x4)

.init_array     0x000000000800b4b4        0x4
                0x000000000800b4b4                . = ALIGN (0x4)
                0x000000000800b4b4                PROVIDE (__init_array_start = .)
 *(SORT_BY_NAME(.init_array.*))
 *(.init_array*)
 .init_array    0x000000000800b4b4        0x4 c:/st/stm32cubeide_1.4.0/stm32cubeide/plugins/com.st.stm32cube.ide.mcu.externaltools.gnu-tools-for-stm32.7-2018-q2-update.win32_1.4.0.202007081208/tools/bin/../lib/gcc/arm-none-eabi/7.3.1/thumb/v7-m/crtbegin.o
                0x000000000800b4b8                PROVIDE (__init_array_end = .)
                0x000000000800b4b8                . = ALIGN (0x4)

.fini_array     0x000000000800b4b8        0x4
                0x000000000800b4b8                . = ALIGN (0x4)
                [!provide]                        PROVIDE (__fini_array_start = .)
 *(SORT_BY_NAME(.fini_array.*))
 *(.fini_array*)
 .fini_array    0x000000000800b4b8        0x4 c:/st/stm32cubeide_1.4.0/stm32cubeide/plugins/com.st.stm32cube.ide.mcu.externaltools.gnu-tools-for-stm32.7-2018-q2-update.win32_1.4.0.202007081208/tools/bin/../lib/gcc/arm-none-eabi/7.3.1/thumb/v7-m/crtbegin.o
                [!provide]                        PROVIDE (__fini_array_end = .)
                0x000000000800b4bc                . = ALIGN (0x4)
                0x000000000800b4bc                _sidata = LOADADDR (.data)

.data           0x0000000020000000      0x1ec load address 0x000000000800b4bc
                0x0000000020000000                . = ALIGN (0x4)
                0x0000000020000000                _sdata = .
 *(.data)
 *(.data*)
 .data.global_hooks
                0x0000000020000000        0xc Libs/cJson/cJson.o
 .data.delayFlag
                0x000000002000000c        0x1 MCAL/TIM/TIM.o
                0x000000002000000c                delayFlag
 *fill*         0x000000002000000d        0x3 
 .data.uxTopUsedPriority
                0x0000000020000010        0x4 Middlewares/freeRTOS/tasks.o
                0x0000000020000010                uxTopUsedPriority
 .data.uxCriticalNesting
                0x0000000020000014        0x4 Middlewares/freeRTOS/portable/GCC/ARM_CM3/port.o
 .data._impure_ptr
                0x0000000020000018        0x4 c:/st/stm32cubeide_1.4.0/stm32cubeide/plugins/com.st.stm32cube.ide.mcu.externaltools.gnu-tools-for-stm32.7-2018-q2-update.win32_1.4.0.202007081208/tools/bin/../lib/gcc/arm-none-eabi/7.3.1/../../../../arm-none-eabi/lib/thumb/v7-m\libc_nano.a(lib_a-impure.o)
                0x0000000020000018                _impure_ptr
 .data.impure_data
                0x000000002000001c       0x60 c:/st/stm32cubeide_1.4.0/stm32cubeide/plugins/com.st.stm32cube.ide.mcu.externaltools.gnu-tools-for-stm32.7-2018-q2-update.win32_1.4.0.202007081208/tools/bin/../lib/gcc/arm-none-eabi/7.3.1/../../../../arm-none-eabi/lib/thumb/v7-m\libc_nano.a(lib_a-impure.o)
 .data.__global_locale
                0x000000002000007c      0x16c c:/st/stm32cubeide_1.4.0/stm32cubeide/plugins/com.st.stm32cube.ide.mcu.externaltools.gnu-tools-for-stm32.7-2018-q2-update.win32_1.4.0.202007081208/tools/bin/../lib/gcc/arm-none-eabi/7.3.1/../../../../arm-none-eabi/lib/thumb/v7-m\libc_nano.a(lib_a-locale.o)
                0x000000002000007c                __global_locale
 .data.__fdlib_version
                0x00000000200001e8        0x1 c:/st/stm32cubeide_1.4.0/stm32cubeide/plugins/com.st.stm32cube.ide.mcu.externaltools.gnu-tools-for-stm32.7-2018-q2-update.win32_1.4.0.202007081208/tools/bin/../lib/gcc/arm-none-eabi/7.3.1/../../../../arm-none-eabi/lib/thumb/v7-m\libm.a(lib_a-s_lib_ver.o)
                0x00000000200001e8                __fdlib_version
                0x00000000200001ec                . = ALIGN (0x4)
 *fill*         0x00000000200001e9        0x3 
                0x00000000200001ec                _edata = .

.igot.plt       0x00000000200001ec        0x0 load address 0x000000000800b6a8
 .igot.plt      0x00000000200001ec        0x0 c:/st/stm32cubeide_1.4.0/stm32cubeide/plugins/com.st.stm32cube.ide.mcu.externaltools.gnu-tools-for-stm32.7-2018-q2-update.win32_1.4.0.202007081208/tools/bin/../lib/gcc/arm-none-eabi/7.3.1/thumb/v7-m/crtbegin.o
                0x00000000200001ec                . = ALIGN (0x4)

.bss            0x00000000200001ec     0x3264 load address 0x000000000800b6a8
                0x00000000200001ec                _sbss = .
                0x00000000200001ec                __bss_start__ = _sbss
 *(.bss)
 .bss           0x00000000200001ec       0x1c c:/st/stm32cubeide_1.4.0/stm32cubeide/plugins/com.st.stm32cube.ide.mcu.externaltools.gnu-tools-for-stm32.7-2018-q2-update.win32_1.4.0.202007081208/tools/bin/../lib/gcc/arm-none-eabi/7.3.1/thumb/v7-m/crtbegin.o
 *(.bss*)
 .bss.global_error
                0x0000000020000208        0x8 Libs/cJson/cJson.o
 .bss.overflowTimsTIM4
                0x0000000020000210        0x2 MCAL/TIM/TIM.o
                0x0000000020000210                overflowTimsTIM4
 .bss.overflowTimsTIM3
                0x0000000020000212        0x2 MCAL/TIM/TIM.o